Archive member included to satisfy reference by file (symbol)

/usr/lib/gcc/arm-none-eabi/10.3.1/thumb/v6-m/nofp/libgcc.a(_dvmd_tls.o)
                              CMakeFiles/read_max30003.dir/home/prem/pico/pico-sdk/src/rp2_common/pico_divider/divider.S.obj (__aeabi_idiv0)
/usr/lib/gcc/arm-none-eabi/10.3.1/../../../arm-none-eabi/lib/thumb/v6-m/nofp/libg.a(lib_a-atexit.o)
                              /usr/lib/gcc/arm-none-eabi/10.3.1/../../../arm-none-eabi/lib/thumb/v6-m/nofp/crt0.o (atexit)
/usr/lib/gcc/arm-none-eabi/10.3.1/../../../arm-none-eabi/lib/thumb/v6-m/nofp/libg.a(lib_a-calloc.o)
                              CMakeFiles/read_max30003.dir/home/prem/pico/pico-sdk/src/rp2_common/pico_malloc/pico_malloc.c.obj (calloc)
/usr/lib/gcc/arm-none-eabi/10.3.1/../../../arm-none-eabi/lib/thumb/v6-m/nofp/libg.a(lib_a-callocr.o)
                              /usr/lib/gcc/arm-none-eabi/10.3.1/../../../arm-none-eabi/lib/thumb/v6-m/nofp/libg.a(lib_a-calloc.o) (_calloc_r)
/usr/lib/gcc/arm-none-eabi/10.3.1/../../../arm-none-eabi/lib/thumb/v6-m/nofp/libg.a(lib_a-fini.o)
                              /usr/lib/gcc/arm-none-eabi/10.3.1/../../../arm-none-eabi/lib/thumb/v6-m/nofp/crt0.o (__libc_fini_array)
/usr/lib/gcc/arm-none-eabi/10.3.1/../../../arm-none-eabi/lib/thumb/v6-m/nofp/libg.a(lib_a-impure.o)
                              /usr/lib/gcc/arm-none-eabi/10.3.1/../../../arm-none-eabi/lib/thumb/v6-m/nofp/libg.a(lib_a-calloc.o) (_impure_ptr)
/usr/lib/gcc/arm-none-eabi/10.3.1/../../../arm-none-eabi/lib/thumb/v6-m/nofp/libg.a(lib_a-init.o)
                              /usr/lib/gcc/arm-none-eabi/10.3.1/../../../arm-none-eabi/lib/thumb/v6-m/nofp/crt0.o (__libc_init_array)
/usr/lib/gcc/arm-none-eabi/10.3.1/../../../arm-none-eabi/lib/thumb/v6-m/nofp/libg.a(lib_a-malloc.o)
                              CMakeFiles/read_max30003.dir/home/prem/pico/pico-sdk/src/rp2_common/pico_malloc/pico_malloc.c.obj (malloc)
/usr/lib/gcc/arm-none-eabi/10.3.1/../../../arm-none-eabi/lib/thumb/v6-m/nofp/libg.a(lib_a-mallocr.o)
                              /usr/lib/gcc/arm-none-eabi/10.3.1/../../../arm-none-eabi/lib/thumb/v6-m/nofp/libg.a(lib_a-callocr.o) (_malloc_r)
/usr/lib/gcc/arm-none-eabi/10.3.1/../../../arm-none-eabi/lib/thumb/v6-m/nofp/libg.a(lib_a-mlock.o)
                              /usr/lib/gcc/arm-none-eabi/10.3.1/../../../arm-none-eabi/lib/thumb/v6-m/nofp/libg.a(lib_a-mallocr.o) (__malloc_lock)
/usr/lib/gcc/arm-none-eabi/10.3.1/../../../arm-none-eabi/lib/thumb/v6-m/nofp/libg.a(lib_a-realloc.o)
                              CMakeFiles/read_max30003.dir/home/prem/pico/pico-sdk/src/rp2_common/pico_malloc/pico_malloc.c.obj (realloc)
/usr/lib/gcc/arm-none-eabi/10.3.1/../../../arm-none-eabi/lib/thumb/v6-m/nofp/libg.a(lib_a-reallocr.o)
                              /usr/lib/gcc/arm-none-eabi/10.3.1/../../../arm-none-eabi/lib/thumb/v6-m/nofp/libg.a(lib_a-realloc.o) (_realloc_r)
/usr/lib/gcc/arm-none-eabi/10.3.1/../../../arm-none-eabi/lib/thumb/v6-m/nofp/libg.a(lib_a-sbrkr.o)
                              /usr/lib/gcc/arm-none-eabi/10.3.1/../../../arm-none-eabi/lib/thumb/v6-m/nofp/libg.a(lib_a-mallocr.o) (_sbrk_r)
/usr/lib/gcc/arm-none-eabi/10.3.1/../../../arm-none-eabi/lib/thumb/v6-m/nofp/libg.a(lib_a-strlen-stub.o)
                              CMakeFiles/read_max30003.dir/home/prem/pico/pico-sdk/src/rp2_common/pico_stdio/stdio.c.obj (strlen)
/usr/lib/gcc/arm-none-eabi/10.3.1/../../../arm-none-eabi/lib/thumb/v6-m/nofp/libg.a(lib_a-__atexit.o)
                              /usr/lib/gcc/arm-none-eabi/10.3.1/../../../arm-none-eabi/lib/thumb/v6-m/nofp/libg.a(lib_a-atexit.o) (__register_exitproc)
/usr/lib/gcc/arm-none-eabi/10.3.1/../../../arm-none-eabi/lib/thumb/v6-m/nofp/libg.a(lib_a-freer.o)
                              /usr/lib/gcc/arm-none-eabi/10.3.1/../../../arm-none-eabi/lib/thumb/v6-m/nofp/libg.a(lib_a-malloc.o) (_free_r)
/usr/lib/gcc/arm-none-eabi/10.3.1/../../../arm-none-eabi/lib/thumb/v6-m/nofp/libg.a(lib_a-memmove.o)
                              /usr/lib/gcc/arm-none-eabi/10.3.1/../../../arm-none-eabi/lib/thumb/v6-m/nofp/libg.a(lib_a-reallocr.o) (memmove)
/usr/lib/gcc/arm-none-eabi/10.3.1/../../../arm-none-eabi/lib/thumb/v6-m/nofp/libg.a(lib_a-reent.o)
                              /usr/lib/gcc/arm-none-eabi/10.3.1/../../../arm-none-eabi/lib/thumb/v6-m/nofp/libg.a(lib_a-sbrkr.o) (errno)

Discarded input sections

 .text          0x0000000000000000        0x0 /usr/lib/gcc/arm-none-eabi/10.3.1/thumb/v6-m/nofp/crti.o
 .data          0x0000000000000000        0x0 /usr/lib/gcc/arm-none-eabi/10.3.1/thumb/v6-m/nofp/crti.o
 .bss           0x0000000000000000        0x0 /usr/lib/gcc/arm-none-eabi/10.3.1/thumb/v6-m/nofp/crti.o
 .data          0x0000000000000000        0x4 /usr/lib/gcc/arm-none-eabi/10.3.1/thumb/v6-m/nofp/crtbegin.o
 .rodata        0x0000000000000000       0x24 /usr/lib/gcc/arm-none-eabi/10.3.1/thumb/v6-m/nofp/crtbegin.o
[...]
Memory Configuration

Name             Origin             Length             Attributes
FLASH            0x0000000010000000 0x0000000000200000 xr
RAM              0x0000000020000000 0x0000000000040000 xrw
SCRATCH_X        0x0000000020040000 0x0000000000001000 xrw
SCRATCH_Y        0x0000000020041000 0x0000000000001000 xrw
*default*        0x0000000000000000 0xffffffffffffffff

Linker script and memory map

LOAD /usr/lib/gcc/arm-none-eabi/10.3.1/thumb/v6-m/nofp/crti.o
LOAD /usr/lib/gcc/arm-none-eabi/10.3.1/thumb/v6-m/nofp/crtbegin.o
LOAD /usr/lib/gcc/arm-none-eabi/10.3.1/../../../arm-none-eabi/lib/thumb/v6-m/nofp/crt0.o

.flash_begin    0x0000000010000000        0x0
                0x0000000010000000                __flash_binary_start = .

.boot2          0x0000000010000000      0x100
                0x0000000010000000                __boot2_start__ = .
 *(.boot2)
 .boot2         0x0000000010000000      0x100 /tmp/ccsZoy4B.o
                0x0000000010000100                __boot2_end__ = .
                0x0000000000000001                ASSERT (((__boot2_end__ - __boot2_start__) == 0x100), ERROR: Pico second stage bootloader must be 256 bytes in size)

.text           0x0000000010000100     0x5130
                0x0000000010000100                __logical_binary_start = .
 *(.vectors)
 .vectors       0x0000000010000100       0xd4 CMakeFiles/read_max30003.dir/home/prem/pico/pico-sdk/src/rp2_common/pico_standard_link/crt0.S.obj
                0x0000000010000100                __vectors
                0x0000000010000100                __VECTOR_TABLE
                0x00000000100001c0                isr_invalid
                0x00000000100001c0                __default_isrs_start
                0x00000000100001c2                isr_nmi
                0x00000000100001c4                isr_hardfault
                0x00000000100001c6                isr_svcall
                0x00000000100001c8                isr_pendsv
                0x00000000100001ca                isr_systick
                0x00000000100001cc                isr_irq30
                0x00000000100001cc                __unhandled_user_irq
                0x00000000100001cc                isr_irq13
                0x00000000100001cc                isr_irq27
                0x00000000100001cc                isr_irq31
                0x00000000100001cc                isr_irq5
                0x00000000100001cc                isr_irq11
                0x00000000100001cc                isr_irq23
                0x00000000100001cc                isr_irq18
                0x00000000100001cc                isr_irq28
                0x00000000100001cc                isr_irq19
                0x00000000100001cc                isr_irq0
                0x00000000100001cc                isr_irq6
                0x00000000100001cc                isr_irq22
                0x00000000100001cc                isr_irq17
                0x00000000100001cc                isr_irq14
                0x00000000100001cc                isr_irq2
                0x00000000100001cc                isr_irq10
                0x00000000100001cc                isr_irq8
                0x00000000100001cc                isr_irq24
                0x00000000100001cc                isr_irq1
                0x00000000100001cc                isr_irq7
                0x00000000100001cc                isr_irq21
                0x00000000100001cc                isr_irq20
                0x00000000100001cc                isr_irq15
                0x00000000100001cc                isr_irq25
                0x00000000100001cc                isr_irq4
                0x00000000100001cc                isr_irq16
                0x00000000100001cc                isr_irq29
                0x00000000100001cc                isr_irq26
                0x00000000100001cc                __default_isrs_end
                0x00000000100001cc                isr_irq3
                0x00000000100001cc                isr_irq12
                0x00000000100001cc                isr_irq9
                0x00000000100001d2                unhandled_user_irq_num_in_r0
 *(.binary_info_header)
 .binary_info_header
                0x00000000100001d4       0x14 CMakeFiles/read_max30003.dir/home/prem/pico/pico-sdk/src/rp2_common/pico_standard_link/crt0.S.obj
                0x00000000100001e8                __binary_info_header_end = .
 *(.reset)
 .reset         0x00000000100001e8       0xa0 CMakeFiles/read_max30003.dir/home/prem/pico/pico-sdk/src/rp2_common/pico_standard_link/crt0.S.obj
                0x00000000100001e8                _entry_point
 .reset         0x0000000010000288       0x30 CMakeFiles/read_max30003.dir/home/prem/pico/pico-sdk/src/rp2_common/pico_standard_link/binary_info.c.obj
 *(.init)
 .init          0x00000000100002b8        0x4 /usr/lib/gcc/arm-none-eabi/10.3.1/thumb/v6-m/nofp/crti.o
                0x00000000100002b8                _init
 *(EXCLUDE_FILE(*libm.a: *libc.a:*lib_a-mem*.o *libgcc.a:) .text*)
 .text          0x00000000100002bc       0x98 /usr/lib/gcc/arm-none-eabi/10.3.1/thumb/v6-m/nofp/crtbegin.o
 .text._Z15max3003CallBackl20MAX30003CallBackType
                0x0000000010000354       0x24 CMakeFiles/read_max30003.dir/read_max30003.cpp.obj
                0x0000000010000354                max3003CallBack(long, MAX30003CallBackType)
 .text._ZN8MAX30003C2EiP8spi_instPFvl20MAX30003CallBackTypeE
                0x0000000010000378        0x8 CMakeFiles/read_max30003.dir/read_max30003.cpp.obj
                0x0000000010000378                MAX30003::MAX30003(int, spi_inst*, void (*)(long, MAX30003CallBackType))
                0x0000000010000378                MAX30003::MAX30003(int, spi_inst*, void (*)(long, MAX30003CallBackType))
 .text._Z41__static_initialization_and_destruction_0ii
                0x0000000010000380       0x2c CMakeFiles/read_max30003.dir/read_max30003.cpp.obj
 .text._ZN8MAX3000311cs_deselectEv
                0x00000000100003ac        0xe CMakeFiles/read_max30003.dir/read_max30003.cpp.obj
                0x00000000100003ac                MAX30003::cs_deselect()
 .text._ZN8MAX300039cs_selectEv
                0x00000000100003ba        0xe CMakeFiles/read_max30003.dir/read_max30003.cpp.obj
                0x00000000100003ba                MAX30003::cs_select()
 .text._ZN8MAX3000314read_registersEhPhi
                0x00000000100003c8       0x3a CMakeFiles/read_max30003.dir/read_max30003.cpp.obj
                0x00000000100003c8                MAX30003::read_registers(unsigned char, unsigned char*, int)
 .text._ZN8MAX3000316max30003RegWriteEhm
                0x0000000010000402       0x2e CMakeFiles/read_max30003.dir/read_max30003.cpp.obj
                0x0000000010000402                MAX30003::max30003RegWrite(unsigned char, unsigned long)
 .text._ZN8MAX3000323max30003SetsamplingRateEt
                0x0000000010000430       0x70 CMakeFiles/read_max30003.dir/read_max30003.cpp.obj
                0x0000000010000430                MAX30003::max30003SetsamplingRate(unsigned short)
 .text._ZN8MAX3000313max30003BeginEv
                0x00000000100004a0       0x94 CMakeFiles/read_max30003.dir/read_max30003.cpp.obj
                0x00000000100004a0                MAX30003::max30003Begin()
 .text._ZN8MAX3000310getHRandRREv
                0x0000000010000534       0x6c CMakeFiles/read_max30003.dir/read_max30003.cpp.obj
                0x0000000010000534                MAX30003::getHRandRR()
 .text._ZN8MAX3000313getEcgSamplesEv
                0x00000000100005a0       0x74 CMakeFiles/read_max30003.dir/read_max30003.cpp.obj
                0x00000000100005a0                MAX30003::getEcgSamples()
 .text._ZN8MAX3000316max30003ReadInfoEv
                0x0000000010000614       0x24 CMakeFiles/read_max30003.dir/read_max30003.cpp.obj
                0x0000000010000614                MAX30003::max30003ReadInfo()
 .text._ZN8MAX3000310readStatusEPh
                0x0000000010000638        0xe CMakeFiles/read_max30003.dir/read_max30003.cpp.obj
                0x0000000010000638                MAX30003::readStatus(unsigned char*)
 *fill*         0x0000000010000646        0x2 
 .text._ZN8MAX3000312setIntrupptsEv
                0x0000000010000648       0x3c CMakeFiles/read_max30003.dir/read_max30003.cpp.obj
                0x0000000010000648                MAX30003::setIntruppts()
 .text._ZN8MAX3000312readIntrupptEv
                0x0000000010000684       0x68 CMakeFiles/read_max30003.dir/read_max30003.cpp.obj
                0x0000000010000684                MAX30003::readIntruppt()
 .text._ZN8MAX3000323getDataIntrupptCallbackEv
                0x00000000100006ec       0x48 CMakeFiles/read_max30003.dir/read_max30003.cpp.obj
                0x00000000100006ec                MAX30003::getDataIntrupptCallback()
 .text._Z16max30003Intrupptjm
                0x0000000010000734       0x10 CMakeFiles/read_max30003.dir/read_max30003.cpp.obj
                0x0000000010000734                max30003Intruppt(unsigned int, unsigned long)
 .text._Z21initiaLizeMAX30003SPIv
                0x0000000010000744       0x7c CMakeFiles/read_max30003.dir/read_max30003.cpp.obj
                0x0000000010000744                initiaLizeMAX30003SPI()
 .text.main     0x00000000100007c0       0x58 CMakeFiles/read_max30003.dir/read_max30003.cpp.obj
                0x00000000100007c0                main
 .text._GLOBAL__sub_I__ZN8MAX30003C2EiP8spi_instPFvl20MAX30003CallBackTypeE
                0x0000000010000818       0x10 CMakeFiles/read_max30003.dir/read_max30003.cpp.obj
 .text.gpio_set_function
                0x0000000010000828       0x30 CMakeFiles/read_max30003.dir/home/prem/pico/pico-sdk/src/rp2_common/hardware_gpio/gpio.c.obj
                0x0000000010000828                gpio_set_function
 .text.gpio_set_pulls
                0x0000000010000858       0x34 CMakeFiles/read_max30003.dir/home/prem/pico/pico-sdk/src/rp2_common/hardware_gpio/gpio.c.obj
                0x0000000010000858                gpio_set_pulls
 .text.gpio_set_irq_callback
                0x000000001000088c       0x48 CMakeFiles/read_max30003.dir/home/prem/pico/pico-sdk/src/rp2_common/hardware_gpio/gpio.c.obj
                0x000000001000088c                gpio_set_irq_callback
 .text.gpio_acknowledge_irq
                0x00000000100008d4       0x18 CMakeFiles/read_max30003.dir/home/prem/pico/pico-sdk/src/rp2_common/hardware_gpio/gpio.c.obj
                0x00000000100008d4                gpio_acknowledge_irq
 .text._gpio_set_irq_enabled
                0x00000000100008ec       0x34 CMakeFiles/read_max30003.dir/home/prem/pico/pico-sdk/src/rp2_common/hardware_gpio/gpio.c.obj
 .text.gpio_set_irq_enabled
                0x0000000010000920       0x20 CMakeFiles/read_max30003.dir/home/prem/pico/pico-sdk/src/rp2_common/hardware_gpio/gpio.c.obj
                0x0000000010000920                gpio_set_irq_enabled
 .text.gpio_set_irq_enabled_with_callback
                0x0000000010000940       0x20 CMakeFiles/read_max30003.dir/home/prem/pico/pico-sdk/src/rp2_common/hardware_gpio/gpio.c.obj
                0x0000000010000940                gpio_set_irq_enabled_with_callback
 .text.gpio_default_irq_handler
                0x0000000010000960       0x98 CMakeFiles/read_max30003.dir/home/prem/pico/pico-sdk/src/rp2_common/hardware_gpio/gpio.c.obj
 .text.gpio_init
                0x00000000100009f8       0x16 CMakeFiles/read_max30003.dir/home/prem/pico/pico-sdk/src/rp2_common/hardware_gpio/gpio.c.obj
                0x00000000100009f8                gpio_init
 *fill*         0x0000000010000a0e        0x2 
 .text.running_on_fpga
                0x0000000010000a10       0x14 CMakeFiles/read_max30003.dir/home/prem/pico/pico-sdk/src/rp2_common/pico_platform/platform.c.obj
                0x0000000010000a10                running_on_fpga
 .text.hw_claim_lock
                0x0000000010000a24       0x18 CMakeFiles/read_max30003.dir/home/prem/pico/pico-sdk/src/rp2_common/hardware_claim/claim.c.obj
                0x0000000010000a24                hw_claim_lock
 .text.hw_claim_unlock
                0x0000000010000a3c       0x14 CMakeFiles/read_max30003.dir/home/prem/pico/pico-sdk/src/rp2_common/hardware_claim/claim.c.obj
                0x0000000010000a3c                hw_claim_unlock
 .text.hw_claim_or_assert
                0x0000000010000a50       0x32 CMakeFiles/read_max30003.dir/home/prem/pico/pico-sdk/src/rp2_common/hardware_claim/claim.c.obj
                0x0000000010000a50                hw_claim_or_assert
 *fill*         0x0000000010000a82        0x2 
 .text.spin_locks_reset
                0x0000000010000a84       0x20 CMakeFiles/read_max30003.dir/home/prem/pico/pico-sdk/src/rp2_common/hardware_sync/sync.c.obj
                0x0000000010000a84                spin_locks_reset
 .text.next_striped_spin_lock_num
                0x0000000010000aa4       0x1c CMakeFiles/read_max30003.dir/home/prem/pico/pico-sdk/src/rp2_common/hardware_sync/sync.c.obj
                0x0000000010000aa4                next_striped_spin_lock_num
 .text.set_raw_irq_handler_and_unlock
                0x0000000010000ac0       0x28 CMakeFiles/read_max30003.dir/home/prem/pico/pico-sdk/src/rp2_common/hardware_irq/irq.c.obj
 .text.make_branch
                0x0000000010000ae8       0x48 CMakeFiles/read_max30003.dir/home/prem/pico/pico-sdk/src/rp2_common/hardware_irq/irq.c.obj
 .text.insert_branch_and_link
                0x0000000010000b30       0x40 CMakeFiles/read_max30003.dir/home/prem/pico/pico-sdk/src/rp2_common/hardware_irq/irq.c.obj
 .text.irq_is_enabled
                0x0000000010000b70       0x18 CMakeFiles/read_max30003.dir/home/prem/pico/pico-sdk/src/rp2_common/hardware_irq/irq.c.obj
                0x0000000010000b70                irq_is_enabled
 .text.irq_set_mask_enabled
                0x0000000010000b88       0x20 CMakeFiles/read_max30003.dir/home/prem/pico/pico-sdk/src/rp2_common/hardware_irq/irq.c.obj
                0x0000000010000b88                irq_set_mask_enabled
 .text.irq_set_enabled
                0x0000000010000ba8        0xe CMakeFiles/read_max30003.dir/home/prem/pico/pico-sdk/src/rp2_common/hardware_irq/irq.c.obj
                0x0000000010000ba8                irq_set_enabled
 *fill*         0x0000000010000bb6        0x2 
 .text.irq_get_vtable_handler
                0x0000000010000bb8       0x10 CMakeFiles/read_max30003.dir/home/prem/pico/pico-sdk/src/rp2_common/hardware_irq/irq.c.obj
                0x0000000010000bb8                irq_get_vtable_handler
 .text.irq_set_exclusive_handler
                0x0000000010000bc8       0x54 CMakeFiles/read_max30003.dir/home/prem/pico/pico-sdk/src/rp2_common/hardware_irq/irq.c.obj
                0x0000000010000bc8                irq_set_exclusive_handler
 .text.irq_add_shared_handler
                0x0000000010000c1c      0x234 CMakeFiles/read_max30003.dir/home/prem/pico/pico-sdk/src/rp2_common/hardware_irq/irq.c.obj
                0x0000000010000c1c                irq_add_shared_handler
 .text.irq_remove_handler
                0x0000000010000e50      0x1ac CMakeFiles/read_max30003.dir/home/prem/pico/pico-sdk/src/rp2_common/hardware_irq/irq.c.obj
                0x0000000010000e50                irq_remove_handler
 .text.irq_add_tail_to_free_list
                0x0000000010000ffc       0xf0 CMakeFiles/read_max30003.dir/home/prem/pico/pico-sdk/src/rp2_common/hardware_irq/irq.c.obj
                0x0000000010000ffc                irq_add_tail_to_free_list
 .text.irq_init_priorities
                0x00000000100010ec       0x1c CMakeFiles/read_max30003.dir/home/prem/pico/pico-sdk/src/rp2_common/hardware_irq/irq.c.obj
                0x00000000100010ec                irq_init_priorities
 .text.lock_init
                0x0000000010001108       0x10 CMakeFiles/read_max30003.dir/home/prem/pico/pico-sdk/src/common/pico_sync/lock_core.c.obj
                0x0000000010001108                lock_init
 .text.mutex_init
                0x0000000010001118       0x1a CMakeFiles/read_max30003.dir/home/prem/pico/pico-sdk/src/common/pico_sync/mutex.c.obj
                0x0000000010001118                mutex_init
 .text.recursive_mutex_init
                0x0000000010001132       0x1e CMakeFiles/read_max30003.dir/home/prem/pico/pico-sdk/src/common/pico_sync/mutex.c.obj
                0x0000000010001132                recursive_mutex_init
 .text.alarm_pool_post_alloc_init
                0x0000000010001150       0x40 CMakeFiles/read_max30003.dir/home/prem/pico/pico-sdk/src/common/pico_time/time.c.obj
 .text.sleep_until_callback
                0x0000000010001190       0x30 CMakeFiles/read_max30003.dir/home/prem/pico/pico-sdk/src/common/pico_time/time.c.obj
 .text.timer_pool_entry_comparator
                0x00000000100011c0       0x7c CMakeFiles/read_max30003.dir/home/prem/pico/pico-sdk/src/common/pico_time/time.c.obj
                0x00000000100011c0                timer_pool_entry_comparator
 .text.ph_add_child_node
                0x000000001000123c       0xa4 CMakeFiles/read_max30003.dir/home/prem/pico/pico-sdk/src/common/pico_time/time.c.obj
 .text.ph_merge_nodes
                0x00000000100012e0       0x3e CMakeFiles/read_max30003.dir/home/prem/pico/pico-sdk/src/common/pico_time/time.c.obj
 *fill*         0x000000001000131e        0x2 
 .text.add_alarm_under_lock
                0x0000000010001320      0x174 CMakeFiles/read_max30003.dir/home/prem/pico/pico-sdk/src/common/pico_time/time.c.obj
 .text.alarm_pool_alarm_callback
                0x0000000010001494      0x33c CMakeFiles/read_max30003.dir/home/prem/pico/pico-sdk/src/common/pico_time/time.c.obj
 .text.alarm_pool_init_default
                0x00000000100017d0       0x40 CMakeFiles/read_max30003.dir/home/prem/pico/pico-sdk/src/common/pico_time/time.c.obj
                0x00000000100017d0                alarm_pool_init_default
 .text.alarm_pool_get_default
                0x0000000010001810       0x2c CMakeFiles/read_max30003.dir/home/prem/pico/pico-sdk/src/common/pico_time/time.c.obj
                0x0000000010001810                alarm_pool_get_default
 .text.alarm_pool_add_alarm_at
                0x000000001000183c      0x168 CMakeFiles/read_max30003.dir/home/prem/pico/pico-sdk/src/common/pico_time/time.c.obj
                0x000000001000183c                alarm_pool_add_alarm_at
 .text.alarm_pool_cancel_alarm
                0x00000000100019a4       0xf8 CMakeFiles/read_max30003.dir/home/prem/pico/pico-sdk/src/common/pico_time/time.c.obj
                0x00000000100019a4                alarm_pool_cancel_alarm
 .text.sleep_until
                0x0000000010001a9c       0xfc CMakeFiles/read_max30003.dir/home/prem/pico/pico-sdk/src/common/pico_time/time.c.obj
                0x0000000010001a9c                sleep_until
 .text.sleep_us
                0x0000000010001b98       0x58 CMakeFiles/read_max30003.dir/home/prem/pico/pico-sdk/src/common/pico_time/time.c.obj
                0x0000000010001b98                sleep_us
 .text.sleep_ms
                0x0000000010001bf0       0x14 CMakeFiles/read_max30003.dir/home/prem/pico/pico-sdk/src/common/pico_time/time.c.obj
                0x0000000010001bf0                sleep_ms
 .text.best_effort_wfe_or_timeout
                0x0000000010001c04       0xac CMakeFiles/read_max30003.dir/home/prem/pico/pico-sdk/src/common/pico_time/time.c.obj
                0x0000000010001c04                best_effort_wfe_or_timeout
 .text.hardware_alarm_irq_handler
                0x0000000010001cb0       0x90 CMakeFiles/read_max30003.dir/home/prem/pico/pico-sdk/src/rp2_common/hardware_timer/timer.c.obj
 .text.hardware_alarm_claim
                0x0000000010001d40       0x18 CMakeFiles/read_max30003.dir/home/prem/pico/pico-sdk/src/rp2_common/hardware_timer/timer.c.obj
                0x0000000010001d40                hardware_alarm_claim
 .text.time_us_64
                0x0000000010001d58       0x18 CMakeFiles/read_max30003.dir/home/prem/pico/pico-sdk/src/rp2_common/hardware_timer/timer.c.obj
                0x0000000010001d58                time_us_64
 .text.busy_wait_until
                0x0000000010001d70       0x28 CMakeFiles/read_max30003.dir/home/prem/pico/pico-sdk/src/rp2_common/hardware_timer/timer.c.obj
                0x0000000010001d70                busy_wait_until
 .text.busy_wait_us
                0x0000000010001d98       0x48 CMakeFiles/read_max30003.dir/home/prem/pico/pico-sdk/src/rp2_common/hardware_timer/timer.c.obj
                0x0000000010001d98                busy_wait_us
 .text.hardware_alarm_set_callback
                0x0000000010001de0       0x90 CMakeFiles/read_max30003.dir/home/prem/pico/pico-sdk/src/rp2_common/hardware_timer/timer.c.obj
                0x0000000010001de0                hardware_alarm_set_callback
 .text.hardware_alarm_set_target
                0x0000000010001e70       0xe8 CMakeFiles/read_max30003.dir/home/prem/pico/pico-sdk/src/rp2_common/hardware_timer/timer.c.obj
                0x0000000010001e70                hardware_alarm_set_target
 .text.hardware_alarm_cancel
                0x0000000010001f58       0x40 CMakeFiles/read_max30003.dir/home/prem/pico/pico-sdk/src/rp2_common/hardware_timer/timer.c.obj
                0x0000000010001f58                hardware_alarm_cancel
 .text.ph_add_child_node
                0x0000000010001f98       0xa4 CMakeFiles/read_max30003.dir/home/prem/pico/pico-sdk/src/common/pico_util/pheap.c.obj
 .text.ph_merge_nodes
                0x000000001000203c       0x3e CMakeFiles/read_max30003.dir/home/prem/pico/pico-sdk/src/common/pico_util/pheap.c.obj
 *fill*         0x000000001000207a        0x2 
 .text.ph_clear
                0x000000001000207c       0x70 CMakeFiles/read_max30003.dir/home/prem/pico/pico-sdk/src/common/pico_util/pheap.c.obj
                0x000000001000207c                ph_clear
 .text.ph_post_alloc_init
                0x00000000100020ec        0xe CMakeFiles/read_max30003.dir/home/prem/pico/pico-sdk/src/common/pico_util/pheap.c.obj
                0x00000000100020ec                ph_post_alloc_init
 *fill*         0x00000000100020fa        0x2 
 .text.ph_merge_two_pass
                0x00000000100020fc       0xa8 CMakeFiles/read_max30003.dir/home/prem/pico/pico-sdk/src/common/pico_util/pheap.c.obj
                0x00000000100020fc                ph_merge_two_pass
 .text.ph_remove_any_head
                0x00000000100021a4      0x128 CMakeFiles/read_max30003.dir/home/prem/pico/pico-sdk/src/common/pico_util/pheap.c.obj
 .text.ph_remove_head
                0x00000000100022cc       0x14 CMakeFiles/read_max30003.dir/home/prem/pico/pico-sdk/src/common/pico_util/pheap.c.obj
                0x00000000100022cc                ph_remove_head
 .text.ph_remove_and_free_node
                0x00000000100022e0       0xf8 CMakeFiles/read_max30003.dir/home/prem/pico/pico-sdk/src/common/pico_util/pheap.c.obj
                0x00000000100022e0                ph_remove_and_free_node
 .text.uart_disable_before_lcr_write
                0x00000000100023d8       0x48 CMakeFiles/read_max30003.dir/home/prem/pico/pico-sdk/src/rp2_common/hardware_uart/uart.c.obj
 .text.uart_write_lcr_bits_masked
                0x0000000010002420       0x22 CMakeFiles/read_max30003.dir/home/prem/pico/pico-sdk/src/rp2_common/hardware_uart/uart.c.obj
 *fill*         0x0000000010002442        0x2 
 .text.uart_set_baudrate
                0x0000000010002444       0x5c CMakeFiles/read_max30003.dir/home/prem/pico/pico-sdk/src/rp2_common/hardware_uart/uart.c.obj
                0x0000000010002444                uart_set_baudrate
 .text.uart_set_format
                0x00000000100024a0       0x2c CMakeFiles/read_max30003.dir/home/prem/pico/pico-sdk/src/rp2_common/hardware_uart/uart.c.obj
                0x00000000100024a0                uart_set_format
 .text.uart_set_translate_crlf
                0x00000000100024cc       0x28 CMakeFiles/read_max30003.dir/home/prem/pico/pico-sdk/src/rp2_common/hardware_uart/uart.c.obj
                0x00000000100024cc                uart_set_translate_crlf
 .text.uart_init
                0x00000000100024f4       0x80 CMakeFiles/read_max30003.dir/home/prem/pico/pico-sdk/src/rp2_common/hardware_uart/uart.c.obj
                0x00000000100024f4                uart_init
 .text.clock_configure
                0x0000000010002574      0x108 CMakeFiles/read_max30003.dir/home/prem/pico/pico-sdk/src/rp2_common/hardware_clocks/clocks.c.obj
                0x0000000010002574                clock_configure
 .text.clocks_init
                0x000000001000267c      0x100 CMakeFiles/read_max30003.dir/home/prem/pico/pico-sdk/src/rp2_common/hardware_clocks/clocks.c.obj
                0x000000001000267c                clocks_init
 .text.clock_get_hz
                0x000000001000277c        0xc CMakeFiles/read_max30003.dir/home/prem/pico/pico-sdk/src/rp2_common/hardware_clocks/clocks.c.obj
                0x000000001000277c                clock_get_hz
 .text.pll_init
                0x0000000010002788      0x120 CMakeFiles/read_max30003.dir/home/prem/pico/pico-sdk/src/rp2_common/hardware_pll/pll.c.obj
                0x0000000010002788                pll_init
 .text.watchdog_start_tick
                0x00000000100028a8       0x10 CMakeFiles/read_max30003.dir/home/prem/pico/pico-sdk/src/rp2_common/hardware_watchdog/watchdog.c.obj
                0x00000000100028a8                watchdog_start_tick
 .text.xosc_init
                0x00000000100028b8       0x28 CMakeFiles/read_max30003.dir/home/prem/pico/pico-sdk/src/rp2_common/hardware_xosc/xosc.c.obj
                0x00000000100028b8                xosc_init
 .text._exit    0x00000000100028e0        0x4 CMakeFiles/read_max30003.dir/home/prem/pico/pico-sdk/src/rp2_common/pico_runtime/runtime.c.obj
                0x00000000100028e0                _exit
 .text.exit     0x00000000100028e4        0x6 CMakeFiles/read_max30003.dir/home/prem/pico/pico-sdk/src/rp2_common/pico_runtime/runtime.c.obj
                0x00000000100028e4                exit
 *fill*         0x00000000100028ea        0x2 
 .text.__assert_func
                0x00000000100028ec       0x3c CMakeFiles/read_max30003.dir/home/prem/pico/pico-sdk/src/rp2_common/pico_runtime/runtime.c.obj
                0x00000000100028ec                __assert_func
 .text.runtime_init
                0x0000000010002928       0xf8 CMakeFiles/read_max30003.dir/home/prem/pico/pico-sdk/src/rp2_common/pico_runtime/runtime.c.obj
                0x0000000010002928                runtime_init
 .text.panic    0x0000000010002a20       0x30 CMakeFiles/read_max30003.dir/home/prem/pico/pico-sdk/src/rp2_common/pico_runtime/runtime.c.obj
                0x0000000010002a20                panic
 .text._out_null
                0x0000000010002a50        0x2 CMakeFiles/read_max30003.dir/home/prem/pico/pico-sdk/src/rp2_common/pico_printf/printf.c.obj
 .text._out_fct
                0x0000000010002a52        0xe CMakeFiles/read_max30003.dir/home/prem/pico/pico-sdk/src/rp2_common/pico_printf/printf.c.obj
 .text._atoi    0x0000000010002a60       0x24 CMakeFiles/read_max30003.dir/home/prem/pico/pico-sdk/src/rp2_common/pico_printf/printf.c.obj
 .text._out_rev
                0x0000000010002a84       0xae CMakeFiles/read_max30003.dir/home/prem/pico/pico-sdk/src/rp2_common/pico_printf/printf.c.obj
 .text._ntoa_format
                0x0000000010002b32      0x112 CMakeFiles/read_max30003.dir/home/prem/pico/pico-sdk/src/rp2_common/pico_printf/printf.c.obj
 .text._ntoa_long
                0x0000000010002c44       0xbc CMakeFiles/read_max30003.dir/home/prem/pico/pico-sdk/src/rp2_common/pico_printf/printf.c.obj
 .text._ntoa_long_long
                0x0000000010002d00       0xe2 CMakeFiles/read_max30003.dir/home/prem/pico/pico-sdk/src/rp2_common/pico_printf/printf.c.obj
 *fill*         0x0000000010002de2        0x2 
 .text._etoa    0x0000000010002de4      0x414 CMakeFiles/read_max30003.dir/home/prem/pico/pico-sdk/src/rp2_common/pico_printf/printf.c.obj
 .text._ftoa    0x00000000100031f8      0x354 CMakeFiles/read_max30003.dir/home/prem/pico/pico-sdk/src/rp2_common/pico_printf/printf.c.obj
 .text._vsnprintf
                0x000000001000354c      0x624 CMakeFiles/read_max30003.dir/home/prem/pico/pico-sdk/src/rp2_common/pico_printf/printf.c.obj
 .text.vfctprintf
                0x0000000010003b70       0x20 CMakeFiles/read_max30003.dir/home/prem/pico/pico-sdk/src/rp2_common/pico_printf/printf.c.obj
                0x0000000010003b70                vfctprintf
 .text          0x0000000010003b90       0x10 CMakeFiles/read_max30003.dir/home/prem/pico/pico-sdk/src/rp2_common/pico_bit_ops/bit_ops_aeabi.S.obj
 .text.rom_func_lookup
                0x0000000010003ba0       0x10 CMakeFiles/read_max30003.dir/home/prem/pico/pico-sdk/src/rp2_common/pico_bootrom/bootrom.c.obj
                0x0000000010003ba0                rom_func_lookup
 .text.rom_data_lookup
                0x0000000010003bb0       0x10 CMakeFiles/read_max30003.dir/home/prem/pico/pico-sdk/src/rp2_common/pico_bootrom/bootrom.c.obj
                0x0000000010003bb0                rom_data_lookup
 .text.rom_funcs_lookup
                0x0000000010003bc0       0x36 CMakeFiles/read_max30003.dir/home/prem/pico/pico-sdk/src/rp2_common/pico_bootrom/bootrom.c.obj
                0x0000000010003bc0                rom_funcs_lookup
 *fill*         0x0000000010003bf6        0x2 
 .text.__wrap___aeabi_idiv
                0x0000000010003bf8       0x50 CMakeFiles/read_max30003.dir/home/prem/pico/pico-sdk/src/rp2_common/pico_divider/divider.S.obj
                0x0000000010003bf8                __wrap___aeabi_idivmod
                0x0000000010003bf8                divmod_s32s32
                0x0000000010003bf8                div_s32s32
                0x0000000010003bf8                __wrap___aeabi_idiv
                0x0000000010003c00                divmod_s32s32_unsafe
                0x0000000010003c2c                divmod_s32s32_savestate
 .text.__wrap___aeabi_uidiv
                0x0000000010003c48       0x4c CMakeFiles/read_max30003.dir/home/prem/pico/pico-sdk/src/rp2_common/pico_divider/divider.S.obj
                0x0000000010003c48                __wrap___aeabi_uidiv
                0x0000000010003c48                __wrap___aeabi_uidivmod
                0x0000000010003c48                div_u32u32
                0x0000000010003c48                divmod_u32u32
                0x0000000010003c50                divmod_u32u32_unsafe
                0x0000000010003c78                divmod_u32u32_savestate
 .text.__wrap___aeabi_ldiv
                0x0000000010003c94      0x424 CMakeFiles/read_max30003.dir/home/prem/pico/pico-sdk/src/rp2_common/pico_divider/divider.S.obj
                0x0000000010003c94                div_s64s64
                0x0000000010003c94                divmod_s64s64
                0x0000000010003c94                __wrap___aeabi_ldivmod
                0x0000000010003cc4                div_u64u64
                0x0000000010003cc4                divmod_u64u64
                0x0000000010003cc4                __wrap___aeabi_uldivmod
                0x0000000010003cd4                divmod_u64u64_savestate
                0x0000000010003cf4                divmod_s64s64_unsafe
                0x0000000010003d7c                divmod_u64u64_unsafe
 .text.__wrap___aeabi_darithmetic
                0x00000000100040b8       0x80 CMakeFiles/read_max30003.dir/home/prem/pico/pico-sdk/src/rp2_common/pico_double/double_aeabi.S.obj
                0x00000000100040b8                __wrap___aeabi_drsub
                0x00000000100040be                __wrap___aeabi_dsub
                0x00000000100040d0                __wrap___aeabi_dadd
                0x00000000100040e2                __wrap___aeabi_ddiv
                0x000000001000411e                __wrap___aeabi_dmul
 .text.__wrap___aeabi_cdcmple
                0x0000000010004138       0x6c CMakeFiles/read_max30003.dir/home/prem/pico/pico-sdk/src/rp2_common/pico_double/double_aeabi.S.obj
                0x0000000010004138                __wrap___aeabi_cdrcmple
                0x0000000010004148                __wrap___aeabi_cdcmple
                0x0000000010004148                __wrap___aeabi_cdcmpeq
 .text.__wrap___aeabi_dcmplt
                0x00000000100041a4        0xc CMakeFiles/read_max30003.dir/home/prem/pico/pico-sdk/src/rp2_common/pico_double/double_aeabi.S.obj
                0x00000000100041a4                __wrap___aeabi_dcmplt
 .text.__wrap___aeabi_dcmple
                0x00000000100041b0       0x10 CMakeFiles/read_max30003.dir/home/prem/pico/pico-sdk/src/rp2_common/pico_double/double_aeabi.S.obj
                0x00000000100041b0                __wrap___aeabi_dcmple
 .text.__wrap___aeabi_dcmpge
                0x00000000100041c0       0x10 CMakeFiles/read_max30003.dir/home/prem/pico/pico-sdk/src/rp2_common/pico_double/double_aeabi.S.obj
                0x00000000100041c0                __wrap___aeabi_dcmpge
 .text.__wrap___aeabi_dcmpgt
                0x00000000100041d0        0xa CMakeFiles/read_max30003.dir/home/prem/pico/pico-sdk/src/rp2_common/pico_double/double_aeabi.S.obj
                0x00000000100041d0                __wrap___aeabi_dcmpgt
 .text.__wrap___aeabi_dcmpun
                0x00000000100041da       0x1c CMakeFiles/read_max30003.dir/home/prem/pico/pico-sdk/src/rp2_common/pico_double/double_aeabi.S.obj
                0x00000000100041da                __wrap___aeabi_dcmpun
 *fill*         0x00000000100041f6        0x2 
 .text.__wrap___aeabi_i2d
                0x00000000100041f8       0x38 CMakeFiles/read_max30003.dir/home/prem/pico/pico-sdk/src/rp2_common/pico_double/double_aeabi.S.obj
                0x00000000100041f8                __wrap___aeabi_ui2d
                0x0000000010004200                __wrap___aeabi_i2d
 .text.__wrap___aeabi_d2iz
                0x0000000010004230       0x48 CMakeFiles/read_max30003.dir/home/prem/pico/pico-sdk/src/rp2_common/pico_double/double_aeabi.S.obj
                0x0000000010004230                __wrap___aeabi_d2iz
                0x0000000010004230                double2int_z
 .text.__wrap___aeabi_d2uiz
                0x0000000010004278       0x18 CMakeFiles/read_max30003.dir/home/prem/pico/pico-sdk/src/rp2_common/pico_double/double_aeabi.S.obj
                0x0000000010004278                double2uint
                0x0000000010004278                __wrap___aeabi_d2uiz
 .text.__wrap___aeabi_d2f
                0x0000000010004290       0x18 CMakeFiles/read_max30003.dir/home/prem/pico/pico-sdk/src/rp2_common/pico_double/double_aeabi.S.obj
                0x0000000010004290                __wrap___aeabi_d2f
 .text.__aeabi_double_init
                0x00000000100042a8       0xc8 CMakeFiles/read_max30003.dir/home/prem/pico/pico-sdk/src/rp2_common/pico_double/double_init_rom.c.obj
                0x00000000100042a8                __aeabi_double_init
 .text.double_table_shim_on_use_helper
                0x0000000010004370       0x34 CMakeFiles/read_max30003.dir/home/prem/pico/pico-sdk/src/rp2_common/pico_double/double_v1_rom_shim.S.obj
                0x0000000010004370                double_table_shim_on_use_helper
 .text.__wrap___aeabi_dsub
                0x00000000100043a4       0x10 CMakeFiles/read_max30003.dir/home/prem/pico/pico-sdk/src/rp2_common/pico_double/double_v1_rom_shim.S.obj
                0x00000000100043a4                drsub_shim
                0x00000000100043aa                dsub_shim
 .text.dadd_shim
                0x00000000100043b4      0x15c CMakeFiles/read_max30003.dir/home/prem/pico/pico-sdk/src/rp2_common/pico_double/double_v1_rom_shim.S.obj
                0x00000000100043b4                dadd_shim
 .text.dmul_shim
                0x0000000010004510      0x15c CMakeFiles/read_max30003.dir/home/prem/pico/pico-sdk/src/rp2_common/pico_double/double_v1_rom_shim.S.obj
                0x0000000010004510                dmul_shim
 .text.ddiv_shim
                0x000000001000466c      0x1b0 CMakeFiles/read_max30003.dir/home/prem/pico/pico-sdk/src/rp2_common/pico_double/double_v1_rom_shim.S.obj
                0x000000001000466c                ddiv_shim
 .text.double2uint_shim
                0x000000001000481c        0xe CMakeFiles/read_max30003.dir/home/prem/pico/pico-sdk/src/rp2_common/pico_double/double_v1_rom_shim.S.obj
                0x000000001000481c                double2uint_shim
                0x000000001000481e                double2ufix_shim
 *fill*         0x000000001000482a        0x2 
 .text.double2uint64_shim
                0x000000001000482c       0x70 CMakeFiles/read_max30003.dir/home/prem/pico/pico-sdk/src/rp2_common/pico_double/double_v1_rom_shim.S.obj
                0x000000001000482c                double2uint64_shim
                0x000000001000482e                double2ufix64_shim
                0x000000001000484e                d2fix_a
 .text.double2float_shim
                0x000000001000489c       0x5c CMakeFiles/read_max30003.dir/home/prem/pico/pico-sdk/src/rp2_common/pico_double/double_v1_rom_shim.S.obj
                0x000000001000489c                double2float_shim
 .text.dunpacks
                0x00000000100048f8       0x3c CMakeFiles/read_max30003.dir/home/prem/pico/pico-sdk/src/rp2_common/pico_double/double_v1_rom_shim.S.obj
                0x00000000100048f8                dunpacks
 .text.__aeabi_lmul
                0x0000000010004934       0x32 CMakeFiles/read_max30003.dir/home/prem/pico/pico-sdk/src/rp2_common/pico_int64_ops/pico_int64_ops_aeabi.S.obj
                0x0000000010004934                __wrap___aeabi_lmul
 .text.__wrap___aeabi_ui2f
                0x0000000010004966        0xa CMakeFiles/read_max30003.dir/home/prem/pico/pico-sdk/src/rp2_common/pico_float/float_aeabi.S.obj
                0x0000000010004966                __wrap___aeabi_ui2f
 .text.__wrap___aeabi_i2f
                0x0000000010004970       0x44 CMakeFiles/read_max30003.dir/home/prem/pico/pico-sdk/src/rp2_common/pico_float/float_aeabi.S.obj
                0x0000000010004970                __wrap___aeabi_i2f
 .text.__wrap___aeabi_f2uiz
                0x00000000100049b4       0x10 CMakeFiles/read_max30003.dir/home/prem/pico/pico-sdk/src/rp2_common/pico_float/float_aeabi.S.obj
                0x00000000100049b4                __wrap___aeabi_f2uiz
 .text.__wrap___aeabi_f2d
                0x00000000100049c4       0x14 CMakeFiles/read_max30003.dir/home/prem/pico/pico-sdk/src/rp2_common/pico_float/float_aeabi.S.obj
                0x00000000100049c4                __wrap___aeabi_f2d
 .text.__aeabi_float_init
                0x00000000100049d8       0xfc CMakeFiles/read_max30003.dir/home/prem/pico/pico-sdk/src/rp2_common/pico_float/float_init_rom.c.obj
                0x00000000100049d8                __aeabi_float_init
 .text.float_table_shim_on_use_helper
                0x0000000010004ad4       0x34 CMakeFiles/read_max30003.dir/home/prem/pico/pico-sdk/src/rp2_common/pico_float/float_v1_rom_shim.S.obj
                0x0000000010004ad4                float_table_shim_on_use_helper
 .text.float2double_shim
                0x0000000010004b08       0x30 CMakeFiles/read_max30003.dir/home/prem/pico/pico-sdk/src/rp2_common/pico_float/float_v1_rom_shim.S.obj
                0x0000000010004b08                float2double_shim
 .text          0x0000000010004b38       0x10 CMakeFiles/read_max30003.dir/home/prem/pico/pico-sdk/src/rp2_common/pico_mem_ops/mem_ops_aeabi.S.obj
                0x0000000010004b38                __aeabi_mem_init
 .text.memcpy   0x0000000010004b48        0xc CMakeFiles/read_max30003.dir/home/prem/pico/pico-sdk/src/rp2_common/pico_mem_ops/mem_ops_aeabi.S.obj
                0x0000000010004b48                __wrap___aeabi_memcpy
                0x0000000010004b48                __wrap_memcpy
 .text.stdio_out_chars_no_crlf
                0x0000000010004b54        0xe CMakeFiles/read_max30003.dir/home/prem/pico/pico-sdk/src/rp2_common/pico_stdio/stdio.c.obj
 *fill*         0x0000000010004b62        0x2 
 .text.stdio_out_chars_crlf
                0x0000000010004b64       0x80 CMakeFiles/read_max30003.dir/home/prem/pico/pico-sdk/src/rp2_common/pico_stdio/stdio.c.obj
 .text.stdio_stack_buffer_flush
                0x0000000010004be4       0x44 CMakeFiles/read_max30003.dir/home/prem/pico/pico-sdk/src/rp2_common/pico_stdio/stdio.c.obj
 .text.stdio_buffered_printer
                0x0000000010004c28       0x20 CMakeFiles/read_max30003.dir/home/prem/pico/pico-sdk/src/rp2_common/pico_stdio/stdio.c.obj
 .text.stdout_serialize_begin
                0x0000000010004c48       0x5c CMakeFiles/read_max30003.dir/home/prem/pico/pico-sdk/src/rp2_common/pico_stdio/stdio.c.obj
                0x0000000010004c48                stdout_serialize_begin
 .text.stdout_serialize_end
                0x0000000010004ca4       0x10 CMakeFiles/read_max30003.dir/home/prem/pico/pico-sdk/src/rp2_common/pico_stdio/stdio.c.obj
                0x0000000010004ca4                stdout_serialize_end
 .text.stdio_put_string
                0x0000000010004cb4       0x98 CMakeFiles/read_max30003.dir/home/prem/pico/pico-sdk/src/rp2_common/pico_stdio/stdio.c.obj
 .text.stdio_set_driver_enabled
                0x0000000010004d4c       0x2c CMakeFiles/read_max30003.dir/home/prem/pico/pico-sdk/src/rp2_common/pico_stdio/stdio.c.obj
                0x0000000010004d4c                stdio_set_driver_enabled
 .text.stdio_flush
                0x0000000010004d78       0x20 CMakeFiles/read_max30003.dir/home/prem/pico/pico-sdk/src/rp2_common/pico_stdio/stdio.c.obj
                0x0000000010004d78                stdio_flush
 .text.__wrap_puts
                0x0000000010004d98       0x1e CMakeFiles/read_max30003.dir/home/prem/pico/pico-sdk/src/rp2_common/pico_stdio/stdio.c.obj
                0x0000000010004d98                __wrap_puts
 *fill*         0x0000000010004db6        0x2 
 .text.__wrap_vprintf
                0x0000000010004db8       0x40 CMakeFiles/read_max30003.dir/home/prem/pico/pico-sdk/src/rp2_common/pico_stdio/stdio.c.obj
                0x0000000010004db8                __wrap_vprintf
 .text.__wrap_printf
                0x0000000010004df8       0x18 CMakeFiles/read_max30003.dir/home/prem/pico/pico-sdk/src/rp2_common/pico_stdio/stdio.c.obj
                0x0000000010004df8                __wrap_printf
 .text.stdio_init_all
                0x0000000010004e10        0xa CMakeFiles/read_max30003.dir/home/prem/pico/pico-sdk/src/rp2_common/pico_stdio/stdio.c.obj
                0x0000000010004e10                stdio_init_all
 *fill*         0x0000000010004e1a        0x2 
 .text.stdio_uart_out_chars
                0x0000000010004e1c       0x74 CMakeFiles/read_max30003.dir/home/prem/pico/pico-sdk/src/rp2_common/pico_stdio_uart/stdio_uart.c.obj
 .text.stdio_uart_in_chars
                0x0000000010004e90       0x80 CMakeFiles/read_max30003.dir/home/prem/pico/pico-sdk/src/rp2_common/pico_stdio_uart/stdio_uart.c.obj
                0x0000000010004e90                stdio_uart_in_chars
 .text.on_uart_rx
                0x0000000010004f10       0x28 CMakeFiles/read_max30003.dir/home/prem/pico/pico-sdk/src/rp2_common/pico_stdio_uart/stdio_uart.c.obj
 .text.stdio_uart_set_chars_available_callback
                0x0000000010004f38       0x8c CMakeFiles/read_max30003.dir/home/prem/pico/pico-sdk/src/rp2_common/pico_stdio_uart/stdio_uart.c.obj
 .text.stdio_uart_init_full
                0x0000000010004fc4       0x44 CMakeFiles/read_max30003.dir/home/prem/pico/pico-sdk/src/rp2_common/pico_stdio_uart/stdio_uart.c.obj
                0x0000000010004fc4                stdio_uart_init_full
 .text.stdio_uart_init
                0x0000000010005008       0x28 CMakeFiles/read_max30003.dir/home/prem/pico/pico-sdk/src/rp2_common/pico_stdio_uart/stdio_uart.c.obj
                0x0000000010005008                stdio_uart_init
 .text.spi_set_baudrate
                0x0000000010005030       0xcc CMakeFiles/read_max30003.dir/home/prem/pico/pico-sdk/src/rp2_common/hardware_spi/spi.c.obj
                0x0000000010005030                spi_set_baudrate
 .text.spi_init
                0x00000000100050fc       0x74 CMakeFiles/read_max30003.dir/home/prem/pico/pico-sdk/src/rp2_common/hardware_spi/spi.c.obj
                0x00000000100050fc                spi_init
 .text          0x0000000010005170       0x5c /usr/lib/gcc/arm-none-eabi/10.3.1/../../../arm-none-eabi/lib/thumb/v6-m/nofp/libg.a(lib_a-strlen-stub.o)
                0x0000000010005170                strlen
 *(.fini)
 .fini          0x00000000100051cc        0x4 /usr/lib/gcc/arm-none-eabi/10.3.1/thumb/v6-m/nofp/crti.o
                0x00000000100051cc                _fini
 .fini.__stub   0x00000000100051d0       0x60 linker stubs
 *crtbegin.o(.ctors)
 *crtbegin?.o(.ctors)
 *(EXCLUDE_FILE(*crtend.o *crtend?.o) .ctors)
 *(SORT_BY_NAME(.ctors.*))
 *(.ctors)
 *crtbegin.o(.dtors)
 *crtbegin?.o(.dtors)
 *(EXCLUDE_FILE(*crtend.o *crtend?.o) .dtors)
 *(SORT_BY_NAME(.dtors.*))
 *(.dtors)
 *(.eh_frame*)
 .eh_frame      0x0000000010005230        0x0 /usr/lib/gcc/arm-none-eabi/10.3.1/thumb/v6-m/nofp/crtbegin.o
                0x0000000010005230                . = ALIGN (0x4)

.glue_7         0x0000000010005230        0x0
 .glue_7        0x0000000010005230        0x0 linker stubs

.glue_7t        0x0000000010005230        0x0
 .glue_7t       0x0000000010005230        0x0 linker stubs

.vfp11_veneer   0x0000000010005230        0x0
 .vfp11_veneer  0x0000000010005230        0x0 linker stubs

.v4_bx          0x0000000010005230        0x0
 .v4_bx         0x0000000010005230        0x0 linker stubs

.iplt           0x0000000010005230        0x0
 .iplt          0x0000000010005230        0x0 /usr/lib/gcc/arm-none-eabi/10.3.1/thumb/v6-m/nofp/crtbegin.o

.rodata         0x0000000010005230     0x1058
 *(EXCLUDE_FILE(*libm.a: *libc.a:*lib_a-mem*.o *libgcc.a:) .rodata*)
 .rodata._Z15max3003CallBackl20MAX30003CallBackType.str1.4
                0x0000000010005230       0x1a CMakeFiles/read_max30003.dir/read_max30003.cpp.obj
 *fill*         0x000000001000524a        0x2 
 .rodata._ZN8MAX3000323max30003SetsamplingRateEt.str1.4
                0x000000001000524c       0x3a CMakeFiles/read_max30003.dir/read_max30003.cpp.obj
 *fill*         0x0000000010005286        0x2 
 .rodata._ZN8MAX3000313getEcgSamplesEv.str1.4
                0x0000000010005288       0x16 CMakeFiles/read_max30003.dir/read_max30003.cpp.obj
 *fill*         0x000000001000529e        0x2 
 .rodata._ZN8MAX3000316max30003ReadInfoEv.str1.4
                0x00000000100052a0       0x19 CMakeFiles/read_max30003.dir/read_max30003.cpp.obj
 *fill*         0x00000000100052b9        0x3 
 .rodata._ZN8MAX3000312readIntrupptEv.str1.4
                0x00000000100052bc       0x4e CMakeFiles/read_max30003.dir/read_max30003.cpp.obj
 *fill*         0x000000001000530a        0x2 
 .rodata._ZN8MAX3000323getDataIntrupptCallbackEv.str1.4
                0x000000001000530c       0x1d CMakeFiles/read_max30003.dir/read_max30003.cpp.obj
 *fill*         0x0000000010005329        0x3 
 .rodata.str1.4
                0x000000001000532c        0x7 CMakeFiles/read_max30003.dir/read_max30003.cpp.obj
 *fill*         0x0000000010005333        0x1 
 .rodata._ZZ21initiaLizeMAX30003SPIvE7__bi_39
                0x0000000010005334        0x8 CMakeFiles/read_max30003.dir/read_max30003.cpp.obj
 .rodata._ZZ21initiaLizeMAX30003SPIvE7__bi_45
                0x000000001000533c        0xc CMakeFiles/read_max30003.dir/read_max30003.cpp.obj
 .rodata.make_branch.str1.4
                0x0000000010005348       0x6b CMakeFiles/read_max30003.dir/home/prem/pico/pico-sdk/src/rp2_common/hardware_irq/irq.c.obj
 *fill*         0x00000000100053b3        0x1 
 .rodata.insert_branch_and_link.str1.4
                0x00000000100053b4       0x10 CMakeFiles/read_max30003.dir/home/prem/pico/pico-sdk/src/rp2_common/hardware_irq/irq.c.obj
 .rodata.irq_set_exclusive_handler.str1.4
                0x00000000100053c4       0x36 CMakeFiles/read_max30003.dir/home/prem/pico/pico-sdk/src/rp2_common/hardware_irq/irq.c.obj
 *fill*         0x00000000100053fa        0x2 
 .rodata.irq_add_shared_handler.str1.4
                0x00000000100053fc       0xd9 CMakeFiles/read_max30003.dir/home/prem/pico/pico-sdk/src/rp2_common/hardware_irq/irq.c.obj
 *fill*         0x00000000100054d5        0x3 
 .rodata.irq_remove_handler.str1.4
                0x00000000100054d8       0x3a CMakeFiles/read_max30003.dir/home/prem/pico/pico-sdk/src/rp2_common/hardware_irq/irq.c.obj
 *fill*         0x0000000010005512        0x2 
 .rodata.irq_add_tail_to_free_list.str1.4
                0x0000000010005514       0x3a CMakeFiles/read_max30003.dir/home/prem/pico/pico-sdk/src/rp2_common/hardware_irq/irq.c.obj
 *fill*         0x000000001000554e        0x2 
 .rodata.__func__.0
                0x0000000010005550       0x1a CMakeFiles/read_max30003.dir/home/prem/pico/pico-sdk/src/rp2_common/hardware_irq/irq.c.obj
 *fill*         0x000000001000556a        0x2 
 .rodata.__func__.1
                0x000000001000556c       0x17 CMakeFiles/read_max30003.dir/home/prem/pico/pico-sdk/src/rp2_common/hardware_irq/irq.c.obj
 *fill*         0x0000000010005583        0x1 
 .rodata.__func__.2
                0x0000000010005584       0x13 CMakeFiles/read_max30003.dir/home/prem/pico/pico-sdk/src/rp2_common/hardware_irq/irq.c.obj
 *fill*         0x0000000010005597        0x1 
 .rodata.__func__.3
                0x0000000010005598        0xc CMakeFiles/read_max30003.dir/home/prem/pico/pico-sdk/src/rp2_common/hardware_irq/irq.c.obj
 .rodata.__func__.4
                0x00000000100055a4        0xf CMakeFiles/read_max30003.dir/home/prem/pico/pico-sdk/src/rp2_common/hardware_irq/irq.c.obj
 *fill*         0x00000000100055b3        0x1 
 .rodata.__func__.5
                0x00000000100055b4       0x17 CMakeFiles/read_max30003.dir/home/prem/pico/pico-sdk/src/rp2_common/hardware_irq/irq.c.obj
 *fill*         0x00000000100055cb        0x1 
 .rodata.__func__.6
                0x00000000100055cc       0x1a CMakeFiles/read_max30003.dir/home/prem/pico/pico-sdk/src/rp2_common/hardware_irq/irq.c.obj
 *fill*         0x00000000100055e6        0x2 
 .rodata.str1.4
                0x00000000100055e8       0xe9 CMakeFiles/read_max30003.dir/home/prem/pico/pico-sdk/src/common/pico_sync/mutex.c.obj
 *fill*         0x00000000100056d1        0x3 
 .rodata.__func__.1
                0x00000000100056d4        0xb CMakeFiles/read_max30003.dir/home/prem/pico/pico-sdk/src/common/pico_sync/mutex.c.obj
 *fill*         0x00000000100056df        0x1 
 .rodata.__func__.3
                0x00000000100056e0       0x18 CMakeFiles/read_max30003.dir/home/prem/pico/pico-sdk/src/common/pico_sync/mutex.c.obj
 .rodata.repeating_timer_callback.str1.4
                0x00000000100056f8       0x49 CMakeFiles/read_max30003.dir/home/prem/pico/pico-sdk/src/common/pico_time/time.c.obj
 *fill*         0x0000000010005741        0x3 
 .rodata.timer_pool_entry_comparator.str1.4
                0x0000000010005744       0x22 CMakeFiles/read_max30003.dir/home/prem/pico/pico-sdk/src/common/pico_time/time.c.obj
 *fill*         0x0000000010005766        0x2 
 .rodata.ph_add_child_node.str1.4
                0x0000000010005768       0x92 CMakeFiles/read_max30003.dir/home/prem/pico/pico-sdk/src/common/pico_time/time.c.obj
 *fill*         0x00000000100057fa        0x2 
 .rodata.add_alarm_under_lock.str1.4
                0x00000000100057fc       0x28 CMakeFiles/read_max30003.dir/home/prem/pico/pico-sdk/src/common/pico_time/time.c.obj
                                         0x2b (size before relaxing)
 .rodata.alarm_pool_alarm_callback.str1.4
                0x0000000010005824       0x98 CMakeFiles/read_max30003.dir/home/prem/pico/pico-sdk/src/common/pico_time/time.c.obj
                                         0xf8 (size before relaxing)
 .rodata.alarm_pool_get_default.str1.4
                0x00000000100058bc       0x21 CMakeFiles/read_max30003.dir/home/prem/pico/pico-sdk/src/common/pico_time/time.c.obj
 *fill*         0x00000000100058dd        0x3 
 .rodata.alarm_pool_cancel_alarm.str1.4
                0x00000000100058e0       0x27 CMakeFiles/read_max30003.dir/home/prem/pico/pico-sdk/src/common/pico_time/time.c.obj
 *fill*         0x0000000010005907        0x1 
 .rodata.sleep_until.str1.4
                0x0000000010005908       0x4d CMakeFiles/read_max30003.dir/home/prem/pico/pico-sdk/src/common/pico_time/time.c.obj
 *fill*         0x0000000010005955        0x3 
 .rodata.__func__.1
                0x0000000010005958       0x18 CMakeFiles/read_max30003.dir/home/prem/pico/pico-sdk/src/common/pico_time/time.c.obj
 .rodata.__func__.10
                0x0000000010005970       0x15 CMakeFiles/read_max30003.dir/home/prem/pico/pico-sdk/src/common/pico_time/time.c.obj
 *fill*         0x0000000010005985        0x3 
 .rodata.__func__.11
                0x0000000010005988       0x1a CMakeFiles/read_max30003.dir/home/prem/pico/pico-sdk/src/common/pico_time/time.c.obj
 *fill*         0x00000000100059a2        0x2 
 .rodata.__func__.12
                0x00000000100059a4        0xa CMakeFiles/read_max30003.dir/home/prem/pico/pico-sdk/src/common/pico_time/time.c.obj
 *fill*         0x00000000100059ae        0x2 
 .rodata.__func__.3
                0x00000000100059b0       0x17 CMakeFiles/read_max30003.dir/home/prem/pico/pico-sdk/src/common/pico_time/time.c.obj
 *fill*         0x00000000100059c7        0x1 
 .rodata.__func__.4
                0x00000000100059c8       0x12 CMakeFiles/read_max30003.dir/home/prem/pico/pico-sdk/src/common/pico_time/time.c.obj
 *fill*         0x00000000100059da        0x2 
 .rodata.__func__.5
                0x00000000100059dc        0xd CMakeFiles/read_max30003.dir/home/prem/pico/pico-sdk/src/common/pico_time/time.c.obj
 *fill*         0x00000000100059e9        0x3 
 .rodata.__func__.6
                0x00000000100059ec       0x12 CMakeFiles/read_max30003.dir/home/prem/pico/pico-sdk/src/common/pico_time/time.c.obj
 *fill*         0x00000000100059fe        0x2 
 .rodata.__func__.7
                0x0000000010005a00        0xf CMakeFiles/read_max30003.dir/home/prem/pico/pico-sdk/src/common/pico_time/time.c.obj
 *fill*         0x0000000010005a0f        0x1 
 .rodata.__func__.8
                0x0000000010005a10        0xc CMakeFiles/read_max30003.dir/home/prem/pico/pico-sdk/src/common/pico_time/time.c.obj
 .rodata.__func__.9
                0x0000000010005a1c       0x15 CMakeFiles/read_max30003.dir/home/prem/pico/pico-sdk/src/common/pico_time/time.c.obj
 *fill*         0x0000000010005a31        0x3 
 .rodata.hardware_alarm_claim.str1.4
                0x0000000010005a34       0x22 CMakeFiles/read_max30003.dir/home/prem/pico/pico-sdk/src/rp2_common/hardware_timer/timer.c.obj
 .rodata.busy_wait_us.str1.4
                0x0000000010005a56       0x5f CMakeFiles/read_max30003.dir/home/prem/pico/pico-sdk/src/rp2_common/hardware_timer/timer.c.obj
 *fill*         0x0000000010005a56        0x2 
 .rodata.hardware_alarm_set_target.str1.4
                0x0000000010005a58       0x63 CMakeFiles/read_max30003.dir/home/prem/pico/pico-sdk/src/rp2_common/hardware_timer/timer.c.obj
 *fill*         0x0000000010005abb        0x1 
 .rodata.__func__.0
                0x0000000010005abc       0x1a CMakeFiles/read_max30003.dir/home/prem/pico/pico-sdk/src/rp2_common/hardware_timer/timer.c.obj
 *fill*         0x0000000010005ad6        0x2 
 .rodata.__func__.1
                0x0000000010005ad8       0x15 CMakeFiles/read_max30003.dir/home/prem/pico/pico-sdk/src/rp2_common/hardware_timer/timer.c.obj
 .rodata.ph_add_child_node.str1.4
                0x0000000010005aed       0x92 CMakeFiles/read_max30003.dir/home/prem/pico/pico-sdk/src/common/pico_util/pheap.c.obj
 *fill*         0x0000000010005aed        0x3 
 .rodata.ph_remove_any_head.str1.4
                0x0000000010005af0       0x8c CMakeFiles/read_max30003.dir/home/prem/pico/pico-sdk/src/common/pico_util/pheap.c.obj
                                         0xa0 (size before relaxing)
 .rodata.ph_remove_and_free_node.str1.4
                0x0000000010005b7c       0x1e CMakeFiles/read_max30003.dir/home/prem/pico/pico-sdk/src/common/pico_util/pheap.c.obj
                                         0x26 (size before relaxing)
 *fill*         0x0000000010005b9a        0x2 
 .rodata.__func__.0
                0x0000000010005b9c       0x18 CMakeFiles/read_max30003.dir/home/prem/pico/pico-sdk/src/common/pico_util/pheap.c.obj
 .rodata.__func__.1
                0x0000000010005bb4       0x13 CMakeFiles/read_max30003.dir/home/prem/pico/pico-sdk/src/common/pico_util/pheap.c.obj
 *fill*         0x0000000010005bc7        0x1 
 .rodata.__func__.2
                0x0000000010005bc8       0x12 CMakeFiles/read_max30003.dir/home/prem/pico/pico-sdk/src/common/pico_util/pheap.c.obj
 *fill*         0x0000000010005bda        0x2 
 .rodata.__func__.3
                0x0000000010005bdc        0xc CMakeFiles/read_max30003.dir/home/prem/pico/pico-sdk/src/common/pico_util/pheap.c.obj
 .rodata.clock_configure.str1.4
                0x0000000010005be8       0x55 CMakeFiles/read_max30003.dir/home/prem/pico/pico-sdk/src/rp2_common/hardware_clocks/clocks.c.obj
 *fill*         0x0000000010005c3d        0x3 
 .rodata.__func__.1
                0x0000000010005c40       0x10 CMakeFiles/read_max30003.dir/home/prem/pico/pico-sdk/src/rp2_common/hardware_clocks/clocks.c.obj
 .rodata.pll_init.str1.4
                0x0000000010005c50      0x120 CMakeFiles/read_max30003.dir/home/prem/pico/pico-sdk/src/rp2_common/hardware_pll/pll.c.obj
 .rodata.__func__.0
                0x0000000010005d70        0x9 CMakeFiles/read_max30003.dir/home/prem/pico/pico-sdk/src/rp2_common/hardware_pll/pll.c.obj
 *fill*         0x0000000010005d79        0x3 
 .rodata.__assert_func.str1.4
                0x0000000010005d7c       0x3f CMakeFiles/read_max30003.dir/home/prem/pico/pico-sdk/src/rp2_common/pico_runtime/runtime.c.obj
                                         0x43 (size before relaxing)
 *fill*         0x0000000010005dbb        0x1 
 .rodata.runtime_init.str1.4
                0x0000000010005dbc       0x5f CMakeFiles/read_max30003.dir/home/prem/pico/pico-sdk/src/rp2_common/pico_runtime/runtime.c.obj
 *fill*         0x0000000010005e1b        0x1 
 .rodata.panic.str1.4
                0x0000000010005e1c       0x10 CMakeFiles/read_max30003.dir/home/prem/pico/pico-sdk/src/rp2_common/pico_runtime/runtime.c.obj
                                         0x12 (size before relaxing)
 .rodata.__func__.2
                0x0000000010005e2c        0xd CMakeFiles/read_max30003.dir/home/prem/pico/pico-sdk/src/rp2_common/pico_runtime/runtime.c.obj
 *fill*         0x0000000010005e39        0x3 
 .rodata._ftoa.str1.4
                0x0000000010005e3c       0x15 CMakeFiles/read_max30003.dir/home/prem/pico/pico-sdk/src/rp2_common/pico_printf/printf.c.obj
 *fill*         0x0000000010005e51        0x3 
 .rodata._vsnprintf
                0x0000000010005e54      0x1e0 CMakeFiles/read_max30003.dir/home/prem/pico/pico-sdk/src/rp2_common/pico_printf/printf.c.obj
 *fill*         0x0000000010006034        0x4 
 .rodata.pow10.0
                0x0000000010006038       0x50 CMakeFiles/read_max30003.dir/home/prem/pico/pico-sdk/src/rp2_common/pico_printf/printf.c.obj
 .rodata.__aeabi_double_init.str1.4
                0x0000000010006088       0x9a CMakeFiles/read_max30003.dir/home/prem/pico/pico-sdk/src/rp2_common/pico_double/double_init_rom.c.obj
 *fill*         0x0000000010006122        0x2 
 .rodata.__func__.0
                0x0000000010006124       0x14 CMakeFiles/read_max30003.dir/home/prem/pico/pico-sdk/src/rp2_common/pico_double/double_init_rom.c.obj
 .rodata.__aeabi_float_init.str1.4
                0x0000000010006138       0x78 CMakeFiles/read_max30003.dir/home/prem/pico/pico-sdk/src/rp2_common/pico_float/float_init_rom.c.obj
                                         0x7c (size before relaxing)
 .rodata.__func__.0
                0x00000000100061b0       0x13 CMakeFiles/read_max30003.dir/home/prem/pico/pico-sdk/src/rp2_common/pico_float/float_init_rom.c.obj
 *fill*         0x00000000100061c3        0x1 
 .rodata.str1.4
                0x00000000100061c4       0x44 CMakeFiles/read_max30003.dir/home/prem/pico/pico-sdk/src/rp2_common/pico_standard_link/binary_info.c.obj
 .rodata.__bi_44
                0x0000000010006208        0xc CMakeFiles/read_max30003.dir/home/prem/pico/pico-sdk/src/rp2_common/pico_standard_link/binary_info.c.obj
 .rodata.__bi_75
                0x0000000010006214        0xc CMakeFiles/read_max30003.dir/home/prem/pico/pico-sdk/src/rp2_common/pico_standard_link/binary_info.c.obj
 .rodata.__bi_81
                0x0000000010006220        0xc CMakeFiles/read_max30003.dir/home/prem/pico/pico-sdk/src/rp2_common/pico_standard_link/binary_info.c.obj
 .rodata.stdout_serialize_begin.str1.4
                0x000000001000622c       0x5f CMakeFiles/read_max30003.dir/home/prem/pico/pico-sdk/src/rp2_common/pico_stdio/stdio.c.obj
 .rodata.__func__.3
                0x000000001000622c       0x15 CMakeFiles/read_max30003.dir/home/prem/pico/pico-sdk/src/rp2_common/pico_stdio/stdio.c.obj
 *fill*         0x0000000010006241        0x3 
 .rodata.crlf_str.2
                0x0000000010006244        0x2 CMakeFiles/read_max30003.dir/home/prem/pico/pico-sdk/src/rp2_common/pico_stdio/stdio.c.obj
 *fill*         0x0000000010006246        0x2 
 .rodata.str1.4
                0x0000000010006248       0x2c CMakeFiles/read_max30003.dir/home/prem/pico/pico-sdk/src/rp2_common/pico_stdio_uart/stdio_uart.c.obj
 .rodata.__bi_33.4
                0x0000000010006274        0xc CMakeFiles/read_max30003.dir/home/prem/pico/pico-sdk/src/rp2_common/pico_stdio_uart/stdio_uart.c.obj
 .rodata.__bi_34.5
                0x0000000010006280        0x8 CMakeFiles/read_max30003.dir/home/prem/pico/pico-sdk/src/rp2_common/pico_stdio_uart/stdio_uart.c.obj
                0x0000000010006288                . = ALIGN (0x4)
 *(SORT_BY_ALIGNMENT(SORT_BY_NAME(.flashdata*)))
                0x0000000010006288                . = ALIGN (0x4)

.ARM.extab
 *(.ARM.extab* .gnu.linkonce.armextab.*)
                0x0000000010006288                __exidx_start = .

.ARM.exidx
 *(.ARM.exidx* .gnu.linkonce.armexidx.*)
                0x0000000010006288                __exidx_end = .
                0x0000000010006288                . = ALIGN (0x4)
                0x0000000010006288                __binary_info_start = .

.binary_info    0x0000000010006288       0x2c
 *(.binary_info.keep.*)
 .binary_info.keep.__bi_ptr39
                0x0000000010006288        0x4 CMakeFiles/read_max30003.dir/read_max30003.cpp.obj
 .binary_info.keep.__bi_ptr45
                0x000000001000628c        0x4 CMakeFiles/read_max30003.dir/read_max30003.cpp.obj
 .binary_info.keep.__bi_ptr22
                0x0000000010006290        0x4 CMakeFiles/read_max30003.dir/home/prem/pico/pico-sdk/src/rp2_common/pico_standard_link/binary_info.c.obj
 .binary_info.keep.__bi_ptr30
                0x0000000010006294        0x4 CMakeFiles/read_max30003.dir/home/prem/pico/pico-sdk/src/rp2_common/pico_standard_link/binary_info.c.obj
 .binary_info.keep.__bi_ptr38
                0x0000000010006298        0x4 CMakeFiles/read_max30003.dir/home/prem/pico/pico-sdk/src/rp2_common/pico_standard_link/binary_info.c.obj
 .binary_info.keep.__bi_ptr44
                0x000000001000629c        0x4 CMakeFiles/read_max30003.dir/home/prem/pico/pico-sdk/src/rp2_common/pico_standard_link/binary_info.c.obj
 .binary_info.keep.__bi_ptr50
                0x00000000100062a0        0x4 CMakeFiles/read_max30003.dir/home/prem/pico/pico-sdk/src/rp2_common/pico_standard_link/binary_info.c.obj
 .binary_info.keep.__bi_ptr75
                0x00000000100062a4        0x4 CMakeFiles/read_max30003.dir/home/prem/pico/pico-sdk/src/rp2_common/pico_standard_link/binary_info.c.obj
 .binary_info.keep.__bi_ptr81
                0x00000000100062a8        0x4 CMakeFiles/read_max30003.dir/home/prem/pico/pico-sdk/src/rp2_common/pico_standard_link/binary_info.c.obj
 *(.binary_info.*)
 .binary_info.__bi_ptr33
                0x00000000100062ac        0x4 CMakeFiles/read_max30003.dir/home/prem/pico/pico-sdk/src/rp2_common/pico_stdio_uart/stdio_uart.c.obj
 .binary_info.__bi_ptr34
                0x00000000100062b0        0x4 CMakeFiles/read_max30003.dir/home/prem/pico/pico-sdk/src/rp2_common/pico_stdio_uart/stdio_uart.c.obj
                0x00000000100062b4                __binary_info_end = .

.rel.dyn        0x00000000100062b4        0x0
 .rel.iplt      0x00000000100062b4        0x0 /usr/lib/gcc/arm-none-eabi/10.3.1/thumb/v6-m/nofp/crtbegin.o
                0x00000000100062b4                . = ALIGN (0x4)

.ram_vector_table
                0x0000000020000000       0xc0
 *(.ram_vector_table)
 .ram_vector_table
                0x0000000020000000       0xc0 CMakeFiles/read_max30003.dir/home/prem/pico/pico-sdk/src/rp2_common/pico_runtime/runtime.c.obj
                0x0000000020000000                ram_vector_table

.data           0x00000000200000c0      0x2d0 load address 0x00000000100062b4
                0x00000000200000c0                __data_start__ = .
 *(vtable)
 *(.time_critical*)
 .time_critical.mutex_try_enter
                0x00000000200000c0       0x46 CMakeFiles/read_max30003.dir/home/prem/pico/pico-sdk/src/common/pico_sync/mutex.c.obj
                0x00000000200000c0                mutex_try_enter
 *fill*         0x0000000020000106        0x2 
 .time_critical.mutex_enter_block_until
                0x0000000020000108       0x8c CMakeFiles/read_max30003.dir/home/prem/pico/pico-sdk/src/common/pico_sync/mutex.c.obj
                0x0000000020000108                mutex_enter_block_until
 .time_critical.mutex_try_enter_block_until
                0x0000000020000194       0x34 CMakeFiles/read_max30003.dir/home/prem/pico/pico-sdk/src/common/pico_sync/mutex.c.obj
                0x0000000020000194                mutex_try_enter_block_until
 .time_critical.mutex_exit
                0x00000000200001c8       0x4c CMakeFiles/read_max30003.dir/home/prem/pico/pico-sdk/src/common/pico_sync/mutex.c.obj
                0x00000000200001c8                mutex_exit
 .time_critical.spi_write_blocking
                0x0000000020000214       0x3a CMakeFiles/read_max30003.dir/home/prem/pico/pico-sdk/src/rp2_common/hardware_spi/spi.c.obj
                0x0000000020000214                spi_write_blocking
 .time_critical.spi_read_blocking
                0x000000002000024e       0x3e CMakeFiles/read_max30003.dir/home/prem/pico/pico-sdk/src/rp2_common/hardware_spi/spi.c.obj
                0x000000002000024e                spi_read_blocking
 *(.text*)
 .text          0x000000002000028c        0x4 /usr/lib/gcc/arm-none-eabi/10.3.1/thumb/v6-m/nofp/libgcc.a(_dvmd_tls.o)
                0x000000002000028c                __aeabi_ldiv0
                0x000000002000028c                __aeabi_idiv0
 .text.__stub   0x0000000020000290       0x20 linker stubs
                0x00000000200002b0                . = ALIGN (0x4)
 *(.rodata*)
                0x00000000200002b0                . = ALIGN (0x4)
 *(.data*)
 .data.striped_spin_lock_num
                0x00000000200002b0        0x1 CMakeFiles/read_max30003.dir/home/prem/pico/pico-sdk/src/rp2_common/hardware_sync/sync.c.obj
 *fill*         0x00000000200002b1        0x3 
 .data          0x00000000200002b4       0x48 CMakeFiles/read_max30003.dir/home/prem/pico/pico-sdk/src/rp2_common/hardware_irq/irq_handler_chain.S.obj
                0x00000000200002b4                irq_handler_chain_slots
                0x00000000200002e4                irq_handler_chain_first_slot
                0x00000000200002ee                irq_handler_chain_remove_tail
 .data.default_alarm_pool
                0x00000000200002fc       0x18 CMakeFiles/read_max30003.dir/home/prem/pico/pico-sdk/src/common/pico_time/time.c.obj
 .data.default_alarm_pool_heap
                0x0000000020000314       0x10 CMakeFiles/read_max30003.dir/home/prem/pico/pico-sdk/src/common/pico_time/time.c.obj
 *fill*         0x0000000020000324        0xc 
 .data.aeabi_bits_funcs
                0x0000000020000330       0x10 CMakeFiles/read_max30003.dir/home/prem/pico/pico-sdk/src/rp2_common/pico_bit_ops/bit_ops_aeabi.S.obj
                0x0000000020000330                aeabi_bits_funcs
                0x0000000020000340                aeabi_bits_funcs_end
 .data.aeabi_mem_funcs
                0x0000000020000340       0x10 CMakeFiles/read_max30003.dir/home/prem/pico/pico-sdk/src/rp2_common/pico_mem_ops/mem_ops_aeabi.S.obj
                0x0000000020000340                aeabi_mem_funcs
                0x0000000020000350                aeabi_mem_funcs_end
 .data.stdio_uart
                0x0000000020000350       0x18 CMakeFiles/read_max30003.dir/home/prem/pico/pico-sdk/src/rp2_common/pico_stdio_uart/stdio_uart.c.obj
                0x0000000020000350                stdio_uart
                0x0000000020000368                . = ALIGN (0x4)
 *(.after_data.*)
                0x0000000020000368                . = ALIGN (0x4)
                0x0000000020000368                PROVIDE (__mutex_array_start = .)
 *(SORT_BY_NAME(.mutex_array.*))
 *(.mutex_array)
 .mutex_array   0x0000000020000368        0x8 CMakeFiles/read_max30003.dir/home/prem/pico/pico-sdk/src/rp2_common/pico_malloc/pico_malloc.c.obj
 .mutex_array   0x0000000020000370        0x8 CMakeFiles/read_max30003.dir/home/prem/pico/pico-sdk/src/rp2_common/pico_stdio/stdio.c.obj
                0x0000000020000378                PROVIDE (__mutex_array_end = .)
                0x0000000020000378                . = ALIGN (0x4)
                0x0000000020000378                PROVIDE (__preinit_array_start = .)
 *(SORT_BY_NAME(.preinit_array.*))
 .preinit_array.00001
                0x0000000020000378        0x4 CMakeFiles/read_max30003.dir/home/prem/pico/pico-sdk/src/rp2_common/pico_mem_ops/mem_ops_aeabi.S.obj
 .preinit_array.00010
                0x000000002000037c        0x4 CMakeFiles/read_max30003.dir/home/prem/pico/pico-sdk/src/rp2_common/pico_bit_ops/bit_ops_aeabi.S.obj
 .preinit_array.00020
                0x0000000020000380        0x4 CMakeFiles/read_max30003.dir/home/prem/pico/pico-sdk/src/rp2_common/pico_double/double_aeabi.S.obj
 .preinit_array.00020
                0x0000000020000384        0x4 CMakeFiles/read_max30003.dir/home/prem/pico/pico-sdk/src/rp2_common/pico_float/float_aeabi.S.obj
 *(.preinit_array)
                0x0000000020000388                PROVIDE (__preinit_array_end = .)
                0x0000000020000388                . = ALIGN (0x4)
                0x0000000020000388                PROVIDE (__init_array_start = .)
 *(SORT_BY_NAME(.init_array.*))
 *(.init_array)
 .init_array    0x0000000020000388        0x4 /usr/lib/gcc/arm-none-eabi/10.3.1/thumb/v6-m/nofp/crtbegin.o
 .init_array    0x000000002000038c        0x4 CMakeFiles/read_max30003.dir/read_max30003.cpp.obj
                0x0000000020000390                PROVIDE (__init_array_end = .)
                0x0000000020000390                . = ALIGN (0x4)
                0x0000000020000390                PROVIDE (__fini_array_start = .)
 *(SORT_BY_NAME(.fini_array.*))
 *(.fini_array)
                0x0000000020000390                PROVIDE (__fini_array_end = .)
 *(.jcr)
                0x0000000020000390                . = ALIGN (0x4)
                0x0000000020000390                __data_end__ = .
                0x00000000100062b4                __etext = LOADADDR (.data)

.tm_clone_table
                0x0000000020000390        0x0 load address 0x0000000010006584
 .tm_clone_table
                0x0000000020000390        0x0 /usr/lib/gcc/arm-none-eabi/10.3.1/thumb/v6-m/nofp/crtbegin.o
 .tm_clone_table
                0x0000000020000390        0x0 /usr/lib/gcc/arm-none-eabi/10.3.1/thumb/v6-m/nofp/crtend.o

.igot.plt       0x0000000020000390        0x0 load address 0x0000000010006584
 .igot.plt      0x0000000020000390        0x0 /usr/lib/gcc/arm-none-eabi/10.3.1/thumb/v6-m/nofp/crtbegin.o

.uninitialized_data
                0x0000000020000390        0x0 load address 0x0000000010006584
                0x0000000020000390                . = ALIGN (0x4)
 *(.uninitialized_data*)

.scratch_x      0x0000000020040000        0x0 load address 0x0000000010006584
                0x0000000020040000                __scratch_x_start__ = .
 *(.scratch_x.*)
                0x0000000020040000                . = ALIGN (0x4)
                0x0000000020040000                __scratch_x_end__ = .
                0x0000000010006584                __scratch_x_source__ = LOADADDR (.scratch_x)

.scratch_y      0x0000000020041000        0x0 load address 0x0000000010006584
                0x0000000020041000                __scratch_y_start__ = .
 *(.scratch_y.*)
                0x0000000020041000                . = ALIGN (0x4)
                0x0000000020041000                __scratch_y_end__ = .
                0x0000000010006584                __scratch_y_source__ = LOADADDR (.scratch_y)

.bss            0x0000000020000390      0x400
                0x0000000020000390                . = ALIGN (0x4)
                0x0000000020000390                __bss_start__ = .
 *(SORT_BY_ALIGNMENT(SORT_BY_NAME(.bss*)))
 .bss.default_alarm_pool_entries
                0x0000000020000390      0x100 CMakeFiles/read_max30003.dir/home/prem/pico/pico-sdk/src/common/pico_time/time.c.obj
 .bss           0x0000000020000490       0x1c /usr/lib/gcc/arm-none-eabi/10.3.1/thumb/v6-m/nofp/crtbegin.o
 .bss.alarm_callbacks
                0x00000000200004ac       0x10 CMakeFiles/read_max30003.dir/home/prem/pico/pico-sdk/src/rp2_common/hardware_timer/timer.c.obj
 .bss.callbacks
                0x00000000200004bc        0x8 CMakeFiles/read_max30003.dir/home/prem/pico/pico-sdk/src/rp2_common/hardware_gpio/gpio.c.obj
 .bss.chars_available_callback
                0x00000000200004c4        0x4 CMakeFiles/read_max30003.dir/home/prem/pico/pico-sdk/src/rp2_common/pico_stdio_uart/stdio_uart.c.obj
 .bss.chars_available_param
                0x00000000200004c8        0x4 CMakeFiles/read_max30003.dir/home/prem/pico/pico-sdk/src/rp2_common/pico_stdio_uart/stdio_uart.c.obj
 .bss.configured_freq
                0x00000000200004cc       0x28 CMakeFiles/read_max30003.dir/home/prem/pico/pico-sdk/src/rp2_common/hardware_clocks/clocks.c.obj
 .bss.default_alarm_pool_entry_ids_high
                0x00000000200004f4       0x10 CMakeFiles/read_max30003.dir/home/prem/pico/pico-sdk/src/common/pico_time/time.c.obj
 .bss.default_alarm_pool_heap_nodes
                0x0000000020000504       0x30 CMakeFiles/read_max30003.dir/home/prem/pico/pico-sdk/src/common/pico_time/time.c.obj
 .bss.drivers   0x0000000020000534        0x4 CMakeFiles/read_max30003.dir/home/prem/pico/pico-sdk/src/rp2_common/pico_stdio/stdio.c.obj
 .bss.filter    0x0000000020000538        0x4 CMakeFiles/read_max30003.dir/home/prem/pico/pico-sdk/src/rp2_common/pico_stdio/stdio.c.obj
 .bss.max30003  0x000000002000053c       0x18 CMakeFiles/read_max30003.dir/read_max30003.cpp.obj
                0x000000002000053c                max30003
 .bss.pools     0x0000000020000554       0x10 CMakeFiles/read_max30003.dir/home/prem/pico/pico-sdk/src/common/pico_time/time.c.obj
 .bss.raw_irq_mask
                0x0000000020000564        0x8 CMakeFiles/read_max30003.dir/home/prem/pico/pico-sdk/src/rp2_common/hardware_gpio/gpio.c.obj
 .bss.sd_table  0x000000002000056c      0x100 CMakeFiles/read_max30003.dir/home/prem/pico/pico-sdk/src/rp2_common/pico_double/double_init_rom.c.obj
                0x000000002000056c                sd_table
 .bss.sf_clz_func
                0x000000002000066c        0x4 CMakeFiles/read_max30003.dir/home/prem/pico/pico-sdk/src/rp2_common/pico_double/double_init_rom.c.obj
                0x000000002000066c                sf_clz_func
 .bss.sf_table  0x0000000020000670      0x100 CMakeFiles/read_max30003.dir/home/prem/pico/pico-sdk/src/rp2_common/pico_float/float_init_rom.c.obj
                0x0000000020000670                sf_table
 .bss.sleep_notifier
                0x0000000020000770        0x4 CMakeFiles/read_max30003.dir/home/prem/pico/pico-sdk/src/common/pico_time/time.c.obj
 .bss.target_hi
                0x0000000020000774       0x10 CMakeFiles/read_max30003.dir/home/prem/pico/pico-sdk/src/rp2_common/hardware_timer/timer.c.obj
 .bss.uart_char_to_line_feed
                0x0000000020000784        0x4 CMakeFiles/read_max30003.dir/home/prem/pico/pico-sdk/src/rp2_common/hardware_uart/uart.c.obj
                0x0000000020000784                uart_char_to_line_feed
 .bss.uart_instance
                0x0000000020000788        0x4 CMakeFiles/read_max30003.dir/home/prem/pico/pico-sdk/src/rp2_common/pico_stdio_uart/stdio_uart.c.obj
 .bss.claimed   0x000000002000078c        0x1 CMakeFiles/read_max30003.dir/home/prem/pico/pico-sdk/src/rp2_common/hardware_timer/timer.c.obj
 .bss.irq_hander_chain_free_slot_head
                0x000000002000078d        0x1 CMakeFiles/read_max30003.dir/home/prem/pico/pico-sdk/src/rp2_common/hardware_irq/irq.c.obj
 .bss.timer_callbacks_pending
                0x000000002000078e        0x1 CMakeFiles/read_max30003.dir/home/prem/pico/pico-sdk/src/rp2_common/hardware_timer/timer.c.obj
 *(COMMON)
                0x0000000020000790                . = ALIGN (0x4)
 *fill*         0x000000002000078f        0x1 
                0x0000000020000790                __bss_end__ = .

.heap           0x0000000020000790      0x800
                0x0000000020000790                __end__ = .
                0x0000000020000790                end = __end__
 *(.heap*)
 .heap          0x0000000020000790      0x800 CMakeFiles/read_max30003.dir/home/prem/pico/pico-sdk/src/rp2_common/pico_standard_link/crt0.S.obj
                0x0000000020000f90                __HeapLimit = .

.stack1_dummy   0x0000000020040000      0x800
 *(.stack1*)
 .stack1        0x0000000020040000      0x800 CMakeFiles/read_max30003.dir/home/prem/pico/pico-sdk/src/rp2_common/pico_multicore/multicore.c.obj

.stack_dummy    0x0000000020041000      0x800
 *(.stack*)
 .stack         0x0000000020041000      0x800 CMakeFiles/read_max30003.dir/home/prem/pico/pico-sdk/src/rp2_common/pico_standard_link/crt0.S.obj

.flash_end      0x0000000010006584        0x0
                0x0000000010006584                PROVIDE (__flash_binary_end = .)
                0x0000000020040000                __StackLimit = (ORIGIN (RAM) + LENGTH (RAM))
                0x0000000020041000                __StackOneTop = (ORIGIN (SCRATCH_X) + LENGTH (SCRATCH_X))
                0x0000000020042000                __StackTop = (ORIGIN (SCRATCH_Y) + LENGTH (SCRATCH_Y))
                0x0000000020040800                __StackOneBottom = (__StackOneTop - SIZEOF (.stack1_dummy))
                0x0000000020041800                __StackBottom = (__StackTop - SIZEOF (.stack_dummy))
                0x0000000020042000                PROVIDE (__stack = __StackTop)
                0x0000000000000001                ASSERT ((__StackLimit >= __HeapLimit), region RAM overflowed)
                0x0000000000000001                ASSERT (((__binary_info_header_end - __logical_binary_start) <= 0x100), Binary info must be in first 256 bytes of the binary)
LOAD CMakeFiles/read_max30003.dir/read_max30003.cpp.obj
LOAD CMakeFiles/read_max30003.dir/home/prem/pico/pico-sdk/src/rp2_common/pico_stdlib/stdlib.c.obj
LOAD CMakeFiles/read_max30003.dir/home/prem/pico/pico-sdk/src/rp2_common/hardware_gpio/gpio.c.obj
LOAD CMakeFiles/read_max30003.dir/home/prem/pico/pico-sdk/src/rp2_common/pico_platform/platform.c.obj
LOAD CMakeFiles/read_max30003.dir/home/prem/pico/pico-sdk/src/rp2_common/hardware_claim/claim.c.obj
LOAD CMakeFiles/read_max30003.dir/home/prem/pico/pico-sdk/src/rp2_common/hardware_sync/sync.c.obj
LOAD CMakeFiles/read_max30003.dir/home/prem/pico/pico-sdk/src/rp2_common/hardware_irq/irq.c.obj
LOAD CMakeFiles/read_max30003.dir/home/prem/pico/pico-sdk/src/rp2_common/hardware_irq/irq_handler_chain.S.obj
LOAD CMakeFiles/read_max30003.dir/home/prem/pico/pico-sdk/src/common/pico_sync/sem.c.obj
LOAD CMakeFiles/read_max30003.dir/home/prem/pico/pico-sdk/src/common/pico_sync/lock_core.c.obj
LOAD CMakeFiles/read_max30003.dir/home/prem/pico/pico-sdk/src/common/pico_sync/mutex.c.obj
LOAD CMakeFiles/read_max30003.dir/home/prem/pico/pico-sdk/src/common/pico_sync/critical_section.c.obj
LOAD CMakeFiles/read_max30003.dir/home/prem/pico/pico-sdk/src/common/pico_time/time.c.obj
LOAD CMakeFiles/read_max30003.dir/home/prem/pico/pico-sdk/src/common/pico_time/timeout_helper.c.obj
LOAD CMakeFiles/read_max30003.dir/home/prem/pico/pico-sdk/src/rp2_common/hardware_timer/timer.c.obj
LOAD CMakeFiles/read_max30003.dir/home/prem/pico/pico-sdk/src/common/pico_util/datetime.c.obj
LOAD CMakeFiles/read_max30003.dir/home/prem/pico/pico-sdk/src/common/pico_util/pheap.c.obj
LOAD CMakeFiles/read_max30003.dir/home/prem/pico/pico-sdk/src/common/pico_util/queue.c.obj
LOAD CMakeFiles/read_max30003.dir/home/prem/pico/pico-sdk/src/rp2_common/hardware_uart/uart.c.obj
LOAD CMakeFiles/read_max30003.dir/home/prem/pico/pico-sdk/src/rp2_common/hardware_clocks/clocks.c.obj
LOAD CMakeFiles/read_max30003.dir/home/prem/pico/pico-sdk/src/rp2_common/hardware_pll/pll.c.obj
LOAD CMakeFiles/read_max30003.dir/home/prem/pico/pico-sdk/src/rp2_common/hardware_vreg/vreg.c.obj
LOAD CMakeFiles/read_max30003.dir/home/prem/pico/pico-sdk/src/rp2_common/hardware_watchdog/watchdog.c.obj
LOAD CMakeFiles/read_max30003.dir/home/prem/pico/pico-sdk/src/rp2_common/hardware_xosc/xosc.c.obj
LOAD CMakeFiles/read_max30003.dir/home/prem/pico/pico-sdk/src/rp2_common/hardware_divider/divider.S.obj
LOAD CMakeFiles/read_max30003.dir/home/prem/pico/pico-sdk/src/rp2_common/pico_runtime/runtime.c.obj
LOAD CMakeFiles/read_max30003.dir/home/prem/pico/pico-sdk/src/rp2_common/pico_printf/printf.c.obj
LOAD CMakeFiles/read_max30003.dir/home/prem/pico/pico-sdk/src/rp2_common/pico_bit_ops/bit_ops_aeabi.S.obj
LOAD CMakeFiles/read_max30003.dir/home/prem/pico/pico-sdk/src/rp2_common/pico_bootrom/bootrom.c.obj
LOAD CMakeFiles/read_max30003.dir/home/prem/pico/pico-sdk/src/rp2_common/pico_divider/divider.S.obj
LOAD CMakeFiles/read_max30003.dir/home/prem/pico/pico-sdk/src/rp2_common/pico_double/double_aeabi.S.obj
LOAD CMakeFiles/read_max30003.dir/home/prem/pico/pico-sdk/src/rp2_common/pico_double/double_init_rom.c.obj
LOAD CMakeFiles/read_max30003.dir/home/prem/pico/pico-sdk/src/rp2_common/pico_double/double_math.c.obj
LOAD CMakeFiles/read_max30003.dir/home/prem/pico/pico-sdk/src/rp2_common/pico_double/double_v1_rom_shim.S.obj
LOAD CMakeFiles/read_max30003.dir/home/prem/pico/pico-sdk/src/rp2_common/pico_int64_ops/pico_int64_ops_aeabi.S.obj
LOAD CMakeFiles/read_max30003.dir/home/prem/pico/pico-sdk/src/rp2_common/pico_float/float_aeabi.S.obj
LOAD CMakeFiles/read_max30003.dir/home/prem/pico/pico-sdk/src/rp2_common/pico_float/float_init_rom.c.obj
LOAD CMakeFiles/read_max30003.dir/home/prem/pico/pico-sdk/src/rp2_common/pico_float/float_math.c.obj
LOAD CMakeFiles/read_max30003.dir/home/prem/pico/pico-sdk/src/rp2_common/pico_float/float_v1_rom_shim.S.obj
LOAD CMakeFiles/read_max30003.dir/home/prem/pico/pico-sdk/src/rp2_common/pico_malloc/pico_malloc.c.obj
LOAD CMakeFiles/read_max30003.dir/home/prem/pico/pico-sdk/src/rp2_common/pico_mem_ops/mem_ops_aeabi.S.obj
LOAD CMakeFiles/read_max30003.dir/home/prem/pico/pico-sdk/src/rp2_common/pico_standard_link/crt0.S.obj
LOAD CMakeFiles/read_max30003.dir/home/prem/pico/pico-sdk/src/rp2_common/pico_standard_link/new_delete.cpp.obj
LOAD CMakeFiles/read_max30003.dir/home/prem/pico/pico-sdk/src/rp2_common/pico_standard_link/binary_info.c.obj
LOAD CMakeFiles/read_max30003.dir/home/prem/pico/pico-sdk/src/rp2_common/pico_stdio/stdio.c.obj
LOAD CMakeFiles/read_max30003.dir/home/prem/pico/pico-sdk/src/rp2_common/pico_stdio_uart/stdio_uart.c.obj
LOAD CMakeFiles/read_max30003.dir/home/prem/pico/pico-sdk/src/rp2_common/hardware_spi/spi.c.obj
LOAD CMakeFiles/read_max30003.dir/home/prem/pico/pico-sdk/src/rp2_common/pico_multicore/multicore.c.obj
LOAD /tmp/ccsZoy4B.o
LOAD /usr/lib/gcc/arm-none-eabi/10.3.1/../../../arm-none-eabi/lib/thumb/v6-m/nofp/libstdc++.a
LOAD /usr/lib/gcc/arm-none-eabi/10.3.1/../../../arm-none-eabi/lib/thumb/v6-m/nofp/libm.a
START GROUP
LOAD /usr/lib/gcc/arm-none-eabi/10.3.1/thumb/v6-m/nofp/libgcc.a
LOAD /usr/lib/gcc/arm-none-eabi/10.3.1/../../../arm-none-eabi/lib/thumb/v6-m/nofp/libg.a
LOAD /usr/lib/gcc/arm-none-eabi/10.3.1/../../../arm-none-eabi/lib/thumb/v6-m/nofp/libc.a
END GROUP
START GROUP
LOAD /usr/lib/gcc/arm-none-eabi/10.3.1/thumb/v6-m/nofp/libgcc.a
LOAD /usr/lib/gcc/arm-none-eabi/10.3.1/../../../arm-none-eabi/lib/thumb/v6-m/nofp/libc.a
LOAD /usr/lib/gcc/arm-none-eabi/10.3.1/../../../arm-none-eabi/lib/thumb/v6-m/nofp/libnosys.a
END GROUP
LOAD /usr/lib/gcc/arm-none-eabi/10.3.1/thumb/v6-m/nofp/crtend.o
LOAD /usr/lib/gcc/arm-none-eabi/10.3.1/thumb/v6-m/nofp/crtn.o
OUTPUT(read_max30003.elf elf32-littlearm)
LOAD linker stubs

.ARM.attributes
                0x0000000000000000       0x28
 .ARM.attributes
                0x0000000000000000       0x1e /usr/lib/gcc/arm-none-eabi/10.3.1/thumb/v6-m/nofp/crti.o
 .ARM.attributes
                0x000000000000001e       0x2c /usr/lib/gcc/arm-none-eabi/10.3.1/thumb/v6-m/nofp/crtbegin.o
 .ARM.attributes
                0x000000000000004a       0x2c CMakeFiles/read_max30003.dir/read_max30003.cpp.obj
 .ARM.attributes
                0x0000000000000076       0x2c CMakeFiles/read_max30003.dir/home/prem/pico/pico-sdk/src/rp2_common/hardware_gpio/gpio.c.obj
 .ARM.attributes
                0x00000000000000a2       0x2c CMakeFiles/read_max30003.dir/home/prem/pico/pico-sdk/src/rp2_common/pico_platform/platform.c.obj
 .ARM.attributes
                0x00000000000000ce       0x2c CMakeFiles/read_max30003.dir/home/prem/pico/pico-sdk/src/rp2_common/hardware_claim/claim.c.obj
 .ARM.attributes
                0x00000000000000fa       0x2c CMakeFiles/read_max30003.dir/home/prem/pico/pico-sdk/src/rp2_common/hardware_sync/sync.c.obj
 .ARM.attributes
                0x0000000000000126       0x2c CMakeFiles/read_max30003.dir/home/prem/pico/pico-sdk/src/rp2_common/hardware_irq/irq.c.obj
 .ARM.attributes
                0x0000000000000152       0x22 CMakeFiles/read_max30003.dir/home/prem/pico/pico-sdk/src/rp2_common/hardware_irq/irq_handler_chain.S.obj
 .ARM.attributes
                0x0000000000000174       0x2c CMakeFiles/read_max30003.dir/home/prem/pico/pico-sdk/src/common/pico_sync/lock_core.c.obj
 .ARM.attributes
                0x00000000000001a0       0x2c CMakeFiles/read_max30003.dir/home/prem/pico/pico-sdk/src/common/pico_sync/mutex.c.obj
 .ARM.attributes
                0x00000000000001cc       0x2c CMakeFiles/read_max30003.dir/home/prem/pico/pico-sdk/src/common/pico_time/time.c.obj
 .ARM.attributes
                0x00000000000001f8       0x2c CMakeFiles/read_max30003.dir/home/prem/pico/pico-sdk/src/rp2_common/hardware_timer/timer.c.obj
 .ARM.attributes
                0x0000000000000224       0x2c CMakeFiles/read_max30003.dir/home/prem/pico/pico-sdk/src/common/pico_util/pheap.c.obj
 .ARM.attributes
                0x0000000000000250       0x2c CMakeFiles/read_max30003.dir/home/prem/pico/pico-sdk/src/rp2_common/hardware_uart/uart.c.obj
 .ARM.attributes
                0x000000000000027c       0x2c CMakeFiles/read_max30003.dir/home/prem/pico/pico-sdk/src/rp2_common/hardware_clocks/clocks.c.obj
 .ARM.attributes
                0x00000000000002a8       0x2c CMakeFiles/read_max30003.dir/home/prem/pico/pico-sdk/src/rp2_common/hardware_pll/pll.c.obj
 .ARM.attributes
                0x00000000000002d4       0x2c CMakeFiles/read_max30003.dir/home/prem/pico/pico-sdk/src/rp2_common/hardware_watchdog/watchdog.c.obj
 .ARM.attributes
                0x0000000000000300       0x2c CMakeFiles/read_max30003.dir/home/prem/pico/pico-sdk/src/rp2_common/hardware_xosc/xosc.c.obj
 .ARM.attributes
                0x000000000000032c       0x2c CMakeFiles/read_max30003.dir/home/prem/pico/pico-sdk/src/rp2_common/pico_runtime/runtime.c.obj
 .ARM.attributes
                0x0000000000000358       0x2c CMakeFiles/read_max30003.dir/home/prem/pico/pico-sdk/src/rp2_common/pico_printf/printf.c.obj
 .ARM.attributes
                0x0000000000000384       0x22 CMakeFiles/read_max30003.dir/home/prem/pico/pico-sdk/src/rp2_common/pico_bit_ops/bit_ops_aeabi.S.obj
 .ARM.attributes
                0x00000000000003a6       0x2c CMakeFiles/read_max30003.dir/home/prem/pico/pico-sdk/src/rp2_common/pico_bootrom/bootrom.c.obj
 .ARM.attributes
                0x00000000000003d2       0x22 CMakeFiles/read_max30003.dir/home/prem/pico/pico-sdk/src/rp2_common/pico_divider/divider.S.obj
 .ARM.attributes
                0x00000000000003f4       0x22 CMakeFiles/read_max30003.dir/home/prem/pico/pico-sdk/src/rp2_common/pico_double/double_aeabi.S.obj
 .ARM.attributes
                0x0000000000000416       0x2c CMakeFiles/read_max30003.dir/home/prem/pico/pico-sdk/src/rp2_common/pico_double/double_init_rom.c.obj
 .ARM.attributes
                0x0000000000000442       0x22 CMakeFiles/read_max30003.dir/home/prem/pico/pico-sdk/src/rp2_common/pico_double/double_v1_rom_shim.S.obj
 .ARM.attributes
                0x0000000000000464       0x22 CMakeFiles/read_max30003.dir/home/prem/pico/pico-sdk/src/rp2_common/pico_int64_ops/pico_int64_ops_aeabi.S.obj
 .ARM.attributes
                0x0000000000000486       0x22 CMakeFiles/read_max30003.dir/home/prem/pico/pico-sdk/src/rp2_common/pico_float/float_aeabi.S.obj
 .ARM.attributes
                0x00000000000004a8       0x2c CMakeFiles/read_max30003.dir/home/prem/pico/pico-sdk/src/rp2_common/pico_float/float_init_rom.c.obj
 .ARM.attributes
                0x00000000000004d4       0x22 CMakeFiles/read_max30003.dir/home/prem/pico/pico-sdk/src/rp2_common/pico_float/float_v1_rom_shim.S.obj
 .ARM.attributes
                0x00000000000004f6       0x2c CMakeFiles/read_max30003.dir/home/prem/pico/pico-sdk/src/rp2_common/pico_malloc/pico_malloc.c.obj
 .ARM.attributes
                0x0000000000000522       0x22 CMakeFiles/read_max30003.dir/home/prem/pico/pico-sdk/src/rp2_common/pico_mem_ops/mem_ops_aeabi.S.obj
 .ARM.attributes
                0x0000000000000544       0x22 CMakeFiles/read_max30003.dir/home/prem/pico/pico-sdk/src/rp2_common/pico_standard_link/crt0.S.obj
 .ARM.attributes
                0x0000000000000566       0x32 CMakeFiles/read_max30003.dir/home/prem/pico/pico-sdk/src/rp2_common/pico_standard_link/binary_info.c.obj
 .ARM.attributes
                0x0000000000000598       0x2c CMakeFiles/read_max30003.dir/home/prem/pico/pico-sdk/src/rp2_common/pico_stdio/stdio.c.obj
 .ARM.attributes
                0x00000000000005c4       0x2c CMakeFiles/read_max30003.dir/home/prem/pico/pico-sdk/src/rp2_common/pico_stdio_uart/stdio_uart.c.obj
 .ARM.attributes
                0x00000000000005f0       0x2c CMakeFiles/read_max30003.dir/home/prem/pico/pico-sdk/src/rp2_common/hardware_spi/spi.c.obj
 .ARM.attributes
                0x000000000000061c       0x2c CMakeFiles/read_max30003.dir/home/prem/pico/pico-sdk/src/rp2_common/pico_multicore/multicore.c.obj
 .ARM.attributes
                0x0000000000000648       0x22 /tmp/ccsZoy4B.o
 .ARM.attributes
                0x000000000000066a       0x1e /usr/lib/gcc/arm-none-eabi/10.3.1/thumb/v6-m/nofp/libgcc.a(_dvmd_tls.o)
 .ARM.attributes
                0x0000000000000688       0x2c /usr/lib/gcc/arm-none-eabi/10.3.1/../../../arm-none-eabi/lib/thumb/v6-m/nofp/libg.a(lib_a-strlen-stub.o)
 .ARM.attributes
                0x00000000000006b4       0x2c /usr/lib/gcc/arm-none-eabi/10.3.1/thumb/v6-m/nofp/crtend.o

.comment        0x0000000000000000       0x33
 .comment       0x0000000000000000       0x33 /usr/lib/gcc/arm-none-eabi/10.3.1/thumb/v6-m/nofp/crtbegin.o
                                         0x34 (size before relaxing)
 .comment       0x0000000000000033       0x34 CMakeFiles/read_max30003.dir/read_max30003.cpp.obj
 .comment       0x0000000000000033       0x34 CMakeFiles/read_max30003.dir/home/prem/pico/pico-sdk/src/rp2_common/hardware_gpio/gpio.c.obj
 .comment       0x0000000000000033       0x34 CMakeFiles/read_max30003.dir/home/prem/pico/pico-sdk/src/rp2_common/pico_platform/platform.c.obj
 .comment       0x0000000000000033       0x34 CMakeFiles/read_max30003.dir/home/prem/pico/pico-sdk/src/rp2_common/hardware_claim/claim.c.obj
 .comment       0x0000000000000033       0x34 CMakeFiles/read_max30003.dir/home/prem/pico/pico-sdk/src/rp2_common/hardware_sync/sync.c.obj
 .comment       0x0000000000000033       0x34 CMakeFiles/read_max30003.dir/home/prem/pico/pico-sdk/src/rp2_common/hardware_irq/irq.c.obj
 .comment       0x0000000000000033       0x34 CMakeFiles/read_max30003.dir/home/prem/pico/pico-sdk/src/common/pico_sync/lock_core.c.obj
 .comment       0x0000000000000033       0x34 CMakeFiles/read_max30003.dir/home/prem/pico/pico-sdk/src/common/pico_sync/mutex.c.obj
 .comment       0x0000000000000033       0x34 CMakeFiles/read_max30003.dir/home/prem/pico/pico-sdk/src/common/pico_time/time.c.obj
 .comment       0x0000000000000033       0x34 CMakeFiles/read_max30003.dir/home/prem/pico/pico-sdk/src/rp2_common/hardware_timer/timer.c.obj
 .comment       0x0000000000000033       0x34 CMakeFiles/read_max30003.dir/home/prem/pico/pico-sdk/src/common/pico_util/pheap.c.obj
 .comment       0x0000000000000033       0x34 CMakeFiles/read_max30003.dir/home/prem/pico/pico-sdk/src/rp2_common/hardware_uart/uart.c.obj
 .comment       0x0000000000000033       0x34 CMakeFiles/read_max30003.dir/home/prem/pico/pico-sdk/src/rp2_common/hardware_clocks/clocks.c.obj
 .comment       0x0000000000000033       0x34 CMakeFiles/read_max30003.dir/home/prem/pico/pico-sdk/src/rp2_common/hardware_pll/pll.c.obj
 .comment       0x0000000000000033       0x34 CMakeFiles/read_max30003.dir/home/prem/pico/pico-sdk/src/rp2_common/hardware_watchdog/watchdog.c.obj
 .comment       0x0000000000000033       0x34 CMakeFiles/read_max30003.dir/home/prem/pico/pico-sdk/src/rp2_common/hardware_xosc/xosc.c.obj
 .comment       0x0000000000000033       0x34 CMakeFiles/read_max30003.dir/home/prem/pico/pico-sdk/src/rp2_common/pico_runtime/runtime.c.obj
 .comment       0x0000000000000033       0x34 CMakeFiles/read_max30003.dir/home/prem/pico/pico-sdk/src/rp2_common/pico_printf/printf.c.obj
 .comment       0x0000000000000033       0x34 CMakeFiles/read_max30003.dir/home/prem/pico/pico-sdk/src/rp2_common/pico_bootrom/bootrom.c.obj
 .comment       0x0000000000000033       0x34 CMakeFiles/read_max30003.dir/home/prem/pico/pico-sdk/src/rp2_common/pico_double/double_init_rom.c.obj
 .comment       0x0000000000000033       0x34 CMakeFiles/read_max30003.dir/home/prem/pico/pico-sdk/src/rp2_common/pico_float/float_init_rom.c.obj
 .comment       0x0000000000000033       0x34 CMakeFiles/read_max30003.dir/home/prem/pico/pico-sdk/src/rp2_common/pico_malloc/pico_malloc.c.obj