Archive member included to satisfy reference by file (symbol)

/usr/lib/gcc/arm-none-eabi/10.3.1/thumb/v6-m/nofp/libgcc.a(_dvmd_tls.o)
                              CMakeFiles/read_max30003.dir/home/prem/pico/pico-sdk/src/rp2_common/pico_divider/divider.S.obj (__aeabi_idiv0)
/usr/lib/gcc/arm-none-eabi/10.3.1/../../../arm-none-eabi/lib/thumb/v6-m/nofp/libg.a(lib_a-atexit.o)
                              /usr/lib/gcc/arm-none-eabi/10.3.1/../../../arm-none-eabi/lib/thumb/v6-m/nofp/crt0.o (atexit)
/usr/lib/gcc/arm-none-eabi/10.3.1/../../../arm-none-eabi/lib/thumb/v6-m/nofp/libg.a(lib_a-calloc.o)
                              CMakeFiles/read_max30003.dir/home/prem/pico/pico-sdk/src/rp2_common/pico_malloc/pico_malloc.c.obj (calloc)
/usr/lib/gcc/arm-none-eabi/10.3.1/../../../arm-none-eabi/lib/thumb/v6-m/nofp/libg.a(lib_a-callocr.o)
                              /usr/lib/gcc/arm-none-eabi/10.3.1/../../../arm-none-eabi/lib/thumb/v6-m/nofp/libg.a(lib_a-calloc.o) (_calloc_r)
/usr/lib/gcc/arm-none-eabi/10.3.1/../../../arm-none-eabi/lib/thumb/v6-m/nofp/libg.a(lib_a-fini.o)
                              /usr/lib/gcc/arm-none-eabi/10.3.1/../../../arm-none-eabi/lib/thumb/v6-m/nofp/crt0.o (__libc_fini_array)
/usr/lib/gcc/arm-none-eabi/10.3.1/../../../arm-none-eabi/lib/thumb/v6-m/nofp/libg.a(lib_a-impure.o)
                              /usr/lib/gcc/arm-none-eabi/10.3.1/../../../arm-none-eabi/lib/thumb/v6-m/nofp/libg.a(lib_a-calloc.o) (_impure_ptr)
/usr/lib/gcc/arm-none-eabi/10.3.1/../../../arm-none-eabi/lib/thumb/v6-m/nofp/libg.a(lib_a-init.o)
                              /usr/lib/gcc/arm-none-eabi/10.3.1/../../../arm-none-eabi/lib/thumb/v6-m/nofp/crt0.o (__libc_init_array)
/usr/lib/gcc/arm-none-eabi/10.3.1/../../../arm-none-eabi/lib/thumb/v6-m/nofp/libg.a(lib_a-malloc.o)
                              CMakeFiles/read_max30003.dir/home/prem/pico/pico-sdk/src/rp2_common/pico_malloc/pico_malloc.c.obj (malloc)
/usr/lib/gcc/arm-none-eabi/10.3.1/../../../arm-none-eabi/lib/thumb/v6-m/nofp/libg.a(lib_a-mallocr.o)
                              /usr/lib/gcc/arm-none-eabi/10.3.1/../../../arm-none-eabi/lib/thumb/v6-m/nofp/libg.a(lib_a-callocr.o) (_malloc_r)
/usr/lib/gcc/arm-none-eabi/10.3.1/../../../arm-none-eabi/lib/thumb/v6-m/nofp/libg.a(lib_a-mlock.o)
                              /usr/lib/gcc/arm-none-eabi/10.3.1/../../../arm-none-eabi/lib/thumb/v6-m/nofp/libg.a(lib_a-mallocr.o) (__malloc_lock)
/usr/lib/gcc/arm-none-eabi/10.3.1/../../../arm-none-eabi/lib/thumb/v6-m/nofp/libg.a(lib_a-realloc.o)
                              CMakeFiles/read_max30003.dir/home/prem/pico/pico-sdk/src/rp2_common/pico_malloc/pico_malloc.c.obj (realloc)
/usr/lib/gcc/arm-none-eabi/10.3.1/../../../arm-none-eabi/lib/thumb/v6-m/nofp/libg.a(lib_a-reallocr.o)
                              /usr/lib/gcc/arm-none-eabi/10.3.1/../../../arm-none-eabi/lib/thumb/v6-m/nofp/libg.a(lib_a-realloc.o) (_realloc_r)
/usr/lib/gcc/arm-none-eabi/10.3.1/../../../arm-none-eabi/lib/thumb/v6-m/nofp/libg.a(lib_a-sbrkr.o)
                              /usr/lib/gcc/arm-none-eabi/10.3.1/../../../arm-none-eabi/lib/thumb/v6-m/nofp/libg.a(lib_a-mallocr.o) (_sbrk_r)
/usr/lib/gcc/arm-none-eabi/10.3.1/../../../arm-none-eabi/lib/thumb/v6-m/nofp/libg.a(lib_a-strlen-stub.o)
                              CMakeFiles/read_max30003.dir/home/prem/pico/pico-sdk/src/rp2_common/pico_stdio/stdio.c.obj (strlen)
/usr/lib/gcc/arm-none-eabi/10.3.1/../../../arm-none-eabi/lib/thumb/v6-m/nofp/libg.a(lib_a-__atexit.o)
                              /usr/lib/gcc/arm-none-eabi/10.3.1/../../../arm-none-eabi/lib/thumb/v6-m/nofp/libg.a(lib_a-atexit.o) (__register_exitproc)
/usr/lib/gcc/arm-none-eabi/10.3.1/../../../arm-none-eabi/lib/thumb/v6-m/nofp/libg.a(lib_a-freer.o)
                              /usr/lib/gcc/arm-none-eabi/10.3.1/../../../arm-none-eabi/lib/thumb/v6-m/nofp/libg.a(lib_a-malloc.o) (_free_r)
/usr/lib/gcc/arm-none-eabi/10.3.1/../../../arm-none-eabi/lib/thumb/v6-m/nofp/libg.a(lib_a-memmove.o)
                              /usr/lib/gcc/arm-none-eabi/10.3.1/../../../arm-none-eabi/lib/thumb/v6-m/nofp/libg.a(lib_a-reallocr.o) (memmove)
/usr/lib/gcc/arm-none-eabi/10.3.1/../../../arm-none-eabi/lib/thumb/v6-m/nofp/libg.a(lib_a-reent.o)
                              /usr/lib/gcc/arm-none-eabi/10.3.1/../../../arm-none-eabi/lib/thumb/v6-m/nofp/libg.a(lib_a-sbrkr.o) (errno)

Discarded input sections

 .text          0x0000000000000000        0x0 /usr/lib/gcc/arm-none-eabi/10.3.1/thumb/v6-m/nofp/crti.o
 .data          0x0000000000000000        0x0 /usr/lib/gcc/arm-none-eabi/10.3.1/thumb/v6-m/nofp/crti.o
 .bss           0x0000000000000000        0x0 /usr/lib/gcc/arm-none-eabi/10.3.1/thumb/v6-m/nofp/crti.o
 .data          0x0000000000000000        0x4 /usr/lib/gcc/arm-none-eabi/10.3.1/thumb/v6-m/nofp/crtbegin.o
 .rodata        0x0000000000000000       0x24 /usr/lib/gcc/arm-none-eabi/10.3.1/thumb/v6-m/nofp/crtbegin.o
[...]
Memory Configuration

Name             Origin             Length             Attributes
FLASH            0x0000000010000000 0x0000000000200000 xr
RAM              0x0000000020000000 0x0000000000040000 xrw
SCRATCH_X        0x0000000020040000 0x0000000000001000 xrw
SCRATCH_Y        0x0000000020041000 0x0000000000001000 xrw
*default*        0x0000000000000000 0xffffffffffffffff

Linker script and memory map

LOAD /usr/lib/gcc/arm-none-eabi/10.3.1/thumb/v6-m/nofp/crti.o
LOAD /usr/lib/gcc/arm-none-eabi/10.3.1/thumb/v6-m/nofp/crtbegin.o
LOAD /usr/lib/gcc/arm-none-eabi/10.3.1/../../../arm-none-eabi/lib/thumb/v6-m/nofp/crt0.o

.flash_begin    0x0000000010000000        0x0
                0x0000000010000000                __flash_binary_start = .

.boot2          0x0000000010000000      0x100
                0x0000000010000000                __boot2_start__ = .
 *(.boot2)
 .boot2         0x0000000010000000      0x100 /tmp/ccX75DOT.o
                0x0000000010000100                __boot2_end__ = .
                0x0000000000000001                ASSERT (((__boot2_end__ - __boot2_start__) == 0x100), ERROR: Pico second stage bootloader must be 256 bytes in size)

.text           0x0000000010000100     0x5138
                0x0000000010000100                __logical_binary_start = .
 *(.vectors)
 .vectors       0x0000000010000100       0xd4 CMakeFiles/read_max30003.dir/home/prem/pico/pico-sdk/src/rp2_common/pico_standard_link/crt0.S.obj
                0x0000000010000100                __vectors
                0x0000000010000100                __VECTOR_TABLE
                0x00000000100001c0                isr_invalid
                0x00000000100001c0                __default_isrs_start
                0x00000000100001c2                isr_nmi
                0x00000000100001c4                isr_hardfault
                0x00000000100001c6                isr_svcall
                0x00000000100001c8                isr_pendsv
                0x00000000100001ca                isr_systick
                0x00000000100001cc                isr_irq30
                0x00000000100001cc                __unhandled_user_irq
                0x00000000100001cc                isr_irq13
                0x00000000100001cc                isr_irq27
                0x00000000100001cc                isr_irq31
                0x00000000100001cc                isr_irq5
                0x00000000100001cc                isr_irq11
                0x00000000100001cc                isr_irq23
                0x00000000100001cc                isr_irq18
                0x00000000100001cc                isr_irq28
                0x00000000100001cc                isr_irq19
                0x00000000100001cc                isr_irq0
                0x00000000100001cc                isr_irq6
                0x00000000100001cc                isr_irq22
                0x00000000100001cc                isr_irq17
                0x00000000100001cc                isr_irq14
                0x00000000100001cc                isr_irq2
                0x00000000100001cc                isr_irq10
                0x00000000100001cc                isr_irq8
                0x00000000100001cc                isr_irq24
                0x00000000100001cc                isr_irq1
                0x00000000100001cc                isr_irq7
                0x00000000100001cc                isr_irq21
                0x00000000100001cc                isr_irq20
                0x00000000100001cc                isr_irq15
                0x00000000100001cc                isr_irq25
                0x00000000100001cc                isr_irq4
                0x00000000100001cc                isr_irq16
                0x00000000100001cc                isr_irq29
                0x00000000100001cc                isr_irq26
                0x00000000100001cc                __default_isrs_end
                0x00000000100001cc                isr_irq3
                0x00000000100001cc                isr_irq12
                0x00000000100001cc                isr_irq9
                0x00000000100001d2                unhandled_user_irq_num_in_r0
 *(.binary_info_header)
 .binary_info_header
                0x00000000100001d4       0x14 CMakeFiles/read_max30003.dir/home/prem/pico/pico-sdk/src/rp2_common/pico_standard_link/crt0.S.obj
                0x00000000100001e8                __binary_info_header_end = .
 *(.reset)
 .reset         0x00000000100001e8       0xa0 CMakeFiles/read_max30003.dir/home/prem/pico/pico-sdk/src/rp2_common/pico_standard_link/crt0.S.obj
                0x00000000100001e8                _entry_point
 .reset         0x0000000010000288       0x30 CMakeFiles/read_max30003.dir/home/prem/pico/pico-sdk/src/rp2_common/pico_standard_link/binary_info.c.obj
 *(.init)
 .init          0x00000000100002b8        0x4 /usr/lib/gcc/arm-none-eabi/10.3.1/thumb/v6-m/nofp/crti.o
                0x00000000100002b8                _init
 *(EXCLUDE_FILE(*libm.a: *libc.a:*lib_a-mem*.o *libgcc.a:) .text*)
 .text          0x00000000100002bc       0x98 /usr/lib/gcc/arm-none-eabi/10.3.1/thumb/v6-m/nofp/crtbegin.o
 .text._Z15max3003CallBacki20MAX30003CallBackType
                0x0000000010000354       0x24 CMakeFiles/read_max30003.dir/read_max30003.cpp.obj
                0x0000000010000354                max3003CallBack(int, MAX30003CallBackType)
 .text._ZN8MAX30003C2EiP8spi_instPFvi20MAX30003CallBackTypeE
                0x0000000010000378        0x8 CMakeFiles/read_max30003.dir/read_max30003.cpp.obj
                0x0000000010000378                MAX30003::MAX30003(int, spi_inst*, void (*)(int, MAX30003CallBackType))
                0x0000000010000378                MAX30003::MAX30003(int, spi_inst*, void (*)(int, MAX30003CallBackType))
 .text._Z41__static_initialization_and_destruction_0ii
                0x0000000010000380       0x2c CMakeFiles/read_max30003.dir/read_max30003.cpp.obj
 .text._ZN8MAX3000311cs_deselectEv
                0x00000000100003ac        0xe CMakeFiles/read_max30003.dir/read_max30003.cpp.obj
                0x00000000100003ac                MAX30003::cs_deselect()
 .text._ZN8MAX300039cs_selectEv
                0x00000000100003ba        0xe CMakeFiles/read_max30003.dir/read_max30003.cpp.obj
                0x00000000100003ba                MAX30003::cs_select()
 .text._ZN8MAX3000314read_registersEhPhi
                0x00000000100003c8       0x3a CMakeFiles/read_max30003.dir/read_max30003.cpp.obj
                0x00000000100003c8                MAX30003::read_registers(unsigned char, unsigned char*, int)
 .text._ZN8MAX3000316max30003RegWriteEhm
                0x0000000010000402       0x2e CMakeFiles/read_max30003.dir/read_max30003.cpp.obj
                0x0000000010000402                MAX30003::max30003RegWrite(unsigned char, unsigned long)
 .text._ZN8MAX3000323max30003SetsamplingRateEt
                0x0000000010000430       0x70 CMakeFiles/read_max30003.dir/read_max30003.cpp.obj
                0x0000000010000430                MAX30003::max30003SetsamplingRate(unsigned short)
 .text._ZN8MAX3000313max30003BeginEv
                0x00000000100004a0       0x94 CMakeFiles/read_max30003.dir/read_max30003.cpp.obj
                0x00000000100004a0                MAX30003::max30003Begin()
 .text._ZN8MAX3000310getHRandRREv
                0x0000000010000534       0x6c CMakeFiles/read_max30003.dir/read_max30003.cpp.obj
                0x0000000010000534                MAX30003::getHRandRR()
 .text._ZN8MAX3000313getEcgSamplesEv
                0x00000000100005a0       0x94 CMakeFiles/read_max30003.dir/read_max30003.cpp.obj
                0x00000000100005a0                MAX30003::getEcgSamples()
 .text._ZN8MAX3000316max30003ReadInfoEv
                0x0000000010000634       0x24 CMakeFiles/read_max30003.dir/read_max30003.cpp.obj
                0x0000000010000634                MAX30003::max30003ReadInfo()
 .text._ZN8MAX3000310readStatusEPh
                0x0000000010000658        0xe CMakeFiles/read_max30003.dir/read_max30003.cpp.obj
                0x0000000010000658                MAX30003::readStatus(unsigned char*)
 *fill*         0x0000000010000666        0x2 
 .text._ZN8MAX3000312setIntrupptsEv
                0x0000000010000668       0x3c CMakeFiles/read_max30003.dir/read_max30003.cpp.obj
                0x0000000010000668                MAX30003::setIntruppts()
 .text._ZN8MAX3000312readIntrupptEv
                0x00000000100006a4       0x68 CMakeFiles/read_max30003.dir/read_max30003.cpp.obj
                0x00000000100006a4                MAX30003::readIntruppt()
 .text._ZN8MAX3000323getDataIntrupptCallbackEv
                0x000000001000070c       0x30 CMakeFiles/read_max30003.dir/read_max30003.cpp.obj
                0x000000001000070c                MAX30003::getDataIntrupptCallback()
 .text._Z16max30003Intrupptjm
                0x000000001000073c       0x10 CMakeFiles/read_max30003.dir/read_max30003.cpp.obj
                0x000000001000073c                max30003Intruppt(unsigned int, unsigned long)
 .text._Z21initiaLizeMAX30003SPIv
                0x000000001000074c       0x7c CMakeFiles/read_max30003.dir/read_max30003.cpp.obj
                0x000000001000074c                initiaLizeMAX30003SPI()
 .text.main     0x00000000100007c8       0x58 CMakeFiles/read_max30003.dir/read_max30003.cpp.obj
                0x00000000100007c8                main
 .text._GLOBAL__sub_I__ZN8MAX30003C2EiP8spi_instPFvi20MAX30003CallBackTypeE
                0x0000000010000820       0x10 CMakeFiles/read_max30003.dir/read_max30003.cpp.obj
 .text.gpio_set_function
                0x0000000010000830       0x30 CMakeFiles/read_max30003.dir/home/prem/pico/pico-sdk/src/rp2_common/hardware_gpio/gpio.c.obj
                0x0000000010000830                gpio_set_function
 .text.gpio_set_pulls
                0x0000000010000860       0x34 CMakeFiles/read_max30003.dir/home/prem/pico/pico-sdk/src/rp2_common/hardware_gpio/gpio.c.obj
                0x0000000010000860                gpio_set_pulls
 .text.gpio_set_irq_callback
                0x0000000010000894       0x48 CMakeFiles/read_max30003.dir/home/prem/pico/pico-sdk/src/rp2_common/hardware_gpio/gpio.c.obj
                0x0000000010000894                gpio_set_irq_callback
 .text.gpio_acknowledge_irq
                0x00000000100008dc       0x18 CMakeFiles/read_max30003.dir/home/prem/pico/pico-sdk/src/rp2_common/hardware_gpio/gpio.c.obj
                0x00000000100008dc                gpio_acknowledge_irq
 .text._gpio_set_irq_enabled
                0x00000000100008f4       0x34 CMakeFiles/read_max30003.dir/home/prem/pico/pico-sdk/src/rp2_common/hardware_gpio/gpio.c.obj
 .text.gpio_set_irq_enabled
                0x0000000010000928       0x20 CMakeFiles/read_max30003.dir/home/prem/pico/pico-sdk/src/rp2_common/hardware_gpio/gpio.c.obj
                0x0000000010000928                gpio_set_irq_enabled
 .text.gpio_set_irq_enabled_with_callback
                0x0000000010000948       0x20 CMakeFiles/read_max30003.dir/home/prem/pico/pico-sdk/src/rp2_common/hardware_gpio/gpio.c.obj
                0x0000000010000948                gpio_set_irq_enabled_with_callback
 .text.gpio_default_irq_handler
                0x0000000010000968       0x98 CMakeFiles/read_max30003.dir/home/prem/pico/pico-sdk/src/rp2_common/hardware_gpio/gpio.c.obj
 .text.gpio_init
                0x0000000010000a00       0x16 CMakeFiles/read_max30003.dir/home/prem/pico/pico-sdk/src/rp2_common/hardware_gpio/gpio.c.obj
                0x0000000010000a00                gpio_init
 *fill*         0x0000000010000a16        0x2 
 .text.running_on_fpga
                0x0000000010000a18       0x14 CMakeFiles/read_max30003.dir/home/prem/pico/pico-sdk/src/rp2_common/pico_platform/platform.c.obj
                0x0000000010000a18                running_on_fpga
 .text.hw_claim_lock
                0x0000000010000a2c       0x18 CMakeFiles/read_max30003.dir/home/prem/pico/pico-sdk/src/rp2_common/hardware_claim/claim.c.obj
                0x0000000010000a2c                hw_claim_lock
 .text.hw_claim_unlock
                0x0000000010000a44       0x14 CMakeFiles/read_max30003.dir/home/prem/pico/pico-sdk/src/rp2_common/hardware_claim/claim.c.obj
                0x0000000010000a44                hw_claim_unlock
 .text.hw_claim_or_assert
                0x0000000010000a58       0x32 CMakeFiles/read_max30003.dir/home/prem/pico/pico-sdk/src/rp2_common/hardware_claim/claim.c.obj
                0x0000000010000a58                hw_claim_or_assert
 *fill*         0x0000000010000a8a        0x2 
 .text.spin_locks_reset
                0x0000000010000a8c       0x20 CMakeFiles/read_max30003.dir/home/prem/pico/pico-sdk/src/rp2_common/hardware_sync/sync.c.obj
                0x0000000010000a8c                spin_locks_reset
 .text.next_striped_spin_lock_num
                0x0000000010000aac       0x1c CMakeFiles/read_max30003.dir/home/prem/pico/pico-sdk/src/rp2_common/hardware_sync/sync.c.obj
                0x0000000010000aac                next_striped_spin_lock_num
 .text.set_raw_irq_handler_and_unlock
                0x0000000010000ac8       0x28 CMakeFiles/read_max30003.dir/home/prem/pico/pico-sdk/src/rp2_common/hardware_irq/irq.c.obj
 .text.make_branch
                0x0000000010000af0       0x48 CMakeFiles/read_max30003.dir/home/prem/pico/pico-sdk/src/rp2_common/hardware_irq/irq.c.obj
 .text.insert_branch_and_link
                0x0000000010000b38       0x40 CMakeFiles/read_max30003.dir/home/prem/pico/pico-sdk/src/rp2_common/hardware_irq/irq.c.obj
 .text.irq_is_enabled
                0x0000000010000b78       0x18 CMakeFiles/read_max30003.dir/home/prem/pico/pico-sdk/src/rp2_common/hardware_irq/irq.c.obj
                0x0000000010000b78                irq_is_enabled
 .text.irq_set_mask_enabled
                0x0000000010000b90       0x20 CMakeFiles/read_max30003.dir/home/prem/pico/pico-sdk/src/rp2_common/hardware_irq/irq.c.obj
                0x0000000010000b90                irq_set_mask_enabled
 .text.irq_set_enabled
                0x0000000010000bb0        0xe CMakeFiles/read_max30003.dir/home/prem/pico/pico-sdk/src/rp2_common/hardware_irq/irq.c.obj
                0x0000000010000bb0                irq_set_enabled
 *fill*         0x0000000010000bbe        0x2 
 .text.irq_get_vtable_handler
                0x0000000010000bc0       0x10 CMakeFiles/read_max30003.dir/home/prem/pico/pico-sdk/src/rp2_common/hardware_irq/irq.c.obj
                0x0000000010000bc0                irq_get_vtable_handler
 .text.irq_set_exclusive_handler
                0x0000000010000bd0       0x54 CMakeFiles/read_max30003.dir/home/prem/pico/pico-sdk/src/rp2_common/hardware_irq/irq.c.obj
                0x0000000010000bd0                irq_set_exclusive_handler
 .text.irq_add_shared_handler
                0x0000000010000c24      0x234 CMakeFiles/read_max30003.dir/home/prem/pico/pico-sdk/src/rp2_common/hardware_irq/irq.c.obj
                0x0000000010000c24                irq_add_shared_handler
 .text.irq_remove_handler
                0x0000000010000e58      0x1ac CMakeFiles/read_max30003.dir/home/prem/pico/pico-sdk/src/rp2_common/hardware_irq/irq.c.obj
                0x0000000010000e58                irq_remove_handler
 .text.irq_add_tail_to_free_list
                0x0000000010001004       0xf0 CMakeFiles/read_max30003.dir/home/prem/pico/pico-sdk/src/rp2_common/hardware_irq/irq.c.obj
                0x0000000010001004                irq_add_tail_to_free_list
 .text.irq_init_priorities
                0x00000000100010f4       0x1c CMakeFiles/read_max30003.dir/home/prem/pico/pico-sdk/src/rp2_common/hardware_irq/irq.c.obj
                0x00000000100010f4                irq_init_priorities
 .text.lock_init
                0x0000000010001110       0x10 CMakeFiles/read_max30003.dir/home/prem/pico/pico-sdk/src/common/pico_sync/lock_core.c.obj
                0x0000000010001110                lock_init
 .text.mutex_init
                0x0000000010001120       0x1a CMakeFiles/read_max30003.dir/home/prem/pico/pico-sdk/src/common/pico_sync/mutex.c.obj
                0x0000000010001120                mutex_init
 .text.recursive_mutex_init
                0x000000001000113a       0x1e CMakeFiles/read_max30003.dir/home/prem/pico/pico-sdk/src/common/pico_sync/mutex.c.obj
                0x000000001000113a                recursive_mutex_init
 .text.alarm_pool_post_alloc_init
                0x0000000010001158       0x40 CMakeFiles/read_max30003.dir/home/prem/pico/pico-sdk/src/common/pico_time/time.c.obj
 .text.sleep_until_callback
                0x0000000010001198       0x30 CMakeFiles/read_max30003.dir/home/prem/pico/pico-sdk/src/common/pico_time/time.c.obj
 .text.timer_pool_entry_comparator
                0x00000000100011c8       0x7c CMakeFiles/read_max30003.dir/home/prem/pico/pico-sdk/src/common/pico_time/time.c.obj
                0x00000000100011c8                timer_pool_entry_comparator
 .text.ph_add_child_node
                0x0000000010001244       0xa4 CMakeFiles/read_max30003.dir/home/prem/pico/pico-sdk/src/common/pico_time/time.c.obj
 .text.ph_merge_nodes
                0x00000000100012e8       0x3e CMakeFiles/read_max30003.dir/home/prem/pico/pico-sdk/src/common/pico_time/time.c.obj
 *fill*         0x0000000010001326        0x2 
 .text.add_alarm_under_lock
                0x0000000010001328      0x174 CMakeFiles/read_max30003.dir/home/prem/pico/pico-sdk/src/common/pico_time/time.c.obj
 .text.alarm_pool_alarm_callback
                0x000000001000149c      0x33c CMakeFiles/read_max30003.dir/home/prem/pico/pico-sdk/src/common/pico_time/time.c.obj
 .text.alarm_pool_init_default
                0x00000000100017d8       0x40 CMakeFiles/read_max30003.dir/home/prem/pico/pico-sdk/src/common/pico_time/time.c.obj
                0x00000000100017d8                alarm_pool_init_default
 .text.alarm_pool_get_default
                0x0000000010001818       0x2c CMakeFiles/read_max30003.dir/home/prem/pico/pico-sdk/src/common/pico_time/time.c.obj
                0x0000000010001818                alarm_pool_get_default
 .text.alarm_pool_add_alarm_at
                0x0000000010001844      0x168 CMakeFiles/read_max30003.dir/home/prem/pico/pico-sdk/src/common/pico_time/time.c.obj
                0x0000000010001844                alarm_pool_add_alarm_at
 .text.alarm_pool_cancel_alarm
                0x00000000100019ac       0xf8 CMakeFiles/read_max30003.dir/home/prem/pico/pico-sdk/src/common/pico_time/time.c.obj
                0x00000000100019ac                alarm_pool_cancel_alarm
 .text.sleep_until
                0x0000000010001aa4       0xfc CMakeFiles/read_max30003.dir/home/prem/pico/pico-sdk/src/common/pico_time/time.c.obj
                0x0000000010001aa4                sleep_until
 .text.sleep_us
                0x0000000010001ba0       0x58 CMakeFiles/read_max30003.dir/home/prem/pico/pico-sdk/src/common/pico_time/time.c.obj
                0x0000000010001ba0                sleep_us
 .text.sleep_ms
                0x0000000010001bf8       0x14 CMakeFiles/read_max30003.dir/home/prem/pico/pico-sdk/src/common/pico_time/time.c.obj
                0x0000000010001bf8                sleep_ms
 .text.best_effort_wfe_or_timeout
                0x0000000010001c0c       0xac CMakeFiles/read_max30003.dir/home/prem/pico/pico-sdk/src/common/pico_time/time.c.obj
                0x0000000010001c0c                best_effort_wfe_or_timeout
 .text.hardware_alarm_irq_handler
                0x0000000010001cb8       0x90 CMakeFiles/read_max30003.dir/home/prem/pico/pico-sdk/src/rp2_common/hardware_timer/timer.c.obj
 .text.hardware_alarm_claim
                0x0000000010001d48       0x18 CMakeFiles/read_max30003.dir/home/prem/pico/pico-sdk/src/rp2_common/hardware_timer/timer.c.obj
                0x0000000010001d48                hardware_alarm_claim
 .text.time_us_64
                0x0000000010001d60       0x18 CMakeFiles/read_max30003.dir/home/prem/pico/pico-sdk/src/rp2_common/hardware_timer/timer.c.obj
                0x0000000010001d60                time_us_64
 .text.busy_wait_until
                0x0000000010001d78       0x28 CMakeFiles/read_max30003.dir/home/prem/pico/pico-sdk/src/rp2_common/hardware_timer/timer.c.obj
                0x0000000010001d78                busy_wait_until
 .text.busy_wait_us
                0x0000000010001da0       0x48 CMakeFiles/read_max30003.dir/home/prem/pico/pico-sdk/src/rp2_common/hardware_timer/timer.c.obj
                0x0000000010001da0                busy_wait_us
 .text.hardware_alarm_set_callback
                0x0000000010001de8       0x90 CMakeFiles/read_max30003.dir/home/prem/pico/pico-sdk/src/rp2_common/hardware_timer/timer.c.obj
                0x0000000010001de8                hardware_alarm_set_callback
 .text.hardware_alarm_set_target
                0x0000000010001e78       0xe8 CMakeFiles/read_max30003.dir/home/prem/pico/pico-sdk/src/rp2_common/hardware_timer/timer.c.obj
                0x0000000010001e78                hardware_alarm_set_target
 .text.hardware_alarm_cancel
                0x0000000010001f60       0x40 CMakeFiles/read_max30003.dir/home/prem/pico/pico-sdk/src/rp2_common/hardware_timer/timer.c.obj
                0x0000000010001f60                hardware_alarm_cancel
 .text.ph_add_child_node
                0x0000000010001fa0       0xa4 CMakeFiles/read_max30003.dir/home/prem/pico/pico-sdk/src/common/pico_util/pheap.c.obj
 .text.ph_merge_nodes
                0x0000000010002044       0x3e CMakeFiles/read_max30003.dir/home/prem/pico/pico-sdk/src/common/pico_util/pheap.c.obj
 *fill*         0x0000000010002082        0x2 
 .text.ph_clear
                0x0000000010002084       0x70 CMakeFiles/read_max30003.dir/home/prem/pico/pico-sdk/src/common/pico_util/pheap.c.obj
                0x0000000010002084                ph_clear
 .text.ph_post_alloc_init
                0x00000000100020f4        0xe CMakeFiles/read_max30003.dir/home/prem/pico/pico-sdk/src/common/pico_util/pheap.c.obj
                0x00000000100020f4                ph_post_alloc_init
 *fill*         0x0000000010002102        0x2 
 .text.ph_merge_two_pass
                0x0000000010002104       0xa8 CMakeFiles/read_max30003.dir/home/prem/pico/pico-sdk/src/common/pico_util/pheap.c.obj
                0x0000000010002104                ph_merge_two_pass
 .text.ph_remove_any_head
                0x00000000100021ac      0x128 CMakeFiles/read_max30003.dir/home/prem/pico/pico-sdk/src/common/pico_util/pheap.c.obj
 .text.ph_remove_head
                0x00000000100022d4       0x14 CMakeFiles/read_max30003.dir/home/prem/pico/pico-sdk/src/common/pico_util/pheap.c.obj
                0x00000000100022d4                ph_remove_head
 .text.ph_remove_and_free_node
                0x00000000100022e8       0xf8 CMakeFiles/read_max30003.dir/home/prem/pico/pico-sdk/src/common/pico_util/pheap.c.obj
                0x00000000100022e8                ph_remove_and_free_node
 .text.uart_disable_before_lcr_write
                0x00000000100023e0       0x48 CMakeFiles/read_max30003.dir/home/prem/pico/pico-sdk/src/rp2_common/hardware_uart/uart.c.obj
 .text.uart_write_lcr_bits_masked
                0x0000000010002428       0x22 CMakeFiles/read_max30003.dir/home/prem/pico/pico-sdk/src/rp2_common/hardware_uart/uart.c.obj
 *fill*         0x000000001000244a        0x2 
 .text.uart_set_baudrate
                0x000000001000244c       0x5c CMakeFiles/read_max30003.dir/home/prem/pico/pico-sdk/src/rp2_common/hardware_uart/uart.c.obj
                0x000000001000244c                uart_set_baudrate
 .text.uart_set_format
                0x00000000100024a8       0x2c CMakeFiles/read_max30003.dir/home/prem/pico/pico-sdk/src/rp2_common/hardware_uart/uart.c.obj
                0x00000000100024a8                uart_set_format
 .text.uart_set_translate_crlf
                0x00000000100024d4       0x28 CMakeFiles/read_max30003.dir/home/prem/pico/pico-sdk/src/rp2_common/hardware_uart/uart.c.obj
                0x00000000100024d4                uart_set_translate_crlf
 .text.uart_init
                0x00000000100024fc       0x80 CMakeFiles/read_max30003.dir/home/prem/pico/pico-sdk/src/rp2_common/hardware_uart/uart.c.obj
                0x00000000100024fc                uart_init
 .text.clock_configure
                0x000000001000257c      0x108 CMakeFiles/read_max30003.dir/home/prem/pico/pico-sdk/src/rp2_common/hardware_clocks/clocks.c.obj
                0x000000001000257c                clock_configure
 .text.clocks_init
                0x0000000010002684      0x100 CMakeFiles/read_max30003.dir/home/prem/pico/pico-sdk/src/rp2_common/hardware_clocks/clocks.c.obj
                0x0000000010002684                clocks_init
 .text.clock_get_hz
                0x0000000010002784        0xc CMakeFiles/read_max30003.dir/home/prem/pico/pico-sdk/src/rp2_common/hardware_clocks/clocks.c.obj
                0x0000000010002784                clock_get_hz
 .text.pll_init
                0x0000000010002790      0x120 CMakeFiles/read_max30003.dir/home/prem/pico/pico-sdk/src/rp2_common/hardware_pll/pll.c.obj
                0x0000000010002790                pll_init
 .text.watchdog_start_tick
                0x00000000100028b0       0x10 CMakeFiles/read_max30003.dir/home/prem/pico/pico-sdk/src/rp2_common/hardware_watchdog/watchdog.c.obj
                0x00000000100028b0                watchdog_start_tick
 .text.xosc_init
                0x00000000100028c0       0x28 CMakeFiles/read_max30003.dir/home/prem/pico/pico-sdk/src/rp2_common/hardware_xosc/xosc.c.obj
                0x00000000100028c0                xosc_init
 .text._exit    0x00000000100028e8        0x4 CMakeFiles/read_max30003.dir/home/prem/pico/pico-sdk/src/rp2_common/pico_runtime/runtime.c.obj
                0x00000000100028e8                _exit
 .text.exit     0x00000000100028ec        0x6 CMakeFiles/read_max30003.dir/home/prem/pico/pico-sdk/src/rp2_common/pico_runtime/runtime.c.obj
                0x00000000100028ec                exit
 *fill*         0x00000000100028f2        0x2 
 .text.__assert_func
                0x00000000100028f4       0x3c CMakeFiles/read_max30003.dir/home/prem/pico/pico-sdk/src/rp2_common/pico_runtime/runtime.c.obj
                0x00000000100028f4                __assert_func
 .text.runtime_init
                0x0000000010002930       0xf8 CMakeFiles/read_max30003.dir/home/prem/pico/pico-sdk/src/rp2_common/pico_runtime/runtime.c.obj
                0x0000000010002930                runtime_init
 .text.panic    0x0000000010002a28       0x30 CMakeFiles/read_max30003.dir/home/prem/pico/pico-sdk/src/rp2_common/pico_runtime/runtime.c.obj
                0x0000000010002a28                panic
 .text._out_null
                0x0000000010002a58        0x2 CMakeFiles/read_max30003.dir/home/prem/pico/pico-sdk/src/rp2_common/pico_printf/printf.c.obj
 .text._out_fct
                0x0000000010002a5a        0xe CMakeFiles/read_max30003.dir/home/prem/pico/pico-sdk/src/rp2_common/pico_printf/printf.c.obj
 .text._atoi    0x0000000010002a68       0x24 CMakeFiles/read_max30003.dir/home/prem/pico/pico-sdk/src/rp2_common/pico_printf/printf.c.obj
 .text._out_rev
                0x0000000010002a8c       0xae CMakeFiles/read_max30003.dir/home/prem/pico/pico-sdk/src/rp2_common/pico_printf/printf.c.obj
 .text._ntoa_format
                0x0000000010002b3a      0x112 CMakeFiles/read_max30003.dir/home/prem/pico/pico-sdk/src/rp2_common/pico_printf/printf.c.obj
 .text._ntoa_long
                0x0000000010002c4c       0xbc CMakeFiles/read_max30003.dir/home/prem/pico/pico-sdk/src/rp2_common/pico_printf/printf.c.obj
 .text._ntoa_long_long
                0x0000000010002d08       0xe2 CMakeFiles/read_max30003.dir/home/prem/pico/pico-sdk/src/rp2_common/pico_printf/printf.c.obj
 *fill*         0x0000000010002dea        0x2 
 .text._etoa    0x0000000010002dec      0x414 CMakeFiles/read_max30003.dir/home/prem/pico/pico-sdk/src/rp2_common/pico_printf/printf.c.obj
 .text._ftoa    0x0000000010003200      0x354 CMakeFiles/read_max30003.dir/home/prem/pico/pico-sdk/src/rp2_common/pico_printf/printf.c.obj
 .text._vsnprintf
                0x0000000010003554      0x624 CMakeFiles/read_max30003.dir/home/prem/pico/pico-sdk/src/rp2_common/pico_printf/printf.c.obj
 .text.vfctprintf
                0x0000000010003b78       0x20 CMakeFiles/read_max30003.dir/home/prem/pico/pico-sdk/src/rp2_common/pico_printf/printf.c.obj
                0x0000000010003b78                vfctprintf
 .text          0x0000000010003b98       0x10 CMakeFiles/read_max30003.dir/home/prem/pico/pico-sdk/src/rp2_common/pico_bit_ops/bit_ops_aeabi.S.obj
 .text.rom_func_lookup
                0x0000000010003ba8       0x10 CMakeFiles/read_max30003.dir/home/prem/pico/pico-sdk/src/rp2_common/pico_bootrom/bootrom.c.obj
                0x0000000010003ba8                rom_func_lookup
 .text.rom_data_lookup
                0x0000000010003bb8       0x10 CMakeFiles/read_max30003.dir/home/prem/pico/pico-sdk/src/rp2_common/pico_bootrom/bootrom.c.obj
                0x0000000010003bb8                rom_data_lookup
 .text.rom_funcs_lookup
                0x0000000010003bc8       0x36 CMakeFiles/read_max30003.dir/home/prem/pico/pico-sdk/src/rp2_common/pico_bootrom/bootrom.c.obj
                0x0000000010003bc8                rom_funcs_lookup
 *fill*         0x0000000010003bfe        0x2 
 .text.__wrap___aeabi_idiv
                0x0000000010003c00       0x50 CMakeFiles/read_max30003.dir/home/prem/pico/pico-sdk/src/rp2_common/pico_divider/divider.S.obj
                0x0000000010003c00                __wrap___aeabi_idivmod
                0x0000000010003c00                divmod_s32s32
                0x0000000010003c00                div_s32s32
                0x0000000010003c00                __wrap___aeabi_idiv
                0x0000000010003c08                divmod_s32s32_unsafe
                0x0000000010003c34                divmod_s32s32_savestate
 .text.__wrap___aeabi_uidiv
                0x0000000010003c50       0x4c CMakeFiles/read_max30003.dir/home/prem/pico/pico-sdk/src/rp2_common/pico_divider/divider.S.obj
                0x0000000010003c50                __wrap___aeabi_uidiv
                0x0000000010003c50                __wrap___aeabi_uidivmod
                0x0000000010003c50                div_u32u32
                0x0000000010003c50                divmod_u32u32
                0x0000000010003c58                divmod_u32u32_unsafe
                0x0000000010003c80                divmod_u32u32_savestate
 .text.__wrap___aeabi_ldiv
                0x0000000010003c9c      0x424 CMakeFiles/read_max30003.dir/home/prem/pico/pico-sdk/src/rp2_common/pico_divider/divider.S.obj
                0x0000000010003c9c                div_s64s64
                0x0000000010003c9c                divmod_s64s64
                0x0000000010003c9c                __wrap___aeabi_ldivmod
                0x0000000010003ccc                div_u64u64
                0x0000000010003ccc                divmod_u64u64
                0x0000000010003ccc                __wrap___aeabi_uldivmod
                0x0000000010003cdc                divmod_u64u64_savestate
                0x0000000010003cfc                divmod_s64s64_unsafe
                0x0000000010003d84                divmod_u64u64_unsafe
 .text.__wrap___aeabi_darithmetic
                0x00000000100040c0       0x80 CMakeFiles/read_max30003.dir/home/prem/pico/pico-sdk/src/rp2_common/pico_double/double_aeabi.S.obj
                0x00000000100040c0                __wrap___aeabi_drsub
                0x00000000100040c6                __wrap___aeabi_dsub
                0x00000000100040d8                __wrap___aeabi_dadd
                0x00000000100040ea                __wrap___aeabi_ddiv
                0x0000000010004126                __wrap___aeabi_dmul
 .text.__wrap___aeabi_cdcmple
                0x0000000010004140       0x6c CMakeFiles/read_max30003.dir/home/prem/pico/pico-sdk/src/rp2_common/pico_double/double_aeabi.S.obj
                0x0000000010004140                __wrap___aeabi_cdrcmple
                0x0000000010004150                __wrap___aeabi_cdcmple
                0x0000000010004150                __wrap___aeabi_cdcmpeq
 .text.__wrap___aeabi_dcmplt
                0x00000000100041ac        0xc CMakeFiles/read_max30003.dir/home/prem/pico/pico-sdk/src/rp2_common/pico_double/double_aeabi.S.obj
                0x00000000100041ac                __wrap___aeabi_dcmplt
 .text.__wrap___aeabi_dcmple
                0x00000000100041b8       0x10 CMakeFiles/read_max30003.dir/home/prem/pico/pico-sdk/src/rp2_common/pico_double/double_aeabi.S.obj
                0x00000000100041b8                __wrap___aeabi_dcmple
 .text.__wrap___aeabi_dcmpge
                0x00000000100041c8       0x10 CMakeFiles/read_max30003.dir/home/prem/pico/pico-sdk/src/rp2_common/pico_double/double_aeabi.S.obj
                0x00000000100041c8                __wrap___aeabi_dcmpge
 .text.__wrap___aeabi_dcmpgt
                0x00000000100041d8        0xa CMakeFiles/read_max30003.dir/home/prem/pico/pico-sdk/src/rp2_common/pico_double/double_aeabi.S.obj
                0x00000000100041d8                __wrap___aeabi_dcmpgt
 .text.__wrap___aeabi_dcmpun
                0x00000000100041e2       0x1c CMakeFiles/read_max30003.dir/home/prem/pico/pico-sdk/src/rp2_common/pico_double/double_aeabi.S.obj
                0x00000000100041e2                __wrap___aeabi_dcmpun
 *fill*         0x00000000100041fe        0x2 
 .text.__wrap___aeabi_i2d
                0x0000000010004200       0x38 CMakeFiles/read_max30003.dir/home/prem/pico/pico-sdk/src/rp2_common/pico_double/double_aeabi.S.obj
                0x0000000010004200                __wrap___aeabi_ui2d
                0x0000000010004208                __wrap___aeabi_i2d
 .text.__wrap___aeabi_d2iz
                0x0000000010004238       0x48 CMakeFiles/read_max30003.dir/home/prem/pico/pico-sdk/src/rp2_common/pico_double/double_aeabi.S.obj
                0x0000000010004238                __wrap___aeabi_d2iz
                0x0000000010004238                double2int_z
 .text.__wrap___aeabi_d2uiz
                0x0000000010004280       0x18 CMakeFiles/read_max30003.dir/home/prem/pico/pico-sdk/src/rp2_common/pico_double/double_aeabi.S.obj
                0x0000000010004280                double2uint
                0x0000000010004280                __wrap___aeabi_d2uiz
 .text.__wrap___aeabi_d2f
                0x0000000010004298       0x18 CMakeFiles/read_max30003.dir/home/prem/pico/pico-sdk/src/rp2_common/pico_double/double_aeabi.S.obj
                0x0000000010004298                __wrap___aeabi_d2f
 .text.__aeabi_double_init
                0x00000000100042b0       0xc8 CMakeFiles/read_max30003.dir/home/prem/pico/pico-sdk/src/rp2_common/pico_double/double_init_rom.c.obj
                0x00000000100042b0                __aeabi_double_init
 .text.double_table_shim_on_use_helper
                0x0000000010004378       0x34 CMakeFiles/read_max30003.dir/home/prem/pico/pico-sdk/src/rp2_common/pico_double/double_v1_rom_shim.S.obj
                0x0000000010004378                double_table_shim_on_use_helper
 .text.__wrap___aeabi_dsub
                0x00000000100043ac       0x10 CMakeFiles/read_max30003.dir/home/prem/pico/pico-sdk/src/rp2_common/pico_double/double_v1_rom_shim.S.obj
                0x00000000100043ac                drsub_shim
                0x00000000100043b2                dsub_shim
 .text.dadd_shim
                0x00000000100043bc      0x15c CMakeFiles/read_max30003.dir/home/prem/pico/pico-sdk/src/rp2_common/pico_double/double_v1_rom_shim.S.obj
                0x00000000100043bc                dadd_shim
 .text.dmul_shim
                0x0000000010004518      0x15c CMakeFiles/read_max30003.dir/home/prem/pico/pico-sdk/src/rp2_common/pico_double/double_v1_rom_shim.S.obj
                0x0000000010004518                dmul_shim
 .text.ddiv_shim
                0x0000000010004674      0x1b0 CMakeFiles/read_max30003.dir/home/prem/pico/pico-sdk/src/rp2_common/pico_double/double_v1_rom_shim.S.obj
                0x0000000010004674                ddiv_shim
 .text.double2uint_shim
                0x0000000010004824        0xe CMakeFiles/read_max30003.dir/home/prem/pico/pico-sdk/src/rp2_common/pico_double/double_v1_rom_shim.S.obj
                0x0000000010004824                double2uint_shim
                0x0000000010004826                double2ufix_shim
 *fill*         0x0000000010004832        0x2 
 .text.double2uint64_shim
                0x0000000010004834       0x70 CMakeFiles/read_max30003.dir/home/prem/pico/pico-sdk/src/rp2_common/pico_double/double_v1_rom_shim.S.obj
                0x0000000010004834                double2uint64_shim
                0x0000000010004836                double2ufix64_shim
                0x0000000010004856                d2fix_a
 .text.double2float_shim
                0x00000000100048a4       0x5c CMakeFiles/read_max30003.dir/home/prem/pico/pico-sdk/src/rp2_common/pico_double/double_v1_rom_shim.S.obj
                0x00000000100048a4                double2float_shim
 .text.dunpacks
                0x0000000010004900       0x3c CMakeFiles/read_max30003.dir/home/prem/pico/pico-sdk/src/rp2_common/pico_double/double_v1_rom_shim.S.obj
                0x0000000010004900                dunpacks
 .text.__aeabi_lmul
                0x000000001000493c       0x32 CMakeFiles/read_max30003.dir/home/prem/pico/pico-sdk/src/rp2_common/pico_int64_ops/pico_int64_ops_aeabi.S.obj
                0x000000001000493c                __wrap___aeabi_lmul
 .text.__wrap___aeabi_ui2f
                0x000000001000496e        0xa CMakeFiles/read_max30003.dir/home/prem/pico/pico-sdk/src/rp2_common/pico_float/float_aeabi.S.obj
                0x000000001000496e                __wrap___aeabi_ui2f
 .text.__wrap___aeabi_i2f
                0x0000000010004978       0x44 CMakeFiles/read_max30003.dir/home/prem/pico/pico-sdk/src/rp2_common/pico_float/float_aeabi.S.obj
                0x0000000010004978                __wrap___aeabi_i2f
 .text.__wrap___aeabi_f2uiz
                0x00000000100049bc       0x10 CMakeFiles/read_max30003.dir/home/prem/pico/pico-sdk/src/rp2_common/pico_float/float_aeabi.S.obj
                0x00000000100049bc                __wrap___aeabi_f2uiz
 .text.__wrap___aeabi_f2d
                0x00000000100049cc       0x14 CMakeFiles/read_max30003.dir/home/prem/pico/pico-sdk/src/rp2_common/pico_float/float_aeabi.S.obj
                0x00000000100049cc                __wrap___aeabi_f2d
 .text.__aeabi_float_init
                0x00000000100049e0       0xfc CMakeFiles/read_max30003.dir/home/prem/pico/pico-sdk/src/rp2_common/pico_float/float_init_rom.c.obj
                0x00000000100049e0                __aeabi_float_init
 .text.float_table_shim_on_use_helper
                0x0000000010004adc       0x34 CMakeFiles/read_max30003.dir/home/prem/pico/pico-sdk/src/rp2_common/pico_float/float_v1_rom_shim.S.obj
                0x0000000010004adc                float_table_shim_on_use_helper
 .text.float2double_shim
                0x0000000010004b10       0x30 CMakeFiles/read_max30003.dir/home/prem/pico/pico-sdk/src/rp2_common/pico_float/float_v1_rom_shim.S.obj
                0x0000000010004b10                float2double_shim
 .text          0x0000000010004b40       0x10 CMakeFiles/read_max30003.dir/home/prem/pico/pico-sdk/src/rp2_common/pico_mem_ops/mem_ops_aeabi.S.obj
                0x0000000010004b40                __aeabi_mem_init
 .text.memcpy   0x0000000010004b50        0xc CMakeFiles/read_max30003.dir/home/prem/pico/pico-sdk/src/rp2_common/pico_mem_ops/mem_ops_aeabi.S.obj
                0x0000000010004b50                __wrap___aeabi_memcpy
                0x0000000010004b50                __wrap_memcpy
 .text.stdio_out_chars_no_crlf
                0x0000000010004b5c        0xe CMakeFiles/read_max30003.dir/home/prem/pico/pico-sdk/src/rp2_common/pico_stdio/stdio.c.obj
 *fill*         0x0000000010004b6a        0x2 
 .text.stdio_out_chars_crlf
                0x0000000010004b6c       0x80 CMakeFiles/read_max30003.dir/home/prem/pico/pico-sdk/src/rp2_common/pico_stdio/stdio.c.obj
 .text.stdio_stack_buffer_flush
                0x0000000010004bec       0x44 CMakeFiles/read_max30003.dir/home/prem/pico/pico-sdk/src/rp2_common/pico_stdio/stdio.c.obj
 .text.stdio_buffered_printer
                0x0000000010004c30       0x20 CMakeFiles/read_max30003.dir/home/prem/pico/pico-sdk/src/rp2_common/pico_stdio/stdio.c.obj
 .text.stdout_serialize_begin
                0x0000000010004c50       0x5c CMakeFiles/read_max30003.dir/home/prem/pico/pico-sdk/src/rp2_common/pico_stdio/stdio.c.obj
                0x0000000010004c50                stdout_serialize_begin
 .text.stdout_serialize_end
                0x0000000010004cac       0x10 CMakeFiles/read_max30003.dir/home/prem/pico/pico-sdk/src/rp2_common/pico_stdio/stdio.c.obj
                0x0000000010004cac                stdout_serialize_end
 .text.stdio_put_string
                0x0000000010004cbc       0x98 CMakeFiles/read_max30003.dir/home/prem/pico/pico-sdk/src/rp2_common/pico_stdio/stdio.c.obj
 .text.stdio_set_driver_enabled
                0x0000000010004d54       0x2c CMakeFiles/read_max30003.dir/home/prem/pico/pico-sdk/src/rp2_common/pico_stdio/stdio.c.obj
                0x0000000010004d54                stdio_set_driver_enabled
 .text.stdio_flush
                0x0000000010004d80       0x20 CMakeFiles/read_max30003.dir/home/prem/pico/pico-sdk/src/rp2_common/pico_stdio/stdio.c.obj
                0x0000000010004d80                stdio_flush
 .text.__wrap_puts
                0x0000000010004da0       0x1e CMakeFiles/read_max30003.dir/home/prem/pico/pico-sdk/src/rp2_common/pico_stdio/stdio.c.obj
                0x0000000010004da0                __wrap_puts
 *fill*         0x0000000010004dbe        0x2 
 .text.__wrap_vprintf
                0x0000000010004dc0       0x40 CMakeFiles/read_max30003.dir/home/prem/pico/pico-sdk/src/rp2_common/pico_stdio/stdio.c.obj
                0x0000000010004dc0                __wrap_vprintf
 .text.__wrap_printf
                0x0000000010004e00       0x18 CMakeFiles/read_max30003.dir/home/prem/pico/pico-sdk/src/rp2_common/pico_stdio/stdio.c.obj
                0x0000000010004e00                __wrap_printf
 .text.stdio_init_all
                0x0000000010004e18        0xa CMakeFiles/read_max30003.dir/home/prem/pico/pico-sdk/src/rp2_common/pico_stdio/stdio.c.obj
                0x0000000010004e18                stdio_init_all
 *fill*         0x0000000010004e22        0x2 
 .text.stdio_uart_out_chars
                0x0000000010004e24       0x74 CMakeFiles/read_max30003.dir/home/prem/pico/pico-sdk/src/rp2_common/pico_stdio_uart/stdio_uart.c.obj
 .text.stdio_uart_in_chars
                0x0000000010004e98       0x80 CMakeFiles/read_max30003.dir/home/prem/pico/pico-sdk/src/rp2_common/pico_stdio_uart/stdio_uart.c.obj
                0x0000000010004e98                stdio_uart_in_chars
 .text.on_uart_rx
                0x0000000010004f18       0x28 CMakeFiles/read_max30003.dir/home/prem/pico/pico-sdk/src/rp2_common/pico_stdio_uart/stdio_uart.c.obj
 .text.stdio_uart_set_chars_available_callback
                0x0000000010004f40       0x8c CMakeFiles/read_max30003.dir/home/prem/pico/pico-sdk/src/rp2_common/pico_stdio_uart/stdio_uart.c.obj
 .text.stdio_uart_init_full
                0x0000000010004fcc       0x44 CMakeFiles/read_max30003.dir/home/prem/pico/pico-sdk/src/rp2_common/pico_stdio_uart/stdio_uart.c.obj
                0x0000000010004fcc                stdio_uart_init_full
 .text.stdio_uart_init
                0x0000000010005010       0x28 CMakeFiles/read_max30003.dir/home/prem/pico/pico-sdk/src/rp2_common/pico_stdio_uart/stdio_uart.c.obj
                0x0000000010005010                stdio_uart_init
 .text.spi_set_baudrate
                0x0000000010005038       0xcc CMakeFiles/read_max30003.dir/home/prem/pico/pico-sdk/src/rp2_common/hardware_spi/spi.c.obj
                0x0000000010005038                spi_set_baudrate
 .text.spi_init
                0x0000000010005104       0x74 CMakeFiles/read_max30003.dir/home/prem/pico/pico-sdk/src/rp2_common/hardware_spi/spi.c.obj
                0x0000000010005104                spi_init
 .text          0x0000000010005178       0x5c /usr/lib/gcc/arm-none-eabi/10.3.1/../../../arm-none-eabi/lib/thumb/v6-m/nofp/libg.a(lib_a-strlen-stub.o)
                0x0000000010005178                strlen
 *(.fini)
 .fini          0x00000000100051d4        0x4 /usr/lib/gcc/arm-none-eabi/10.3.1/thumb/v6-m/nofp/crti.o
                0x00000000100051d4                _fini
 .fini.__stub   0x00000000100051d8       0x60 linker stubs
 *crtbegin.o(.ctors)
 *crtbegin?.o(.ctors)
 *(EXCLUDE_FILE(*crtend.o *crtend?.o) .ctors)
 *(SORT_BY_NAME(.ctors.*))
 *(.ctors)
 *crtbegin.o(.dtors)
 *crtbegin?.o(.dtors)
 *(EXCLUDE_FILE(*crtend.o *crtend?.o) .dtors)
 *(SORT_BY_NAME(.dtors.*))
 *(.dtors)
 *(.eh_frame*)
 .eh_frame      0x0000000010005238        0x0 /usr/lib/gcc/arm-none-eabi/10.3.1/thumb/v6-m/nofp/crtbegin.o
                0x0000000010005238                . = ALIGN (0x4)

.glue_7         0x0000000010005238        0x0
 .glue_7        0x0000000010005238        0x0 linker stubs

.glue_7t        0x0000000010005238        0x0
 .glue_7t       0x0000000010005238        0x0 linker stubs

.vfp11_veneer   0x0000000010005238        0x0
 .vfp11_veneer  0x0000000010005238        0x0 linker stubs

.v4_bx          0x0000000010005238        0x0
 .v4_bx         0x0000000010005238        0x0 linker stubs

.iplt           0x0000000010005238        0x0
 .iplt          0x0000000010005238        0x0 /usr/lib/gcc/arm-none-eabi/10.3.1/thumb/v6-m/nofp/crtbegin.o

.rodata         0x0000000010005238     0x1038
 *(EXCLUDE_FILE(*libm.a: *libc.a:*lib_a-mem*.o *libgcc.a:) .rodata*)
 .rodata._Z15max3003CallBacki20MAX30003CallBackType.str1.4
                0x0000000010005238       0x1a CMakeFiles/read_max30003.dir/read_max30003.cpp.obj
 *fill*         0x0000000010005252        0x2 
 .rodata._ZN8MAX3000323max30003SetsamplingRateEt.str1.4
                0x0000000010005254       0x3a CMakeFiles/read_max30003.dir/read_max30003.cpp.obj
 *fill*         0x000000001000528e        0x2 
 .rodata._ZN8MAX3000313getEcgSamplesEv.str1.4
                0x0000000010005290       0x16 CMakeFiles/read_max30003.dir/read_max30003.cpp.obj
 *fill*         0x00000000100052a6        0x2 
 .rodata._ZN8MAX3000316max30003ReadInfoEv.str1.4
                0x00000000100052a8       0x19 CMakeFiles/read_max30003.dir/read_max30003.cpp.obj
 *fill*         0x00000000100052c1        0x3 
 .rodata._ZN8MAX3000312readIntrupptEv.str1.4
                0x00000000100052c4       0x4e CMakeFiles/read_max30003.dir/read_max30003.cpp.obj
 *fill*         0x0000000010005312        0x2 
 .rodata.str1.4
                0x0000000010005314        0x7 CMakeFiles/read_max30003.dir/read_max30003.cpp.obj
 *fill*         0x000000001000531b        0x1 
 .rodata._ZZ21initiaLizeMAX30003SPIvE7__bi_39
                0x000000001000531c        0x8 CMakeFiles/read_max30003.dir/read_max30003.cpp.obj
 .rodata._ZZ21initiaLizeMAX30003SPIvE7__bi_45
                0x0000000010005324        0xc CMakeFiles/read_max30003.dir/read_max30003.cpp.obj
 .rodata.make_branch.str1.4
                0x0000000010005330       0x6b CMakeFiles/read_max30003.dir/home/prem/pico/pico-sdk/src/rp2_common/hardware_irq/irq.c.obj
 *fill*         0x000000001000539b        0x1 
 .rodata.insert_branch_and_link.str1.4
                0x000000001000539c       0x10 CMakeFiles/read_max30003.dir/home/prem/pico/pico-sdk/src/rp2_common/hardware_irq/irq.c.obj
 .rodata.irq_set_exclusive_handler.str1.4
                0x00000000100053ac       0x36 CMakeFiles/read_max30003.dir/home/prem/pico/pico-sdk/src/rp2_common/hardware_irq/irq.c.obj
 *fill*         0x00000000100053e2        0x2 
 .rodata.irq_add_shared_handler.str1.4
                0x00000000100053e4       0xd9 CMakeFiles/read_max30003.dir/home/prem/pico/pico-sdk/src/rp2_common/hardware_irq/irq.c.obj
 *fill*         0x00000000100054bd        0x3 
 .rodata.irq_remove_handler.str1.4
                0x00000000100054c0       0x3a CMakeFiles/read_max30003.dir/home/prem/pico/pico-sdk/src/rp2_common/hardware_irq/irq.c.obj
 *fill*         0x00000000100054fa        0x2 
 .rodata.irq_add_tail_to_free_list.str1.4
                0x00000000100054fc       0x3a CMakeFiles/read_max30003.dir/home/prem/pico/pico-sdk/src/rp2_common/hardware_irq/irq.c.obj
 *fill*         0x0000000010005536        0x2 
 .rodata.__func__.0
                0x0000000010005538       0x1a CMakeFiles/read_max30003.dir/home/prem/pico/pico-sdk/src/rp2_common/hardware_irq/irq.c.obj
 *fill*         0x0000000010005552        0x2 
 .rodata.__func__.1
                0x0000000010005554       0x17 CMakeFiles/read_max30003.dir/home/prem/pico/pico-sdk/src/rp2_common/hardware_irq/irq.c.obj
 *fill*         0x000000001000556b        0x1 
 .rodata.__func__.2
                0x000000001000556c       0x13 CMakeFiles/read_max30003.dir/home/prem/pico/pico-sdk/src/rp2_common/hardware_irq/irq.c.obj
 *fill*         0x000000001000557f        0x1 
 .rodata.__func__.3
                0x0000000010005580        0xc CMakeFiles/read_max30003.dir/home/prem/pico/pico-sdk/src/rp2_common/hardware_irq/irq.c.obj
 .rodata.__func__.4
                0x000000001000558c        0xf CMakeFiles/read_max30003.dir/home/prem/pico/pico-sdk/src/rp2_common/hardware_irq/irq.c.obj
 *fill*         0x000000001000559b        0x1 
 .rodata.__func__.5
                0x000000001000559c       0x17 CMakeFiles/read_max30003.dir/home/prem/pico/pico-sdk/src/rp2_common/hardware_irq/irq.c.obj
 *fill*         0x00000000100055b3        0x1 
 .rodata.__func__.6
                0x00000000100055b4       0x1a CMakeFiles/read_max30003.dir/home/prem/pico/pico-sdk/src/rp2_common/hardware_irq/irq.c.obj
 *fill*         0x00000000100055ce        0x2 
 .rodata.str1.4
                0x00000000100055d0       0xe9 CMakeFiles/read_max30003.dir/home/prem/pico/pico-sdk/src/common/pico_sync/mutex.c.obj
 *fill*         0x00000000100056b9        0x3 
 .rodata.__func__.1
                0x00000000100056bc        0xb CMakeFiles/read_max30003.dir/home/prem/pico/pico-sdk/src/common/pico_sync/mutex.c.obj
 *fill*         0x00000000100056c7        0x1 
 .rodata.__func__.3
                0x00000000100056c8       0x18 CMakeFiles/read_max30003.dir/home/prem/pico/pico-sdk/src/common/pico_sync/mutex.c.obj
 .rodata.repeating_timer_callback.str1.4
                0x00000000100056e0       0x49 CMakeFiles/read_max30003.dir/home/prem/pico/pico-sdk/src/common/pico_time/time.c.obj
 *fill*         0x0000000010005729        0x3 
 .rodata.timer_pool_entry_comparator.str1.4
                0x000000001000572c       0x22 CMakeFiles/read_max30003.dir/home/prem/pico/pico-sdk/src/common/pico_time/time.c.obj
 *fill*         0x000000001000574e        0x2 
 .rodata.ph_add_child_node.str1.4
                0x0000000010005750       0x92 CMakeFiles/read_max30003.dir/home/prem/pico/pico-sdk/src/common/pico_time/time.c.obj
 *fill*         0x00000000100057e2        0x2 
 .rodata.add_alarm_under_lock.str1.4
                0x00000000100057e4       0x28 CMakeFiles/read_max30003.dir/home/prem/pico/pico-sdk/src/common/pico_time/time.c.obj
                                         0x2b (size before relaxing)
 .rodata.alarm_pool_alarm_callback.str1.4
                0x000000001000580c       0x98 CMakeFiles/read_max30003.dir/home/prem/pico/pico-sdk/src/common/pico_time/time.c.obj
                                         0xf8 (size before relaxing)
 .rodata.alarm_pool_get_default.str1.4
                0x00000000100058a4       0x21 CMakeFiles/read_max30003.dir/home/prem/pico/pico-sdk/src/common/pico_time/time.c.obj
 *fill*         0x00000000100058c5        0x3 
 .rodata.alarm_pool_cancel_alarm.str1.4
                0x00000000100058c8       0x27 CMakeFiles/read_max30003.dir/home/prem/pico/pico-sdk/src/common/pico_time/time.c.obj
 *fill*         0x00000000100058ef        0x1 
 .rodata.sleep_until.str1.4
                0x00000000100058f0       0x4d CMakeFiles/read_max30003.dir/home/prem/pico/pico-sdk/src/common/pico_time/time.c.obj
 *fill*         0x000000001000593d        0x3 
 .rodata.__func__.1
                0x0000000010005940       0x18 CMakeFiles/read_max30003.dir/home/prem/pico/pico-sdk/src/common/pico_time/time.c.obj
 .rodata.__func__.10
                0x0000000010005958       0x15 CMakeFiles/read_max30003.dir/home/prem/pico/pico-sdk/src/common/pico_time/time.c.obj
 *fill*         0x000000001000596d        0x3 
 .rodata.__func__.11
                0x0000000010005970       0x1a CMakeFiles/read_max30003.dir/home/prem/pico/pico-sdk/src/common/pico_time/time.c.obj
 *fill*         0x000000001000598a        0x2 
 .rodata.__func__.12
                0x000000001000598c        0xa CMakeFiles/read_max30003.dir/home/prem/pico/pico-sdk/src/common/pico_time/time.c.obj
 *fill*         0x0000000010005996        0x2 
 .rodata.__func__.3
                0x0000000010005998       0x17 CMakeFiles/read_max30003.dir/home/prem/pico/pico-sdk/src/common/pico_time/time.c.obj
 *fill*         0x00000000100059af        0x1 
 .rodata.__func__.4
                0x00000000100059b0       0x12 CMakeFiles/read_max30003.dir/home/prem/pico/pico-sdk/src/common/pico_time/time.c.obj
 *fill*         0x00000000100059c2        0x2 
 .rodata.__func__.5
                0x00000000100059c4        0xd CMakeFiles/read_max30003.dir/home/prem/pico/pico-sdk/src/common/pico_time/time.c.obj
 *fill*         0x00000000100059d1        0x3 
 .rodata.__func__.6
                0x00000000100059d4       0x12 CMakeFiles/read_max30003.dir/home/prem/pico/pico-sdk/src/common/pico_time/time.c.obj
 *fill*         0x00000000100059e6        0x2 
 .rodata.__func__.7
                0x00000000100059e8        0xf CMakeFiles/read_max30003.dir/home/prem/pico/pico-sdk/src/common/pico_time/time.c.obj
 *fill*         0x00000000100059f7        0x1 
 .rodata.__func__.8
                0x00000000100059f8        0xc CMakeFiles/read_max30003.dir/home/prem/pico/pico-sdk/src/common/pico_time/time.c.obj
 .rodata.__func__.9
                0x0000000010005a04       0x15 CMakeFiles/read_max30003.dir/home/prem/pico/pico-sdk/src/common/pico_time/time.c.obj
 *fill*         0x0000000010005a19        0x3 
 .rodata.hardware_alarm_claim.str1.4
                0x0000000010005a1c       0x22 CMakeFiles/read_max30003.dir/home/prem/pico/pico-sdk/src/rp2_common/hardware_timer/timer.c.obj
 .rodata.busy_wait_us.str1.4
                0x0000000010005a3e       0x5f CMakeFiles/read_max30003.dir/home/prem/pico/pico-sdk/src/rp2_common/hardware_timer/timer.c.obj
 *fill*         0x0000000010005a3e        0x2 
 .rodata.hardware_alarm_set_target.str1.4
                0x0000000010005a40       0x63 CMakeFiles/read_max30003.dir/home/prem/pico/pico-sdk/src/rp2_common/hardware_timer/timer.c.obj
 *fill*         0x0000000010005aa3        0x1 
 .rodata.__func__.0
                0x0000000010005aa4       0x1a CMakeFiles/read_max30003.dir/home/prem/pico/pico-sdk/src/rp2_common/hardware_timer/timer.c.obj
 *fill*         0x0000000010005abe        0x2 
 .rodata.__func__.1
                0x0000000010005ac0       0x15 CMakeFiles/read_max30003.dir/home/prem/pico/pico-sdk/src/rp2_common/hardware_timer/timer.c.obj
 .rodata.ph_add_child_node.str1.4
                0x0000000010005ad5       0x92 CMakeFiles/read_max30003.dir/home/prem/pico/pico-sdk/src/common/pico_util/pheap.c.obj
 *fill*         0x0000000010005ad5        0x3 
 .rodata.ph_remove_any_head.str1.4
                0x0000000010005ad8       0x8c CMakeFiles/read_max30003.dir/home/prem/pico/pico-sdk/src/common/pico_util/pheap.c.obj
                                         0xa0 (size before relaxing)
 .rodata.ph_remove_and_free_node.str1.4
                0x0000000010005b64       0x1e CMakeFiles/read_max30003.dir/home/prem/pico/pico-sdk/src/common/pico_util/pheap.c.obj
                                         0x26 (size before relaxing)
 *fill*         0x0000000010005b82        0x2 
 .rodata.__func__.0
                0x0000000010005b84       0x18 CMakeFiles/read_max30003.dir/home/prem/pico/pico-sdk/src/common/pico_util/pheap.c.obj
 .rodata.__func__.1
                0x0000000010005b9c       0x13 CMakeFiles/read_max30003.dir/home/prem/pico/pico-sdk/src/common/pico_util/pheap.c.obj
 *fill*         0x0000000010005baf        0x1 
 .rodata.__func__.2
                0x0000000010005bb0       0x12 CMakeFiles/read_max30003.dir/home/prem/pico/pico-sdk/src/common/pico_util/pheap.c.obj
 *fill*         0x0000000010005bc2        0x2 
 .rodata.__func__.3
                0x0000000010005bc4        0xc CMakeFiles/read_max30003.dir/home/prem/pico/pico-sdk/src/common/pico_util/pheap.c.obj
 .rodata.clock_configure.str1.4
                0x0000000010005bd0       0x55 CMakeFiles/read_max30003.dir/home/prem/pico/pico-sdk/src/rp2_common/hardware_clocks/clocks.c.obj
 *fill*         0x0000000010005c25        0x3 
 .rodata.__func__.1
                0x0000000010005c28       0x10 CMakeFiles/read_max30003.dir/home/prem/pico/pico-sdk/src/rp2_common/hardware_clocks/clocks.c.obj
 .rodata.pll_init.str1.4
                0x0000000010005c38      0x120 CMakeFiles/read_max30003.dir/home/prem/pico/pico-sdk/src/rp2_common/hardware_pll/pll.c.obj
 .rodata.__func__.0
                0x0000000010005d58        0x9 CMakeFiles/read_max30003.dir/home/prem/pico/pico-sdk/src/rp2_common/hardware_pll/pll.c.obj
 *fill*         0x0000000010005d61        0x3 
 .rodata.__assert_func.str1.4
                0x0000000010005d64       0x3f CMakeFiles/read_max30003.dir/home/prem/pico/pico-sdk/src/rp2_common/pico_runtime/runtime.c.obj
                                         0x43 (size before relaxing)
 *fill*         0x0000000010005da3        0x1 
 .rodata.runtime_init.str1.4
                0x0000000010005da4       0x5f CMakeFiles/read_max30003.dir/home/prem/pico/pico-sdk/src/rp2_common/pico_runtime/runtime.c.obj
 *fill*         0x0000000010005e03        0x1 
 .rodata.panic.str1.4
                0x0000000010005e04       0x10 CMakeFiles/read_max30003.dir/home/prem/pico/pico-sdk/src/rp2_common/pico_runtime/runtime.c.obj
                                         0x12 (size before relaxing)
 .rodata.__func__.2
                0x0000000010005e14        0xd CMakeFiles/read_max30003.dir/home/prem/pico/pico-sdk/src/rp2_common/pico_runtime/runtime.c.obj
 *fill*         0x0000000010005e21        0x3 
 .rodata._ftoa.str1.4
                0x0000000010005e24       0x15 CMakeFiles/read_max30003.dir/home/prem/pico/pico-sdk/src/rp2_common/pico_printf/printf.c.obj
 *fill*         0x0000000010005e39        0x3 
 .rodata._vsnprintf
                0x0000000010005e3c      0x1e0 CMakeFiles/read_max30003.dir/home/prem/pico/pico-sdk/src/rp2_common/pico_printf/printf.c.obj
 *fill*         0x000000001000601c        0x4 
 .rodata.pow10.0
                0x0000000010006020       0x50 CMakeFiles/read_max30003.dir/home/prem/pico/pico-sdk/src/rp2_common/pico_printf/printf.c.obj
 .rodata.__aeabi_double_init.str1.4
                0x0000000010006070       0x9a CMakeFiles/read_max30003.dir/home/prem/pico/pico-sdk/src/rp2_common/pico_double/double_init_rom.c.obj
 *fill*         0x000000001000610a        0x2 
 .rodata.__func__.0
                0x000000001000610c       0x14 CMakeFiles/read_max30003.dir/home/prem/pico/pico-sdk/src/rp2_common/pico_double/double_init_rom.c.obj
 .rodata.__aeabi_float_init.str1.4
                0x0000000010006120       0x78 CMakeFiles/read_max30003.dir/home/prem/pico/pico-sdk/src/rp2_common/pico_float/float_init_rom.c.obj
                                         0x7c (size before relaxing)
 .rodata.__func__.0
                0x0000000010006198       0x13 CMakeFiles/read_max30003.dir/home/prem/pico/pico-sdk/src/rp2_common/pico_float/float_init_rom.c.obj
 *fill*         0x00000000100061ab        0x1 
 .rodata.str1.4
                0x00000000100061ac       0x44 CMakeFiles/read_max30003.dir/home/prem/pico/pico-sdk/src/rp2_common/pico_standard_link/binary_info.c.obj
 .rodata.__bi_44
                0x00000000100061f0        0xc CMakeFiles/read_max30003.dir/home/prem/pico/pico-sdk/src/rp2_common/pico_standard_link/binary_info.c.obj
 .rodata.__bi_75
                0x00000000100061fc        0xc CMakeFiles/read_max30003.dir/home/prem/pico/pico-sdk/src/rp2_common/pico_standard_link/binary_info.c.obj
 .rodata.__bi_81
                0x0000000010006208        0xc CMakeFiles/read_max30003.dir/home/prem/pico/pico-sdk/src/rp2_common/pico_standard_link/binary_info.c.obj
 .rodata.stdout_serialize_begin.str1.4
                0x0000000010006214       0x5f CMakeFiles/read_max30003.dir/home/prem/pico/pico-sdk/src/rp2_common/pico_stdio/stdio.c.obj
 .rodata.__func__.3
                0x0000000010006214       0x15 CMakeFiles/read_max30003.dir/home/prem/pico/pico-sdk/src/rp2_common/pico_stdio/stdio.c.obj
 *fill*         0x0000000010006229        0x3 
 .rodata.crlf_str.2
                0x000000001000622c        0x2 CMakeFiles/read_max30003.dir/home/prem/pico/pico-sdk/src/rp2_common/pico_stdio/stdio.c.obj
 *fill*         0x000000001000622e        0x2 
 .rodata.str1.4
                0x0000000010006230       0x2c CMakeFiles/read_max30003.dir/home/prem/pico/pico-sdk/src/rp2_common/pico_stdio_uart/stdio_uart.c.obj
 .rodata.__bi_33.4
                0x000000001000625c        0xc CMakeFiles/read_max30003.dir/home/prem/pico/pico-sdk/src/rp2_common/pico_stdio_uart/stdio_uart.c.obj
 .rodata.__bi_34.5
                0x0000000010006268        0x8 CMakeFiles/read_max30003.dir/home/prem/pico/pico-sdk/src/rp2_common/pico_stdio_uart/stdio_uart.c.obj
                0x0000000010006270                . = ALIGN (0x4)
 *(SORT_BY_ALIGNMENT(SORT_BY_NAME(.flashdata*)))
                0x0000000010006270                . = ALIGN (0x4)

.ARM.extab
 *(.ARM.extab* .gnu.linkonce.armextab.*)
                0x0000000010006270                __exidx_start = .

.ARM.exidx
 *(.ARM.exidx* .gnu.linkonce.armexidx.*)
                0x0000000010006270                __exidx_end = .
                0x0000000010006270                . = ALIGN (0x4)
                0x0000000010006270                __binary_info_start = .

.binary_info    0x0000000010006270       0x2c
 *(.binary_info.keep.*)
 .binary_info.keep.__bi_ptr39
                0x0000000010006270        0x4 CMakeFiles/read_max30003.dir/read_max30003.cpp.obj
 .binary_info.keep.__bi_ptr45
                0x0000000010006274        0x4 CMakeFiles/read_max30003.dir/read_max30003.cpp.obj
 .binary_info.keep.__bi_ptr22
                0x0000000010006278        0x4 CMakeFiles/read_max30003.dir/home/prem/pico/pico-sdk/src/rp2_common/pico_standard_link/binary_info.c.obj
 .binary_info.keep.__bi_ptr30
                0x000000001000627c        0x4 CMakeFiles/read_max30003.dir/home/prem/pico/pico-sdk/src/rp2_common/pico_standard_link/binary_info.c.obj
 .binary_info.keep.__bi_ptr38
                0x0000000010006280        0x4 CMakeFiles/read_max30003.dir/home/prem/pico/pico-sdk/src/rp2_common/pico_standard_link/binary_info.c.obj
 .binary_info.keep.__bi_ptr44
                0x0000000010006284        0x4 CMakeFiles/read_max30003.dir/home/prem/pico/pico-sdk/src/rp2_common/pico_standard_link/binary_info.c.obj
 .binary_info.keep.__bi_ptr50
                0x0000000010006288        0x4 CMakeFiles/read_max30003.dir/home/prem/pico/pico-sdk/src/rp2_common/pico_standard_link/binary_info.c.obj
 .binary_info.keep.__bi_ptr75
                0x000000001000628c        0x4 CMakeFiles/read_max30003.dir/home/prem/pico/pico-sdk/src/rp2_common/pico_standard_link/binary_info.c.obj
 .binary_info.keep.__bi_ptr81
                0x0000000010006290        0x4 CMakeFiles/read_max30003.dir/home/prem/pico/pico-sdk/src/rp2_common/pico_standard_link/binary_info.c.obj
 *(.binary_info.*)
 .binary_info.__bi_ptr33
                0x0000000010006294        0x4 CMakeFiles/read_max30003.dir/home/prem/pico/pico-sdk/src/rp2_common/pico_stdio_uart/stdio_uart.c.obj
 .binary_info.__bi_ptr34
                0x0000000010006298        0x4 CMakeFiles/read_max30003.dir/home/prem/pico/pico-sdk/src/rp2_common/pico_stdio_uart/stdio_uart.c.obj
                0x000000001000629c                __binary_info_end = .

.rel.dyn        0x000000001000629c        0x0
 .rel.iplt      0x000000001000629c        0x0 /usr/lib/gcc/arm-none-eabi/10.3.1/thumb/v6-m/nofp/crtbegin.o
                0x000000001000629c                . = ALIGN (0x4)

.ram_vector_table
                0x0000000020000000       0xc0
 *(.ram_vector_table)
 .ram_vector_table
                0x0000000020000000       0xc0 CMakeFiles/read_max30003.dir/home/prem/pico/pico-sdk/src/rp2_common/pico_runtime/runtime.c.obj
                0x0000000020000000                ram_vector_table

.data           0x00000000200000c0      0x2d0 load address 0x000000001000629c
                0x00000000200000c0                __data_start__ = .
 *(vtable)
 *(.time_critical*)
 .time_critical.mutex_try_enter
                0x00000000200000c0       0x46 CMakeFiles/read_max30003.dir/home/prem/pico/pico-sdk/src/common/pico_sync/mutex.c.obj
                0x00000000200000c0                mutex_try_enter
 *fill*         0x0000000020000106        0x2 
 .time_critical.mutex_enter_block_until
                0x0000000020000108       0x8c CMakeFiles/read_max30003.dir/home/prem/pico/pico-sdk/src/common/pico_sync/mutex.c.obj
                0x0000000020000108                mutex_enter_block_until
 .time_critical.mutex_try_enter_block_until
                0x0000000020000194       0x34 CMakeFiles/read_max30003.dir/home/prem/pico/pico-sdk/src/common/pico_sync/mutex.c.obj
                0x0000000020000194                mutex_try_enter_block_until
 .time_critical.mutex_exit
                0x00000000200001c8       0x4c CMakeFiles/read_max30003.dir/home/prem/pico/pico-sdk/src/common/pico_sync/mutex.c.obj
                0x00000000200001c8                mutex_exit
 .time_critical.spi_write_blocking
                0x0000000020000214       0x3a CMakeFiles/read_max30003.dir/home/prem/pico/pico-sdk/src/rp2_common/hardware_spi/spi.c.obj
                0x0000000020000214                spi_write_blocking
 .time_critical.spi_read_blocking
                0x000000002000024e       0x3e CMakeFiles/read_max30003.dir/home/prem/pico/pico-sdk/src/rp2_common/hardware_spi/spi.c.obj
                0x000000002000024e                spi_read_blocking
 *(.text*)
 .text          0x000000002000028c        0x4 /usr/lib/gcc/arm-none-eabi/10.3.1/thumb/v6-m/nofp/libgcc.a(_dvmd_tls.o)
                0x000000002000028c                __aeabi_ldiv0
                0x000000002000028c                __aeabi_idiv0
 .text.__stub   0x0000000020000290       0x20 linker stubs
                0x00000000200002b0                . = ALIGN (0x4)
 *(.rodata*)
                0x00000000200002b0                . = ALIGN (0x4)
 *(.data*)
 .data.striped_spin_lock_num
                0x00000000200002b0        0x1 CMakeFiles/read_max30003.dir/home/prem/pico/pico-sdk/src/rp2_common/hardware_sync/sync.c.obj
 *fill*         0x00000000200002b1        0x3 
 .data          0x00000000200002b4       0x48 CMakeFiles/read_max30003.dir/home/prem/pico/pico-sdk/src/rp2_common/hardware_irq/irq_handler_chain.S.obj
                0x00000000200002b4                irq_handler_chain_slots
                0x00000000200002e4                irq_handler_chain_first_slot
                0x00000000200002ee                irq_handler_chain_remove_tail
 .data.default_alarm_pool
                0x00000000200002fc       0x18 CMakeFiles/read_max30003.dir/home/prem/pico/pico-sdk/src/common/pico_time/time.c.obj
 .data.default_alarm_pool_heap
                0x0000000020000314       0x10 CMakeFiles/read_max30003.dir/home/prem/pico/pico-sdk/src/common/pico_time/time.c.obj
 *fill*         0x0000000020000324        0xc 
 .data.aeabi_bits_funcs
                0x0000000020000330       0x10 CMakeFiles/read_max30003.dir/home/prem/pico/pico-sdk/src/rp2_common/pico_bit_ops/bit_ops_aeabi.S.obj
                0x0000000020000330                aeabi_bits_funcs
                0x0000000020000340                aeabi_bits_funcs_end
 .data.aeabi_mem_funcs
                0x0000000020000340       0x10 CMakeFiles/read_max30003.dir/home/prem/pico/pico-sdk/src/rp2_common/pico_mem_ops/mem_ops_aeabi.S.obj
                0x0000000020000340                aeabi_mem_funcs
                0x0000000020000350                aeabi_mem_funcs_end
 .data.stdio_uart
                0x0000000020000350       0x18 CMakeFiles/read_max30003.dir/home/prem/pico/pico-sdk/src/rp2_common/pico_stdio_uart/stdio_uart.c.obj
                0x0000000020000350                stdio_uart
                0x0000000020000368                . = ALIGN (0x4)
 *(.after_data.*)
                0x0000000020000368                . = ALIGN (0x4)
                0x0000000020000368                PROVIDE (__mutex_array_start = .)
 *(SORT_BY_NAME(.mutex_array.*))
 *(.mutex_array)
 .mutex_array   0x0000000020000368        0x8 CMakeFiles/read_max30003.dir/home/prem/pico/pico-sdk/src/rp2_common/pico_malloc/pico_malloc.c.obj
 .mutex_array   0x0000000020000370        0x8 CMakeFiles/read_max30003.dir/home/prem/pico/pico-sdk/src/rp2_common/pico_stdio/stdio.c.obj
                0x0000000020000378                PROVIDE (__mutex_array_end = .)
                0x0000000020000378                . = ALIGN (0x4)
                0x0000000020000378                PROVIDE (__preinit_array_start = .)
 *(SORT_BY_NAME(.preinit_array.*))
 .preinit_array.00001
                0x0000000020000378        0x4 CMakeFiles/read_max30003.dir/home/prem/pico/pico-sdk/src/rp2_common/pico_mem_ops/mem_ops_aeabi.S.obj
 .preinit_array.00010
                0x000000002000037c        0x4 CMakeFiles/read_max30003.dir/home/prem/pico/pico-sdk/src/rp2_common/pico_bit_ops/bit_ops_aeabi.S.obj
 .preinit_array.00020
                0x0000000020000380        0x4 CMakeFiles/read_max30003.dir/home/prem/pico/pico-sdk/src/rp2_common/pico_double/double_aeabi.S.obj
 .preinit_array.00020
                0x0000000020000384        0x4 CMakeFiles/read_max30003.dir/home/prem/pico/pico-sdk/src/rp2_common/pico_float/float_aeabi.S.obj
 *(.preinit_array)
                0x0000000020000388                PROVIDE (__preinit_array_end = .)
                0x0000000020000388                . = ALIGN (0x4)
                0x0000000020000388                PROVIDE (__init_array_start = .)
 *(SORT_BY_NAME(.init_array.*))
 *(.init_array)
 .init_array    0x0000000020000388        0x4 /usr/lib/gcc/arm-none-eabi/10.3.1/thumb/v6-m/nofp/crtbegin.o
 .init_array    0x000000002000038c        0x4 CMakeFiles/read_max30003.dir/read_max30003.cpp.obj
                0x0000000020000390                PROVIDE (__init_array_end = .)
                0x0000000020000390                . = ALIGN (0x4)
                0x0000000020000390                PROVIDE (__fini_array_start = .)
 *(SORT_BY_NAME(.fini_array.*))
 *(.fini_array)
                0x0000000020000390                PROVIDE (__fini_array_end = .)
 *(.jcr)
                0x0000000020000390                . = ALIGN (0x4)
                0x0000000020000390                __data_end__ = .
                0x000000001000629c                __etext = LOADADDR (.data)

.tm_clone_table
                0x0000000020000390        0x0 load address 0x000000001000656c
 .tm_clone_table
                0x0000000020000390        0x0 /usr/lib/gcc/arm-none-eabi/10.3.1/thumb/v6-m/nofp/crtbegin.o
 .tm_clone_table
                0x0000000020000390        0x0 /usr/lib/gcc/arm-none-eabi/10.3.1/thumb/v6-m/nofp/crtend.o

.igot.plt       0x0000000020000390        0x0 load address 0x000000001000656c
 .igot.plt      0x0000000020000390        0x0 /usr/lib/gcc/arm-none-eabi/10.3.1/thumb/v6-m/nofp/crtbegin.o

.uninitialized_data
                0x0000000020000390        0x0 load address 0x000000001000656c
                0x0000000020000390                . = ALIGN (0x4)
 *(.uninitialized_data*)

.scratch_x      0x0000000020040000        0x0 load address 0x000000001000656c
                0x0000000020040000                __scratch_x_start__ = .
 *(.scratch_x.*)
                0x0000000020040000                . = ALIGN (0x4)
                0x0000000020040000                __scratch_x_end__ = .
                0x000000001000656c                __scratch_x_source__ = LOADADDR (.scratch_x)

.scratch_y      0x0000000020041000        0x0 load address 0x000000001000656c
                0x0000000020041000                __scratch_y_start__ = .
 *(.scratch_y.*)
                0x0000000020041000                . = ALIGN (0x4)
                0x0000000020041000                __scratch_y_end__ = .
                0x000000001000656c                __scratch_y_source__ = LOADADDR (.scratch_y)

.bss            0x0000000020000390      0x400
                0x0000000020000390                . = ALIGN (0x4)
                0x0000000020000390                __bss_start__ = .
 *(SORT_BY_ALIGNMENT(SORT_BY_NAME(.bss*)))
 .bss.default_alarm_pool_entries
                0x0000000020000390      0x100 CMakeFiles/read_max30003.dir/home/prem/pico/pico-sdk/src/common/pico_time/time.c.obj
 .bss           0x0000000020000490       0x1c /usr/lib/gcc/arm-none-eabi/10.3.1/thumb/v6-m/nofp/crtbegin.o
 .bss.alarm_callbacks
                0x00000000200004ac       0x10 CMakeFiles/read_max30003.dir/home/prem/pico/pico-sdk/src/rp2_common/hardware_timer/timer.c.obj
 .bss.callbacks
                0x00000000200004bc        0x8 CMakeFiles/read_max30003.dir/home/prem/pico/pico-sdk/src/rp2_common/hardware_gpio/gpio.c.obj
 .bss.chars_available_callback
                0x00000000200004c4        0x4 CMakeFiles/read_max30003.dir/home/prem/pico/pico-sdk/src/rp2_common/pico_stdio_uart/stdio_uart.c.obj
 .bss.chars_available_param
                0x00000000200004c8        0x4 CMakeFiles/read_max30003.dir/home/prem/pico/pico-sdk/src/rp2_common/pico_stdio_uart/stdio_uart.c.obj
 .bss.configured_freq
                0x00000000200004cc       0x28 CMakeFiles/read_max30003.dir/home/prem/pico/pico-sdk/src/rp2_common/hardware_clocks/clocks.c.obj
 .bss.default_alarm_pool_entry_ids_high
                0x00000000200004f4       0x10 CMakeFiles/read_max30003.dir/home/prem/pico/pico-sdk/src/common/pico_time/time.c.obj
 .bss.default_alarm_pool_heap_nodes
                0x0000000020000504       0x30 CMakeFiles/read_max30003.dir/home/prem/pico/pico-sdk/src/common/pico_time/time.c.obj
 .bss.drivers   0x0000000020000534        0x4 CMakeFiles/read_max30003.dir/home/prem/pico/pico-sdk/src/rp2_common/pico_stdio/stdio.c.obj
 .bss.filter    0x0000000020000538        0x4 CMakeFiles/read_max30003.dir/home/prem/pico/pico-sdk/src/rp2_common/pico_stdio/stdio.c.obj
 .bss.max30003  0x000000002000053c       0x18 CMakeFiles/read_max30003.dir/read_max30003.cpp.obj
                0x000000002000053c                max30003
 .bss.pools     0x0000000020000554       0x10 CMakeFiles/read_max30003.dir/home/prem/pico/pico-sdk/src/common/pico_time/time.c.obj
 .bss.raw_irq_mask
                0x0000000020000564        0x8 CMakeFiles/read_max30003.dir/home/prem/pico/pico-sdk/src/rp2_common/hardware_gpio/gpio.c.obj
 .bss.sd_table  0x000000002000056c      0x100 CMakeFiles/read_max30003.dir/home/prem/pico/pico-sdk/src/rp2_common/pico_double/double_init_rom.c.obj
                0x000000002000056c                sd_table
 .bss.sf_clz_func
                0x000000002000066c        0x4 CMakeFiles/read_max30003.dir/home/prem/pico/pico-sdk/src/rp2_common/pico_double/double_init_rom.c.obj
                0x000000002000066c                sf_clz_func
 .bss.sf_table  0x0000000020000670      0x100 CMakeFiles/read_max30003.dir/home/prem/pico/pico-sdk/src/rp2_common/pico_float/float_init_rom.c.obj
                0x0000000020000670                sf_table
 .bss.sleep_notifier
                0x0000000020000770        0x4 CMakeFiles/read_max30003.dir/home/prem/pico/pico-sdk/src/common/pico_time/time.c.obj
 .bss.target_hi
                0x0000000020000774       0x10 CMakeFiles/read_max30003.dir/home/prem/pico/pico-sdk/src/rp2_common/hardware_timer/timer.c.obj
 .bss.uart_char_to_line_feed
                0x0000000020000784        0x4 CMakeFiles/read_max30003.dir/home/prem/pico/pico-sdk/src/rp2_common/hardware_uart/uart.c.obj
                0x0000000020000784                uart_char_to_line_feed
 .bss.uart_instance
                0x0000000020000788        0x4 CMakeFiles/read_max30003.dir/home/prem/pico/pico-sdk/src/rp2_common/pico_stdio_uart/stdio_uart.c.obj
 .bss.claimed   0x000000002000078c        0x1 CMakeFiles/read_max30003.dir/home/prem/pico/pico-sdk/src/rp2_common/hardware_timer/timer.c.obj
 .bss.irq_hander_chain_free_slot_head
                0x000000002000078d        0x1 CMakeFiles/read_max30003.dir/home/prem/pico/pico-sdk/src/rp2_common/hardware_irq/irq.c.obj
 .bss.timer_callbacks_pending
                0x000000002000078e        0x1 CMakeFiles/read_max30003.dir/home/prem/pico/pico-sdk/src/rp2_common/hardware_timer/timer.c.obj
 *(COMMON)
                0x0000000020000790                . = ALIGN (0x4)
 *fill*         0x000000002000078f        0x1 
                0x0000000020000790                __bss_end__ = .

.heap           0x0000000020000790      0x800
                0x0000000020000790                __end__ = .
                0x0000000020000790                end = __end__
 *(.heap*)
 .heap          0x0000000020000790      0x800 CMakeFiles/read_max30003.dir/home/prem/pico/pico-sdk/src/rp2_common/pico_standard_link/crt0.S.obj
                0x0000000020000f90                __HeapLimit = .

.stack1_dummy   0x0000000020040000      0x800
 *(.stack1*)
 .stack1        0x0000000020040000      0x800 CMakeFiles/read_max30003.dir/home/prem/pico/pico-sdk/src/rp2_common/pico_multicore/multicore.c.obj

.stack_dummy    0x0000000020041000      0x800
 *(.stack*)
 .stack         0x0000000020041000      0x800 CMakeFiles/read_max30003.dir/home/prem/pico/pico-sdk/src/rp2_common/pico_standard_link/crt0.S.obj

.flash_end      0x000000001000656c        0x0
                0x000000001000656c                PROVIDE (__flash_binary_end = .)
                0x0000000020040000                __StackLimit = (ORIGIN (RAM) + LENGTH (RAM))
                0x0000000020041000                __StackOneTop = (ORIGIN (SCRATCH_X) + LENGTH (SCRATCH_X))
                0x0000000020042000                __StackTop = (ORIGIN (SCRATCH_Y) + LENGTH (SCRATCH_Y))
                0x0000000020040800                __StackOneBottom = (__StackOneTop - SIZEOF (.stack1_dummy))
                0x0000000020041800                __StackBottom = (__StackTop - SIZEOF (.stack_dummy))
                0x0000000020042000                PROVIDE (__stack = __StackTop)
                0x0000000000000001                ASSERT ((__StackLimit >= __HeapLimit), region RAM overflowed)
                0x0000000000000001                ASSERT (((__binary_info_header_end - __logical_binary_start) <= 0x100), Binary info must be in first 256 bytes of the binary)
LOAD CMakeFiles/read_max30003.dir/read_max30003.cpp.obj
LOAD CMakeFiles/read_max30003.dir/home/prem/pico/pico-sdk/src/rp2_common/pico_stdlib/stdlib.c.obj
LOAD CMakeFiles/read_max30003.dir/home/prem/pico/pico-sdk/src/rp2_common/hardware_gpio/gpio.c.obj
LOAD CMakeFiles/read_max30003.dir/home/prem/pico/pico-sdk/src/rp2_common/pico_platform/platform.c.obj
LOAD CMakeFiles/read_max30003.dir/home/prem/pico/pico-sdk/src/rp2_common/hardware_claim/claim.c.obj
LOAD CMakeFiles/read_max30003.dir/home/prem/pico/pico-sdk/src/rp2_common/hardware_sync/sync.c.obj
LOAD CMakeFiles/read_max30003.dir/home/prem/pico/pico-sdk/src/rp2_common/hardware_irq/irq.c.obj
LOAD CMakeFiles/read_max30003.dir/home/prem/pico/pico-sdk/src/rp2_common/hardware_irq/irq_handler_chain.S.obj
LOAD CMakeFiles/read_max30003.dir/home/prem/pico/pico-sdk/src/common/pico_sync/sem.c.obj
LOAD CMakeFiles/read_max30003.dir/home/prem/pico/pico-sdk/src/common/pico_sync/lock_core.c.obj
LOAD CMakeFiles/read_max30003.dir/home/prem/pico/pico-sdk/src/common/pico_sync/mutex.c.obj
LOAD CMakeFiles/read_max30003.dir/home/prem/pico/pico-sdk/src/common/pico_sync/critical_section.c.obj
LOAD CMakeFiles/read_max30003.dir/home/prem/pico/pico-sdk/src/common/pico_time/time.c.obj
LOAD CMakeFiles/read_max30003.dir/home/prem/pico/pico-sdk/src/common/pico_time/timeout_helper.c.obj
LOAD CMakeFiles/read_max30003.dir/home/prem/pico/pico-sdk/src/rp2_common/hardware_timer/timer.c.obj
LOAD CMakeFiles/read_max30003.dir/home/prem/pico/pico-sdk/src/common/pico_util/datetime.c.obj
LOAD CMakeFiles/read_max30003.dir/home/prem/pico/pico-sdk/src/common/pico_util/pheap.c.obj
LOAD CMakeFiles/read_max30003.dir/home/prem/pico/pico-sdk/src/common/pico_util/queue.c.obj
LOAD CMakeFiles/read_max30003.dir/home/prem/pico/pico-sdk/src/rp2_common/hardware_uart/uart.c.obj
LOAD CMakeFiles/read_max30003.dir/home/prem/pico/pico-sdk/src/rp2_common/hardware_clocks/clocks.c.obj
LOAD CMakeFiles/read_max30003.dir/home/prem/pico/pico-sdk/src/rp2_common/hardware_pll/pll.c.obj
LOAD CMakeFiles/read_max30003.dir/home/prem/pico/pico-sdk/src/rp2_common/hardware_vreg/vreg.c.obj
LOAD CMakeFiles/read_max30003.dir/home/prem/pico/pico-sdk/src/rp2_common/hardware_watchdog/watchdog.c.obj
LOAD CMakeFiles/read_max30003.dir/home/prem/pico/pico-sdk/src/rp2_common/hardware_xosc/xosc.c.obj
LOAD CMakeFiles/read_max30003.dir/home/prem/pico/pico-sdk/src/rp2_common/hardware_divider/divider.S.obj
LOAD CMakeFiles/read_max30003.dir/home/prem/pico/pico-sdk/src/rp2_common/pico_runtime/runtime.c.obj
LOAD CMakeFiles/read_max30003.dir/home/prem/pico/pico-sdk/src/rp2_common/pico_printf/printf.c.obj
LOAD CMakeFiles/read_max30003.dir/home/prem/pico/pico-sdk/src/rp2_common/pico_bit_ops/bit_ops_aeabi.S.obj
LOAD CMakeFiles/read_max30003.dir/home/prem/pico/pico-sdk/src/rp2_common/pico_bootrom/bootrom.c.obj
LOAD CMakeFiles/read_max30003.dir/home/prem/pico/pico-sdk/src/rp2_common/pico_divider/divider.S.obj
LOAD CMakeFiles/read_max30003.dir/home/prem/pico/pico-sdk/src/rp2_common/pico_double/double_aeabi.S.obj
LOAD CMakeFiles/read_max30003.dir/home/prem/pico/pico-sdk/src/rp2_common/pico_double/double_init_rom.c.obj
LOAD CMakeFiles/read_max30003.dir/home/prem/pico/pico-sdk/src/rp2_common/pico_double/double_math.c.obj
LOAD CMakeFiles/read_max30003.dir/home/prem/pico/pico-sdk/src/rp2_common/pico_double/double_v1_rom_shim.S.obj
LOAD CMakeFiles/read_max30003.dir/home/prem/pico/pico-sdk/src/rp2_common/pico_int64_ops/pico_int64_ops_aeabi.S.obj
LOAD CMakeFiles/read_max30003.dir/home/prem/pico/pico-sdk/src/rp2_common/pico_float/float_aeabi.S.obj
LOAD CMakeFiles/read_max30003.dir/home/prem/pico/pico-sdk/src/rp2_common/pico_float/float_init_rom.c.obj
LOAD CMakeFiles/read_max30003.dir/home/prem/pico/pico-sdk/src/rp2_common/pico_float/float_math.c.obj
LOAD CMakeFiles/read_max30003.dir/home/prem/pico/pico-sdk/src/rp2_common/pico_float/float_v1_rom_shim.S.obj
LOAD CMakeFiles/read_max30003.dir/home/prem/pico/pico-sdk/src/rp2_common/pico_malloc/pico_malloc.c.obj
LOAD CMakeFiles/read_max30003.dir/home/prem/pico/pico-sdk/src/rp2_common/pico_mem_ops/mem_ops_aeabi.S.obj
LOAD CMakeFiles/read_max30003.dir/home/prem/pico/pico-sdk/src/rp2_common/pico_standard_link/crt0.S.obj
LOAD CMakeFiles/read_max30003.dir/home/prem/pico/pico-sdk/src/rp2_common/pico_standard_link/new_delete.cpp.obj
LOAD CMakeFiles/read_max30003.dir/home/prem/pico/pico-sdk/src/rp2_common/pico_standard_link/binary_info.c.obj
LOAD CMakeFiles/read_max30003.dir/home/prem/pico/pico-sdk/src/rp2_common/pico_stdio/stdio.c.obj
LOAD CMakeFiles/read_max30003.dir/home/prem/pico/pico-sdk/src/rp2_common/pico_stdio_uart/stdio_uart.c.obj
LOAD CMakeFiles/read_max30003.dir/home/prem/pico/pico-sdk/src/rp2_common/hardware_spi/spi.c.obj
LOAD CMakeFiles/read_max30003.dir/home/prem/pico/pico-sdk/src/rp2_common/pico_multicore/multicore.c.obj
LOAD /tmp/ccX75DOT.o
LOAD /usr/lib/gcc/arm-none-eabi/10.3.1/../../../arm-none-eabi/lib/thumb/v6-m/nofp/libstdc++.a
LOAD /usr/lib/gcc/arm-none-eabi/10.3.1/../../../arm-none-eabi/lib/thumb/v6-m/nofp/libm.a
START GROUP
LOAD /usr/lib/gcc/arm-none-eabi/10.3.1/thumb/v6-m/nofp/libgcc.a
LOAD /usr/lib/gcc/arm-none-eabi/10.3.1/../../../arm-none-eabi/lib/thumb/v6-m/nofp/libg.a
LOAD /usr/lib/gcc/arm-none-eabi/10.3.1/../../../arm-none-eabi/lib/thumb/v6-m/nofp/libc.a
END GROUP
START GROUP
LOAD /usr/lib/gcc/arm-none-eabi/10.3.1/thumb/v6-m/nofp/libgcc.a
LOAD /usr/lib/gcc/arm-none-eabi/10.3.1/../../../arm-none-eabi/lib/thumb/v6-m/nofp/libc.a
LOAD /usr/lib/gcc/arm-none-eabi/10.3.1/../../../arm-none-eabi/lib/thumb/v6-m/nofp/libnosys.a
END GROUP
LOAD /usr/lib/gcc/arm-none-eabi/10.3.1/thumb/v6-m/nofp/crtend.o
LOAD /usr/lib/gcc/arm-none-eabi/10.3.1/thumb/v6-m/nofp/crtn.o
OUTPUT(read_max30003.elf elf32-littlearm)
LOAD linker stubs

.ARM.attributes
                0x0000000000000000       0x28
 .ARM.attributes
                0x0000000000000000       0x1e /usr/lib/gcc/arm-none-eabi/10.3.1/thumb/v6-m/nofp/crti.o
 .ARM.attributes
                0x000000000000001e       0x2c /usr/lib/gcc/arm-none-eabi/10.3.1/thumb/v6-m/nofp/crtbegin.o
 .ARM.attributes
                0x000000000000004a       0x2c CMakeFiles/read_max30003.dir/read_max30003.cpp.obj
 .ARM.attributes
                0x0000000000000076       0x2c CMakeFiles/read_max30003.dir/home/prem/pico/pico-sdk/src/rp2_common/hardware_gpio/gpio.c.obj
 .ARM.attributes
                0x00000000000000a2       0x2c CMakeFiles/read_max30003.dir/home/prem/pico/pico-sdk/src/rp2_common/pico_platform/platform.c.obj
 .ARM.attributes
                0x00000000000000ce       0x2c CMakeFiles/read_max30003.dir/home/prem/pico/pico-sdk/src/rp2_common/hardware_claim/claim.c.obj
 .ARM.attributes
                0x00000000000000fa       0x2c CMakeFiles/read_max30003.dir/home/prem/pico/pico-sdk/src/rp2_common/hardware_sync/sync.c.obj
 .ARM.attributes
                0x0000000000000126       0x2c CMakeFiles/read_max30003.dir/home/prem/pico/pico-sdk/src/rp2_common/hardware_irq/irq.c.obj
 .ARM.attributes
                0x0000000000000152       0x22 CMakeFiles/read_max30003.dir/home/prem/pico/pico-sdk/src/rp2_common/hardware_irq/irq_handler_chain.S.obj
 .ARM.attributes
                0x0000000000000174       0x2c CMakeFiles/read_max30003.dir/home/prem/pico/pico-sdk/src/common/pico_sync/lock_core.c.obj
 .ARM.attributes
                0x00000000000001a0       0x2c CMakeFiles/read_max30003.dir/home/prem/pico/pico-sdk/src/common/pico_sync/mutex.c.obj
 .ARM.attributes
                0x00000000000001cc       0x2c CMakeFiles/read_max30003.dir/home/prem/pico/pico-sdk/src/common/pico_time/time.c.obj
 .ARM.attributes
                0x00000000000001f8       0x2c CMakeFiles/read_max30003.dir/home/prem/pico/pico-sdk/src/rp2_common/hardware_timer/timer.c.obj
 .ARM.attributes
                0x0000000000000224       0x2c CMakeFiles/read_max30003.dir/home/prem/pico/pico-sdk/src/common/pico_util/pheap.c.obj
 .ARM.attributes
                0x0000000000000250       0x2c CMakeFiles/read_max30003.dir/home/prem/pico/pico-sdk/src/rp2_common/hardware_uart/uart.c.obj
 .ARM.attributes
                0x000000000000027c       0x2c CMakeFiles/read_max30003.dir/home/prem/pico/pico-sdk/src/rp2_common/hardware_clocks/clocks.c.obj
 .ARM.attributes
                0x00000000000002a8       0x2c CMakeFiles/read_max30003.dir/home/prem/pico/pico-sdk/src/rp2_common/hardware_pll/pll.c.obj
 .ARM.attributes
                0x00000000000002d4       0x2c CMakeFiles/read_max30003.dir/home/prem/pico/pico-sdk/src/rp2_common/hardware_watchdog/watchdog.c.obj
 .ARM.attributes
                0x0000000000000300       0x2c CMakeFiles/read_max30003.dir/home/prem/pico/pico-sdk/src/rp2_common/hardware_xosc/xosc.c.obj
 .ARM.attributes
                0x000000000000032c       0x2c CMakeFiles/read_max30003.dir/home/prem/pico/pico-sdk/src/rp2_common/pico_runtime/runtime.c.obj
 .ARM.attributes
                0x0000000000000358       0x2c CMakeFiles/read_max30003.dir/home/prem/pico/pico-sdk/src/rp2_common/pico_printf/printf.c.obj
 .ARM.attributes
                0x0000000000000384       0x22 CMakeFiles/read_max30003.dir/home/prem/pico/pico-sdk/src/rp2_common/pico_bit_ops/bit_ops_aeabi.S.obj
 .ARM.attributes
                0x00000000000003a6       0x2c CMakeFiles/read_max30003.dir/home/prem/pico/pico-sdk/src/rp2_common/pico_bootrom/bootrom.c.obj
 .ARM.attributes
                0x00000000000003d2       0x22 CMakeFiles/read_max30003.dir/home/prem/pico/pico-sdk/src/rp2_common/pico_divider/divider.S.obj
 .ARM.attributes
                0x00000000000003f4       0x22 CMakeFiles/read_max30003.dir/home/prem/pico/pico-sdk/src/rp2_common/pico_double/double_aeabi.S.obj
 .ARM.attributes
                0x0000000000000416       0x2c CMakeFiles/read_max30003.dir/home/prem/pico/pico-sdk/src/rp2_common/pico_double/double_init_rom.c.obj
 .ARM.attributes
                0x0000000000000442       0x22 CMakeFiles/read_max30003.dir/home/prem/pico/pico-sdk/src/rp2_common/pico_double/double_v1_rom_shim.S.obj
 .ARM.attributes
                0x0000000000000464       0x22 CMakeFiles/read_max30003.dir/home/prem/pico/pico-sdk/src/rp2_common/pico_int64_ops/pico_int64_ops_aeabi.S.obj
 .ARM.attributes
                0x0000000000000486       0x22 CMakeFiles/read_max30003.dir/home/prem/pico/pico-sdk/src/rp2_common/pico_float/float_aeabi.S.obj
 .ARM.attributes
                0x00000000000004a8       0x2c CMakeFiles/read_max30003.dir/home/prem/pico/pico-sdk/src/rp2_common/pico_float/float_init_rom.c.obj
 .ARM.attributes
                0x00000000000004d4       0x22 CMakeFiles/read_max30003.dir/home/prem/pico/pico-sdk/src/rp2_common/pico_float/float_v1_rom_shim.S.obj
 .ARM.attributes
                0x00000000000004f6       0x2c CMakeFiles/read_max30003.dir/home/prem/pico/pico-sdk/src/rp2_common/pico_malloc/pico_malloc.c.obj
 .ARM.attributes
                0x0000000000000522       0x22 CMakeFiles/read_max30003.dir/home/prem/pico/pico-sdk/src/rp2_common/pico_mem_ops/mem_ops_aeabi.S.obj
 .ARM.attributes
                0x0000000000000544       0x22 CMakeFiles/read_max30003.dir/home/prem/pico/pico-sdk/src/rp2_common/pico_standard_link/crt0.S.obj
 .ARM.attributes
                0x0000000000000566       0x32 CMakeFiles/read_max30003.dir/home/prem/pico/pico-sdk/src/rp2_common/pico_standard_link/binary_info.c.obj
 .ARM.attributes
                0x0000000000000598       0x2c CMakeFiles/read_max30003.dir/home/prem/pico/pico-sdk/src/rp2_common/pico_stdio/stdio.c.obj
 .ARM.attributes
                0x00000000000005c4       0x2c CMakeFiles/read_max30003.dir/home/prem/pico/pico-sdk/src/rp2_common/pico_stdio_uart/stdio_uart.c.obj
 .ARM.attributes
                0x00000000000005f0       0x2c CMakeFiles/read_max30003.dir/home/prem/pico/pico-sdk/src/rp2_common/hardware_spi/spi.c.obj
 .ARM.attributes
                0x000000000000061c       0x2c CMakeFiles/read_max30003.dir/home/prem/pico/pico-sdk/src/rp2_common/pico_multicore/multicore.c.obj
 .ARM.attributes
                0x0000000000000648       0x22 /tmp/ccX75DOT.o
 .ARM.attributes
                0x000000000000066a       0x1e /usr/lib/gcc/arm-none-eabi/10.3.1/thumb/v6-m/nofp/libgcc.a(_dvmd_tls.o)
 .ARM.attributes
                0x0000000000000688       0x2c /usr/lib/gcc/arm-none-eabi/10.3.1/../../../arm-none-eabi/lib/thumb/v6-m/nofp/libg.a(lib_a-strlen-stub.o)
 .ARM.attributes
                0x00000000000006b4       0x2c /usr/lib/gcc/arm-none-eabi/10.3.1/thumb/v6-m/nofp/crtend.o

.comment        0x0000000000000000       0x33
 .comment       0x0000000000000000       0x33 /usr/lib/gcc/arm-none-eabi/10.3.1/thumb/v6-m/nofp/crtbegin.o
                                         0x34 (size before relaxing)
 .comment       0x0000000000000033       0x34 CMakeFiles/read_max30003.dir/read_max30003.cpp.obj
 .comment       0x0000000000000033       0x34 CMakeFiles/read_max30003.dir/home/prem/pico/pico-sdk/src/rp2_common/hardware_gpio/gpio.c.obj
 .comment       0x0000000000000033       0x34 CMakeFiles/read_max30003.dir/home/prem/pico/pico-sdk/src/rp2_common/pico_platform/platform.c.obj
 .comment       0x0000000000000033       0x34 CMakeFiles/read_max30003.dir/home/prem/pico/pico-sdk/src/rp2_common/hardware_claim/claim.c.obj
 .comment       0x0000000000000033       0x34 CMakeFiles/read_max30003.dir/home/prem/pico/pico-sdk/src/rp2_common/hardware_sync/sync.c.obj
 .comment       0x0000000000000033       0x34 CMakeFiles/read_max30003.dir/home/prem/pico/pico-sdk/src/rp2_common/hardware_irq/irq.c.obj
 .comment       0x0000000000000033       0x34 CMakeFiles/read_max30003.dir/home/prem/pico/pico-sdk/src/common/pico_sync/lock_core.c.obj
 .comment       0x0000000000000033       0x34 CMakeFiles/read_max30003.dir/home/prem/pico/pico-sdk/src/common/pico_sync/mutex.c.obj
 .comment       0x0000000000000033       0x34 CMakeFiles/read_max30003.dir/home/prem/pico/pico-sdk/src/common/pico_time/time.c.obj
 .comment       0x0000000000000033       0x34 CMakeFiles/read_max30003.dir/home/prem/pico/pico-sdk/src/rp2_common/hardware_timer/timer.c.obj
 .comment       0x0000000000000033       0x34 CMakeFiles/read_max30003.dir/home/prem/pico/pico-sdk/src/common/pico_util/pheap.c.obj
 .comment       0x0000000000000033       0x34 CMakeFiles/read_max30003.dir/home/prem/pico/pico-sdk/src/rp2_common/hardware_uart/uart.c.obj
 .comment       0x0000000000000033       0x34 CMakeFiles/read_max30003.dir/home/prem/pico/pico-sdk/src/rp2_common/hardware_clocks/clocks.c.obj
 .comment       0x0000000000000033       0x34 CMakeFiles/read_max30003.dir/home/prem/pico/pico-sdk/src/rp2_common/hardware_pll/pll.c.obj
 .comment       0x0000000000000033       0x34 CMakeFiles/read_max30003.dir/home/prem/pico/pico-sdk/src/rp2_common/hardware_watchdog/watchdog.c.obj
 .comment       0x0000000000000033       0x34 CMakeFiles/read_max30003.dir/home/prem/pico/pico-sdk/src/rp2_common/hardware_xosc/xosc.c.obj
 .comment       0x0000000000000033       0x34 CMakeFiles/read_max30003.dir/home/prem/pico/pico-sdk/src/rp2_common/pico_runtime/runtime.c.obj
 .comment       0x0000000000000033       0x34 CMakeFiles/read_max30003.dir/home/prem/pico/pico-sdk/src/rp2_common/pico_printf/printf.c.obj
 .comment       0x0000000000000033       0x34 CMakeFiles/read_max30003.dir/home/prem/pico/pico-sdk/src/rp2_common/pico_bootrom/bootrom.c.obj
 .comment       0x0000000000000033       0x34 CMakeFiles/read_max30003.dir/home/prem/pico/pico-sdk/src/rp2_common/pico_double/double_init_rom.c.obj
 .comment       0x0000000000000033       0x34 CMakeFiles/read_max30003.dir/home/prem/pico/pico-sdk/src/rp2_common/pico_float/float_init_rom.c.obj
 .comment       0x0000000000000033       0x34 CMakeFiles/read_max30003.dir/home/prem/pico/pico-sdk/src/rp2_common/pico_malloc/pico_malloc.c.obj
 .comment       0x0000000000000033       0x34 CMakeFiles/read_max30003.dir/home/prem/pico/pico-sdk/src/rp2_common/pico_standard_link/binary_info.c.obj